[    0.000000] Linux version 4.14.24-linuxkit (root@e53720066772) (gcc version 6.4.0 (Alpine 6.4.0)) #1 SMP Wed Sep 4 17:36:30 UTC 2019
[    0.000000] Command line: console=tty0 console=ttyS0 console=ttyAMA0
[    0.000000] x86/fpu: x87 FPU will use FXSAVE
[    0.000000] e820: BIOS-provided physical RAM map:
[    0.000000] BIOS-e820: [mem 0x0000000000000000-0x000000000009fbff] usable
[    0.000000] BIOS-e820: [mem 0x000000000009fc00-0x000000000009ffff] reserved
[    0.000000] BIOS-e820: [mem 0x00000000000f0000-0x00000000000fffff] reserved
[    0.000000] BIOS-e820: [mem 0x0000000000100000-0x000000007ffdefff] usable
[    0.000000] BIOS-e820: [mem 0x000000007ffdf000-0x000000007fffffff] reserved
[    0.000000] BIOS-e820: [mem 0x00000000b0000000-0x00000000bfffffff] reserved
[    0.000000] BIOS-e820: [mem 0x00000000feffc000-0x00000000feffffff] reserved
[    0.000000] BIOS-e820: [mem 0x00000000fffc0000-0x00000000ffffffff] reserved
[    0.000000] BIOS-e820: [mem 0x0000000100000000-0x000000017fffffff] usable
[    0.000000] NX (Execute Disable) protection: active
[    0.000000] random: fast init done
[    0.000000] SMBIOS 2.8 present.
[    0.000000] DMI: QEMU Standard PC (Q35 + ICH9, 2009), BIOS Ubuntu-1.8.2-1ubuntu1 04/01/2014
[    0.000000] Hypervisor detected: KVM
[    0.000000] tsc: Fast TSC calibration using PIT
[    0.000000] e820: last_pfn = 0x180000 max_arch_pfn = 0x400000000
[    0.000000] x86/PAT: PAT not supported by CPU.
[    0.000000] x86/PAT: Configuration [0-7]: WB  WT  UC- UC  WB  WT  UC- UC  
[    0.000000] e820: last_pfn = 0x7ffdf max_arch_pfn = 0x400000000
[    0.000000] found SMP MP-table at [mem 0x000f6630-0x000f663f] mapped at [ffffffffff200630]
[    0.000000] RAMDISK: [mem 0x749c6000-0x7ffcffff]
[    0.000000] ACPI: Early table checksum verification disabled
[    0.000000] ACPI: RSDP 0x00000000000F6440 000014 (v00 BOCHS )
[    0.000000] ACPI: RSDT 0x000000007FFE2267 000038 (v01 BOCHS  BXPCRSDT 00000001 BXPC 00000001)
[    0.000000] ACPI: FACP 0x000000007FFE1E32 000074 (v01 BOCHS  BXPCFACP 00000001 BXPC 00000001)
[    0.000000] ACPI: DSDT 0x000000007FFE0040 001DF2 (v01 BOCHS  BXPCDSDT 00000001 BXPC 00000001)
[    0.000000] ACPI: FACS 0x000000007FFE0000 000040
[    0.000000] ACPI: SSDT 0x000000007FFE1EA6 0002D5 (v01 BOCHS  BXPCSSDT 00000001 BXPC 00000001)
[    0.000000] ACPI: APIC 0x000000007FFE217B 000078 (v01 BOCHS  BXPCAPIC 00000001 BXPC 00000001)
[    0.000000] ACPI: HPET 0x000000007FFE21F3 000038 (v01 BOCHS  BXPCHPET 00000001 BXPC 00000001)
[    0.000000] ACPI: MCFG 0x000000007FFE222B 00003C (v01 BOCHS  BXPCMCFG 00000001 BXPC 00000001)
[    0.000000] kvm-clock: Using msrs 4b564d01 and 4b564d00
[    0.000000] kvm-clock: cpu 0, msr 1:7fffd001, primary cpu clock
[    0.000000] kvm-clock: using sched offset of 20671854111 cycles
[    0.000000] clocksource: kvm-clock: mask: 0xffffffffffffffff max_cycles: 0x1cd42e4dffb, max_idle_ns: 881590591483 ns
[    0.000000] Zone ranges:
[    0.000000]   DMA      [mem 0x0000000000001000-0x0000000000ffffff]
[    0.000000]   DMA32    [mem 0x0000000001000000-0x00000000ffffffff]
[    0.000000]   Normal   [mem 0x0000000100000000-0x000000017fffffff]
[    0.000000]   Device   empty
[    0.000000] Movable zone start for each node
[    0.000000] Early memory node ranges
[    0.000000]   node   0: [mem 0x0000000000001000-0x000000000009efff]
[    0.000000]   node   0: [mem 0x0000000000100000-0x000000007ffdefff]
[    0.000000]   node   0: [mem 0x0000000100000000-0x000000017fffffff]
[    0.000000] Initmem setup node 0 [mem 0x0000000000001000-0x000000017fffffff]
[    0.000000] ACPI: PM-Timer IO Port: 0x608
[    0.000000] ACPI: LAPIC_NMI (acpi_id[0xff] dfl dfl lint[0x1])
[    0.000000] IOAPIC[0]: apic_id 0, version 17, address 0xfec00000, GSI 0-23
[    0.000000] ACPI: INT_SRC_OVR (bus 0 bus_irq 0 global_irq 2 dfl dfl)
[    0.000000] ACPI: INT_SRC_OVR (bus 0 bus_irq 5 global_irq 5 high level)
[    0.000000] ACPI: INT_SRC_OVR (bus 0 bus_irq 9 global_irq 9 high level)
[    0.000000] ACPI: INT_SRC_OVR (bus 0 bus_irq 10 global_irq 10 high level)
[    0.000000] ACPI: INT_SRC_OVR (bus 0 bus_irq 11 global_irq 11 high level)
[    0.000000] Using ACPI (MADT) for SMP configuration information
[    0.000000] Using ACPI for processor (LAPIC) configuration information
[    0.000000] ACPI: HPET id: 0x8086a201 base: 0xfed00000
[    0.000000] smpboot: Allowing 1 CPUs, 0 hotplug CPUs
[    0.000000] e820: [mem 0xc0000000-0xfeffbfff] available for PCI devices
[    0.000000] Booting paravirtualized kernel on KVM
[    0.000000] clocksource: refined-jiffies: mask: 0xffffffff max_cycles: 0xffffffff, max_idle_ns: 19112604462750000 ns
[    0.000000] setup_percpu: NR_CPUS:128 nr_cpumask_bits:128 nr_cpu_ids:1 nr_node_ids:1
[    0.000000] percpu: Embedded 44 pages/cpu @ffff9dd67fc00000 s143192 r8192 d28840 u2097152
[    0.000000] KVM setup async PF for cpu 0
[    0.000000] kvm-stealtime: cpu 0, msr 17fc15f00
[    0.000000] Built 1 zonelists, mobility grouping on.  Total pages: 1032040
[    0.000000] Kernel command line: console=tty0 console=ttyS0 console=ttyAMA0
[    0.000000] PID hash table entries: 4096 (order: 3, 32768 bytes)
[    0.000000] Dentry cache hash table entries: 524288 (order: 10, 4194304 bytes)
[    0.000000] Inode-cache hash table entries: 262144 (order: 9, 2097152 bytes)
[    0.000000] Memory: 3844116K/4193780K available (12300K kernel code, 1452K rwdata, 2980K rodata, 1584K init, 628K bss, 349664K reserved, 0K cma-reserved)
[    0.000000] Kernel/User page tables isolation: enabled
[    0.000000] ftrace: allocating 41054 entries in 161 pages
[    0.010000] Hierarchical RCU implementation.
[    0.010000] 	RCU restricting CPUs from NR_CPUS=128 to nr_cpu_ids=1.
[    0.010000] RCU: Adjusting geometry for rcu_fanout_leaf=16, nr_cpu_ids=1
[    0.010000] NR_IRQS: 8448, nr_irqs: 256, preallocated irqs: 16
[    0.010000] Console: colour VGA+ 80x25
[    0.010000] console [tty0] enabled
[    0.010000] console [ttyS0] enabled
[    0.010000] clocksource: hpet: mask: 0xffffffff max_cycles: 0xffffffff, max_idle_ns: 19112604467 ns
[    0.010009] tsc: Detected 2993.200 MHz processor
[    0.011055] Calibrating delay loop (skipped) preset value.. 5986.40 BogoMIPS (lpj=29932000)
[    0.011798] pid_max: default: 32768 minimum: 301
[    0.012844] ACPI: Core revision 20170728
[    0.014630] ACPI: 2 ACPI AML tables successfully acquired and loaded
[    0.016028] Security Framework initialized
[    0.016957] Yama: becoming mindful.
[    0.017809] Mount-cache hash table entries: 8192 (order: 4, 65536 bytes)
[    0.020010] Mountpoint-cache hash table entries: 8192 (order: 4, 65536 bytes)
[    0.021766] Last level iTLB entries: 4KB 0, 2MB 0, 4MB 0
[    0.022942] Last level dTLB entries: 4KB 0, 2MB 0, 4MB 0, 1GB 0
[    0.024219] Spectre V2 : Vulnerable: Minimal generic ASM retpoline
[    0.029439] Freeing SMP alternatives memory: 20K
[    0.030402] smpboot: Max logical packages: 1
[    0.031692] x2apic enabled
[    0.032736] Switched APIC routing to physical x2apic.
[    0.035364] ..TIMER: vector=0x30 apic1=0 pin1=2 apic2=-1 pin2=-1
[    0.040000] smpboot: CPU0: Intel QEMU Virtual CPU version 2.5+ (family: 0x6, model: 0x6, stepping: 0x3)
[    0.040000] Performance Events: PMU not available due to virtualization, using software events only.
[    0.040000] Hierarchical SRCU implementation.
[    0.040000] NMI watchdog: Perf event create on CPU 0 failed with -2
[    0.040000] NMI watchdog: Perf NMI watchdog permanently disabled
[    0.040000] smp: Bringing up secondary CPUs ...
[    0.040000] smp: Brought up 1 node, 1 CPU
[    0.040003] smpboot: Total of 1 processors activated (5986.40 BogoMIPS)
[    0.041873] devtmpfs: initialized
[    0.042718] x86/mm: Memory block size: 128MB
[    0.044107] clocksource: jiffies: mask: 0xffffffff max_cycles: 0xffffffff, max_idle_ns: 19112604462750000 ns
[    0.046156] futex hash table entries: 256 (order: 2, 16384 bytes)
[    0.047579] NET: Registered protocol family 16
[    0.048696] cpuidle: using governor ladder
[    0.049619] cpuidle: using governor menu
[    0.050055] ACPI: bus type PCI registered
[    0.051082] PCI: MMCONFIG for domain 0000 [bus 00-ff] at [mem 0xb0000000-0xbfffffff] (base 0xb0000000)
[    0.053034] PCI: MMCONFIG at [mem 0xb0000000-0xbfffffff] reserved in E820
[    0.054454] PCI: Using configuration type 1 for base access
[    0.057042] HugeTLB registered 2.00 MiB page size, pre-allocated 0 pages
[    0.058614] ACPI: Added _OSI(Module Device)
[    0.060005] ACPI: Added _OSI(Processor Device)
[    0.060996] ACPI: Added _OSI(3.0 _SCP Extensions)
[    0.062063] ACPI: Added _OSI(Processor Aggregator Device)
[    0.065630] ACPI: Interpreter enabled
[    0.066487] ACPI: (supports S0 S5)
[    0.067276] ACPI: Using IOAPIC for interrupt routing
[    0.068372] PCI: Using host bridge windows from ACPI; if necessary, use "pci=nocrs" and report a bug
[    0.070477] ACPI: Enabled 16 GPEs in block 00 to 3F
[    0.073704] ACPI: PCI Root Bridge [PCI0] (domain 0000 [bus 00-ff])
[    0.075015] acpi PNP0A08:00: _OSC: OS supports [ExtendedConfig ASPM ClockPM Segments MSI]
[    0.076868] acpi PNP0A08:00: _OSC: OS now controls [PCIeHotplug PME PCIeCapability]
[    0.078546] PCI host bridge to bus 0000:00
[    0.079467] pci_bus 0000:00: root bus resource [io  0x0000-0x0cf7 window]
[    0.080013] pci_bus 0000:00: root bus resource [io  0x0d00-0xffff window]
[    0.081469] pci_bus 0000:00: root bus resource [mem 0x000a0000-0x000bffff window]
[    0.083076] pci_bus 0000:00: root bus resource [mem 0xc0000000-0xfebfffff window]
[    0.084683] pci_bus 0000:00: root bus resource [bus 00-ff]
[    0.108745] pci 0000:00:1f.0: quirk: [io  0x0600-0x067f] claimed by ICH6 ACPI/GPIO/TCO
[    0.122290] ACPI: PCI Interrupt Link [LNKA] (IRQs 5 *10 11)
[    0.123604] ACPI: PCI Interrupt Link [LNKB] (IRQs 5 *10 11)
[    0.124897] ACPI: PCI Interrupt Link [LNKC] (IRQs 5 10 *11)
[    0.126175] ACPI: PCI Interrupt Link [LNKD] (IRQs 5 10 *11)
[    0.127451] ACPI: PCI Interrupt Link [LNKE] (IRQs 5 *10 11)
[    0.128727] ACPI: PCI Interrupt Link [LNKF] (IRQs 5 *10 11)
[    0.130089] ACPI: PCI Interrupt Link [LNKG] (IRQs 5 10 *11)
[    0.131667] ACPI: PCI Interrupt Link [LNKH] (IRQs 5 10 *11)
[    0.132909] ACPI: PCI Interrupt Link [GSIA] (IRQs *16)
[    0.134044] ACPI: PCI Interrupt Link [GSIB] (IRQs *17)
[    0.135159] ACPI: PCI Interrupt Link [GSIC] (IRQs *18)
[    0.136273] ACPI: PCI Interrupt Link [GSID] (IRQs *19)
[    0.137397] ACPI: PCI Interrupt Link [GSIE] (IRQs *20)
[    0.138515] ACPI: PCI Interrupt Link [GSIF] (IRQs *21)
[    0.140010] ACPI: PCI Interrupt Link [GSIG] (IRQs *22)
[    0.141127] ACPI: PCI Interrupt Link [GSIH] (IRQs *23)
[    0.150016] acpi LNXCPU:00: Invalid PBLK length [0]
[    0.151273] SCSI subsystem initialized
[    0.152196] ACPI: bus type USB registered
[    0.153123] usbcore: registered new interface driver usbfs
[    0.154306] usbcore: registered new interface driver hub
[    0.155486] usbcore: registered new device driver usb
[    0.156590] pps_core: LinuxPPS API ver. 1 registered
[    0.157670] pps_core: Software ver. 5.3.6 - Copyright 2005-2007 Rodolfo Giometti <giometti@linux.it>
[    0.159587] PTP clock support registered
[    0.160045] PCI: Using ACPI for IRQ routing
[    0.237236] NetLabel: Initializing
[    0.238034] NetLabel:  domain hash size = 128
[    0.238999] NetLabel:  protocols = UNLABELED CIPSOv4 CALIPSO
[    0.240018] NetLabel:  unlabeled traffic allowed by default
[    0.241311] HPET: 3 timers in total, 0 timers will be used for per-cpu timer
[    0.242815] hpet0: at MMIO 0xfed00000, IRQs 2, 8, 0
[    0.243879] hpet0: 3 comparators, 64-bit 100.000000 MHz counter
[    0.249278] clocksource: Switched to clocksource kvm-clock
[    0.254096] VFS: Disk quotas dquot_6.6.0
[    0.255082] VFS: Dquot-cache hash table entries: 512 (order 0, 4096 bytes)
[    0.256608] FS-Cache: Loaded
[    0.257381] CacheFiles: Loaded
[    0.258150] pnp: PnP ACPI init
[    0.259449] pnp: PnP ACPI: found 5 devices
[    0.266123] clocksource: acpi_pm: mask: 0xffffff max_cycles: 0xffffff, max_idle_ns: 2085701024 ns
[    0.268114] NET: Registered protocol family 2
[    0.269404] TCP established hash table entries: 32768 (order: 6, 262144 bytes)
[    0.271068] TCP bind hash table entries: 32768 (order: 7, 524288 bytes)
[    0.272537] TCP: Hash tables configured (established 32768 bind 32768)
[    0.273925] UDP hash table entries: 2048 (order: 4, 65536 bytes)
[    0.275201] UDP-Lite hash table entries: 2048 (order: 4, 65536 bytes)
[    0.276595] NET: Registered protocol family 1
[    0.277610] pci 0000:00:01.0: Video device with shadowed ROM at [mem 0x000c0000-0x000dffff]
[    0.279523] Trying to unpack rootfs image as initramfs...
[    2.656902] Freeing initrd memory: 186408K
[    2.658087] PCI-DMA: Using software bounce buffering for IO (SWIOTLB)
[    2.659500] software IO TLB [mem 0x709c6000-0x749c6000] (64MB) mapped at [ffff9dd5709c6000-ffff9dd5749c5fff]
[    2.662296] PCLMULQDQ-NI instructions are not detected.
[    2.663488] AVX or AES-NI instructions are not detected.
[    2.664667] CPU feature 'AVX registers' is not supported.
[    2.665863] CPU feature 'AVX registers' is not supported.
[    2.667059] CPU feature 'AVX registers' is not supported.
[    2.668267] CPU feature 'AVX registers' is not supported.
[    2.669471] AVX2 or AES-NI instructions are not detected.
[    2.670673] AVX2 instructions are not detected.
[    2.671860] audit: initializing netlink subsys (disabled)
[    2.673321] audit: type=2000 audit(1567623321.148:1): state=initialized audit_enabled=0 res=1
[    2.675200] workingset: timestamp_bits=46 max_order=20 bucket_order=0
[    2.676755] squashfs: version 4.0 (2009/01/31) Phillip Lougher
[    2.678093] FS-Cache: Netfs 'cifs' registered for caching
[    2.679306] fuse init (API version 7.26)
[    2.680319] SGI XFS with ACLs, security attributes, no debug enabled
[    2.681972] 9p: Installing v9fs 9p2000 file system support
[    2.683202] FS-Cache: Netfs '9p' registered for caching
[    2.685380] NET: Registered protocol family 38
[    2.686404] Key type asymmetric registered
[    2.687355] Asymmetric key parser 'x509' registered
[    2.688462] Block layer SCSI generic (bsg) driver version 0.4 loaded (major 248)
[    2.690135] io scheduler noop registered
[    2.691058] io scheduler deadline registered (default)
[    2.692224] io scheduler cfq registered
[    2.693139] io scheduler mq-deadline registered
[    2.694175] io scheduler kyber registered
[    2.695175] shpchp: Standard Hot Plug PCI Controller Driver version: 0.4
[    2.696633] hv_vmbus: registering driver hyperv_fb
[    2.697769] input: Power Button as /devices/LNXSYSTM:00/LNXPWRBN:00/input/input0
[    2.699428] ACPI: Power Button [PWRF]
[    2.700397] button: probe of LNXPWRBN:00 failed with error -22
[    2.702131] ACPI: PCI Interrupt Link [GSIG] enabled at IRQ 22
[    2.703450] virtio-pci 0000:00:02.0: virtio_pci: leaving for legacy driver
[    2.705593] ACPI: PCI Interrupt Link [GSIH] enabled at IRQ 23
[    2.706928] virtio-pci 0000:00:03.0: virtio_pci: leaving for legacy driver
[    2.708867] Serial: 8250/16550 driver, 4 ports, IRQ sharing disabled
[    2.732907] 00:04: ttyS0 at I/O 0x3f8 (irq = 4, base_baud = 115200) is a 16550A
[    2.734879] Non-volatile memory driver v1.3
[    2.736029] !!! Set our kernel_init_done FLAG !!!
[    2.737294] Hangcheck: starting hangcheck timer 0.9.1 (tick is 180 seconds, margin is 60 seconds).
[    2.739872] random: crng init done
[    2.741842] brd: module loaded
[    2.743848] loop: module loaded
[    2.747218] lpc_ich 0000:00:1f.0: RCBA is disabled by hardware/BIOS, device disabled
[    2.748960] lpc_ich 0000:00:1f.0: I/O space for GPIO uninitialized
[    2.750297] lpc_ich 0000:00:1f.0: No MFD cells added
[    2.751436] VMware PVSCSI driver - version 1.0.7.0-k
[    2.752535] hv_vmbus: registering driver hv_storvsc
[    2.754028] ACPI: PCI Interrupt Link [GSIA] enabled at IRQ 16
[    2.755913] ahci 0000:00:1f.2: AHCI 0001.0000 32 slots 6 ports 1.5 Gbps 0x3f impl SATA mode
[    2.757679] ahci 0000:00:1f.2: flags: ncq only 
[    2.759546] scsi host0: ahci
[    2.760321] scsi host1: ahci
[    2.761092] scsi host2: ahci
[    2.761841] scsi host3: ahci
[    2.762589] scsi host4: ahci
[    2.763332] scsi host5: ahci
[    2.764069] ata1: SATA max UDMA/133 abar m4096@0xfebd2000 port 0xfebd2100 irq 24
[    2.765669] ata2: SATA max UDMA/133 abar m4096@0xfebd2000 port 0xfebd2180 irq 24
[    2.767264] ata3: SATA max UDMA/133 abar m4096@0xfebd2000 port 0xfebd2200 irq 24
[    2.768858] ata4: SATA max UDMA/133 abar m4096@0xfebd2000 port 0xfebd2280 irq 24
[    2.770468] ata5: SATA max UDMA/133 abar m4096@0xfebd2000 port 0xfebd2300 irq 24
[    2.772064] ata6: SATA max UDMA/133 abar m4096@0xfebd2000 port 0xfebd2380 irq 24
[    2.774151] tun: Universal TUN/TAP device driver, 1.6
[    2.776112] VMware vmxnet3 virtual NIC driver - version 1.4.a.0-k-NAPI
[    2.777527] hv_vmbus: registering driver hv_netvsc
[    2.778578] Fusion MPT base driver 3.04.20
[    2.779504] Copyright (c) 1999-2008 LSI Corporation
[    2.780600] Fusion MPT SPI Host driver 3.04.20
[    2.781625] i8042: PNP: PS/2 Controller [PNP0303:KBD,PNP0f13:MOU] at 0x60,0x64 irq 1,12
[    2.784148] serio: i8042 KBD port at 0x60,0x64 irq 1
[    2.785228] serio: i8042 AUX port at 0x60,0x64 irq 12
[    2.786375] hv_vmbus: registering driver hyperv_keyboard
[    2.787567] mousedev: PS/2 mouse device common for all mice
[    2.789034] input: AT Translated Set 2 keyboard as /devices/platform/i8042/serio0/input/input1
[    2.791096] input: PC Speaker as /devices/platform/pcspkr/input/input3
[    2.792563] rtc_cmos 00:00: RTC can wake from S4
[    2.793907] rtc_cmos 00:00: rtc core: registered rtc_cmos as rtc0
[    2.795358] rtc_cmos 00:00: alarms up to one day, 114 bytes nvram, hpet irqs
[    2.796843] i2c /dev entries driver
[    2.797699] device-mapper: ioctl: 4.37.0-ioctl (2017-09-20) initialised: dm-devel@redhat.com
[    2.799586] usbcore: registered new interface driver usbhid
[    2.800797] usbhid: USB HID core driver
[    2.801689] hv_utils: Registering HyperV Utility Driver
[    2.802816] hv_vmbus: registering driver hv_util
[    2.803833] hv_vmbus: registering driver hv_balloon
[    2.804914] oprofile: using NMI interrupt.
[    2.805855] GACT probability on
[    2.806596] Mirror/redirect action on
[    2.807436] Simple TC action Loaded
[    2.808248] u32 classifier
[    2.808905]     Performance counters on
[    2.809771]     input device check on
[    2.810620]     Actions configured
[    2.811496] Netfilter messages via NETLINK v0.30.
[    2.812571] nfnl_acct: registering with nfnetlink.
[    2.813679] nf_conntrack version 0.5.0 (16384 buckets, 65536 max)
[    2.815017] ctnetlink v0.93: registering with nfnetlink.
[    2.816352] nf_tables: (c) 2007-2009 Patrick McHardy <kaber@trash.net>
[    2.817757] nf_tables_compat: (c) 2012 Pablo Neira Ayuso <pablo@netfilter.org>
[    2.819387] xt_time: kernel timezone is -0000
[    2.820417] ip_set: protocol 6
[    2.821173] IPVS: Registered protocols (TCP, UDP, SCTP, AH, ESP)
[    2.822459] IPVS: Connection hash table configured (size=4096, memory=64Kbytes)
[    2.824127] IPVS: ipvs loaded.
[    2.824853] IPVS: [rr] scheduler registered.
[    2.825814] IPVS: [wrr] scheduler registered.
[    2.826822] IPVS: [lc] scheduler registered.
[    2.827789] IPVS: [wlc] scheduler registered.
[    2.828749] IPVS: [fo] scheduler registered.
[    2.829693] IPVS: [ovf] scheduler registered.
[    2.830675] IPVS: [lblc] scheduler registered.
[    2.831668] IPVS: [lblcr] scheduler registered.
[    2.832662] IPVS: [dh] scheduler registered.
[    2.833627] IPVS: [sh] scheduler registered.
[    2.834577] IPVS: [sed] scheduler registered.
[    2.835549] IPVS: [nq] scheduler registered.
[    2.836496] IPVS: ftp: loaded support on port[0] = 21
[    2.845694] ipip: IPv4 and MPLS over IPv4 tunneling driver
[    2.846968] gre: GRE over IPv4 demultiplexor driver
[    2.848123] ip_tables: (C) 2000-2006 Netfilter Core Team
[    2.849295] ipt_CLUSTERIP: ClusterIP Version 0.8 loaded successfully
[    2.850651] arp_tables: arp_tables: (C) 2002 David S. Miller
[    2.851895] NET: Registered protocol family 10
[    2.853141] Segment Routing with IPv6
[    2.854003] ip6_tables: (C) 2000-2006 Netfilter Core Team
[    2.855304] NET: Registered protocol family 17
[    2.856310] Bridge firewalling registered
[    2.857217] Ebtables v2.0 registered
[    2.858053] 8021q: 802.1Q VLAN Support v1.8
[    2.858999] 9pnet: Installing 9P2000 support
[    2.859969] Key type dns_resolver registered
[    2.861005] sched_clock: Marking stable (2860928360, 0)->(3263831097, -402902737)
[    2.862697] registered taskstats version 1
[    2.868898] Key type big_key registered
[    2.872315] Key type encrypted registered
[    2.873547] rtc_cmos 00:00: setting system clock to 2019-09-04 18:55:20 UTC (1567623320)
[    3.103392] ata2: SATA link down (SStatus 0 SControl 300)
[    3.106080] ata4: SATA link down (SStatus 0 SControl 300)
[    3.108780] ata1: SATA link down (SStatus 0 SControl 300)
[    3.111517] ata5: SATA link down (SStatus 0 SControl 300)
[    3.114242] ata3: SATA link up 1.5 Gbps (SStatus 113 SControl 300)
[    3.117104] ata3.00: ATAPI: QEMU DVD-ROM, 2.5+, max UDMA/100
[    3.119465] ata3.00: applying bridge limits
[    3.121677] ata6: SATA link down (SStatus 0 SControl 300)
[    3.124178] ata3.00: configured for UDMA/100
[    3.126624] scsi 2:0:0:0: CD-ROM            QEMU     QEMU DVD-ROM     2.5+ PQ: 0 ANSI: 5
[    3.180498] sr 2:0:0:0: [sr0] scsi3-mmc drive: 4x/4x cd/rw xa/form2 tray
[    3.183076] cdrom: Uniform CD-ROM driver Revision: 3.20
[    3.185776] sr 2:0:0:0: Attached scsi generic sg0 type 5
[    3.193194] Freeing unused kernel memory: 1584K
[    3.195270] Write protecting the kernel read-only data: 18432k
[    3.198501] Freeing unused kernel memory: 2024K
[    3.206621] Freeing unused kernel memory: 1116K
[    3.680072] tsc: Refined TSC clocksource calibration: 2993.245 MHz
[    3.681451] clocksource: tsc: mask: 0xffffffffffffffff max_cycles: 0x2b25585f6b7, max_idle_ns: 440795339048 ns

Welcome to LinuxKit

                        ##         .
                  ## ## ##        ==
               ## ## ## ## ##    ===
           /"""""""""""""""""\___/ ===
          {                       /  ===-
           \______ O           __/
             \    \         __/
              \____\_______/



Welcome to LinuxKit

                        ##         .
                  ## ## ##        ==
               ## ## ## ## ##    ===
           /"""""""""""""""""___/ ===
          {                       /  ===-
           ______ O           __/
                          __/
              ___________/

linuxkit-d6e52ae52c1c login: root (automatic login)

Welcome to LinuxKit!

NOTE: This system is namespaced.
The namespace you are currently in may not be the root.
my bash_profile_root started...
[    5.168433] 8021q: adding VLAN 0 to HW filter on device eth0
[    5.411424] IPVS: ftp: loaded support on port[0] = 21
list of login shells running:
3
  283 root       0:00 -sh
  293 root       0:00 -sh
pid of our current login shell:
283
start running the LinuxKit containers...
start running task [1/2] ...
