[    0.000000] Linux version 4.14.24-linuxkit (root@e53720066772) (gcc version 6.4.0 (Alpine 6.4.0)) #1 SMP Wed Sep 4 17:36:30 UTC 2019
[    0.000000] Command line: console=tty0 console=ttyS0 console=ttyAMA0
[    0.000000] x86/fpu: x87 FPU will use FXSAVE
[    0.000000] e820: BIOS-provided physical RAM map:
[    0.000000] BIOS-e820: [mem 0x0000000000000000-0x000000000009fbff] usable
[    0.000000] BIOS-e820: [mem 0x000000000009fc00-0x000000000009ffff] reserved
[    0.000000] BIOS-e820: [mem 0x00000000000f0000-0x00000000000fffff] reserved
[    0.000000] BIOS-e820: [mem 0x0000000000100000-0x000000007ffdefff] usable
[    0.000000] BIOS-e820: [mem 0x000000007ffdf000-0x000000007fffffff] reserved
[    0.000000] BIOS-e820: [mem 0x00000000b0000000-0x00000000bfffffff] reserved
[    0.000000] BIOS-e820: [mem 0x00000000feffc000-0x00000000feffffff] reserved
[    0.000000] BIOS-e820: [mem 0x00000000fffc0000-0x00000000ffffffff] reserved
[    0.000000] BIOS-e820: [mem 0x0000000100000000-0x000000017fffffff] usable
[    0.000000] NX (Execute Disable) protection: active
[    0.000000] random: fast init done
[    0.000000] SMBIOS 2.8 present.
[    0.000000] DMI: QEMU Standard PC (Q35 + ICH9, 2009), BIOS Ubuntu-1.8.2-1ubuntu1 04/01/2014
[    0.000000] Hypervisor detected: KVM
[    0.000000] tsc: Fast TSC calibration using PIT
[    0.000000] e820: last_pfn = 0x180000 max_arch_pfn = 0x400000000
[    0.000000] x86/PAT: PAT not supported by CPU.
[    0.000000] x86/PAT: Configuration [0-7]: WB  WT  UC- UC  WB  WT  UC- UC  
[    0.000000] e820: last_pfn = 0x7ffdf max_arch_pfn = 0x400000000
[    0.000000] found SMP MP-table at [mem 0x000f6630-0x000f663f] mapped at [ffffffffff200630]
[    0.000000] RAMDISK: [mem 0x749c6000-0x7ffcffff]
[    0.000000] ACPI: Early table checksum verification disabled
[    0.000000] ACPI: RSDP 0x00000000000F6440 000014 (v00 BOCHS )
[    0.000000] ACPI: RSDT 0x000000007FFE2267 000038 (v01 BOCHS  BXPCRSDT 00000001 BXPC 00000001)
[    0.000000] ACPI: FACP 0x000000007FFE1E32 000074 (v01 BOCHS  BXPCFACP 00000001 BXPC 00000001)
[    0.000000] ACPI: DSDT 0x000000007FFE0040 001DF2 (v01 BOCHS  BXPCDSDT 00000001 BXPC 00000001)
[    0.000000] ACPI: FACS 0x000000007FFE0000 000040
[    0.000000] ACPI: SSDT 0x000000007FFE1EA6 0002D5 (v01 BOCHS  BXPCSSDT 00000001 BXPC 00000001)
[    0.000000] ACPI: APIC 0x000000007FFE217B 000078 (v01 BOCHS  BXPCAPIC 00000001 BXPC 00000001)
[    0.000000] ACPI: HPET 0x000000007FFE21F3 000038 (v01 BOCHS  BXPCHPET 00000001 BXPC 00000001)
[    0.000000] ACPI: MCFG 0x000000007FFE222B 00003C (v01 BOCHS  BXPCMCFG 00000001 BXPC 00000001)
[    0.000000] kvm-clock: Using msrs 4b564d01 and 4b564d00
[    0.000000] kvm-clock: cpu 0, msr 1:7fffe001, primary cpu clock
[    0.000000] kvm-clock: using sched offset of 20801922128 cycles
[    0.000000] clocksource: kvm-clock: mask: 0xffffffffffffffff max_cycles: 0x1cd42e4dffb, max_idle_ns: 881590591483 ns
[    0.000000] Zone ranges:
[    0.000000]   DMA      [mem 0x0000000000001000-0x0000000000ffffff]
[    0.000000]   DMA32    [mem 0x0000000001000000-0x00000000ffffffff]
[    0.000000]   Normal   [mem 0x0000000100000000-0x000000017fffffff]
[    0.000000]   Device   empty
[    0.000000] Movable zone start for each node
[    0.000000] Early memory node ranges
[    0.000000]   node   0: [mem 0x0000000000001000-0x000000000009efff]
[    0.000000]   node   0: [mem 0x0000000000100000-0x000000007ffdefff]
[    0.000000]   node   0: [mem 0x0000000100000000-0x000000017fffffff]
[    0.000000] Initmem setup node 0 [mem 0x0000000000001000-0x000000017fffffff]
[    0.000000] ACPI: PM-Timer IO Port: 0x608
[    0.000000] ACPI: LAPIC_NMI (acpi_id[0xff] dfl dfl lint[0x1])
[    0.000000] IOAPIC[0]: apic_id 0, version 17, address 0xfec00000, GSI 0-23
[    0.000000] ACPI: INT_SRC_OVR (bus 0 bus_irq 0 global_irq 2 dfl dfl)
[    0.000000] ACPI: INT_SRC_OVR (bus 0 bus_irq 5 global_irq 5 high level)
[    0.000000] ACPI: INT_SRC_OVR (bus 0 bus_irq 9 global_irq 9 high level)
[    0.000000] ACPI: INT_SRC_OVR (bus 0 bus_irq 10 global_irq 10 high level)
[    0.000000] ACPI: INT_SRC_OVR (bus 0 bus_irq 11 global_irq 11 high level)
[    0.000000] Using ACPI (MADT) for SMP configuration information
[    0.000000] Using ACPI for processor (LAPIC) configuration information
[    0.000000] ACPI: HPET id: 0x8086a201 base: 0xfed00000
[    0.000000] smpboot: Allowing 1 CPUs, 0 hotplug CPUs
[    0.000000] e820: [mem 0xc0000000-0xfeffbfff] available for PCI devices
[    0.000000] Booting paravirtualized kernel on KVM
[    0.000000] clocksource: refined-jiffies: mask: 0xffffffff max_cycles: 0xffffffff, max_idle_ns: 19112604462750000 ns
[    0.000000] setup_percpu: NR_CPUS:128 nr_cpumask_bits:128 nr_cpu_ids:1 nr_node_ids:1
[    0.000000] percpu: Embedded 44 pages/cpu @ffff989f3fc00000 s143192 r8192 d28840 u2097152
[    0.000000] KVM setup async PF for cpu 0
[    0.000000] kvm-stealtime: cpu 0, msr 17fc15f00
[    0.000000] Built 1 zonelists, mobility grouping on.  Total pages: 1032040
[    0.000000] Kernel command line: console=tty0 console=ttyS0 console=ttyAMA0
[    0.000000] PID hash table entries: 4096 (order: 3, 32768 bytes)
[    0.000000] Dentry cache hash table entries: 524288 (order: 10, 4194304 bytes)
[    0.000000] Inode-cache hash table entries: 262144 (order: 9, 2097152 bytes)
[    0.000000] Memory: 3844120K/4193780K available (12300K kernel code, 1452K rwdata, 2980K rodata, 1584K init, 628K bss, 349660K reserved, 0K cma-reserved)
[    0.000000] Kernel/User page tables isolation: enabled
[    0.000000] ftrace: allocating 41054 entries in 161 pages
[    0.010000] Hierarchical RCU implementation.
[    0.010000] 	RCU restricting CPUs from NR_CPUS=128 to nr_cpu_ids=1.
[    0.010000] RCU: Adjusting geometry for rcu_fanout_leaf=16, nr_cpu_ids=1
[    0.010000] NR_IRQS: 8448, nr_irqs: 256, preallocated irqs: 16
[    0.010000] Console: colour VGA+ 80x25
[    0.010000] console [tty0] enabled
[    0.010000] console [ttyS0] enabled
[    0.010000] clocksource: hpet: mask: 0xffffffff max_cycles: 0xffffffff, max_idle_ns: 19112604467 ns
[    0.010008] tsc: Detected 2993.200 MHz processor
[    0.011067] Calibrating delay loop (skipped) preset value.. 5986.40 BogoMIPS (lpj=29932000)
[    0.011791] pid_max: default: 32768 minimum: 301
[    0.012830] ACPI: Core revision 20170728
[    0.014634] ACPI: 2 ACPI AML tables successfully acquired and loaded
[    0.016021] Security Framework initialized
[    0.016951] Yama: becoming mindful.
[    0.017800] Mount-cache hash table entries: 8192 (order: 4, 65536 bytes)
[    0.020011] Mountpoint-cache hash table entries: 8192 (order: 4, 65536 bytes)
[    0.021742] Last level iTLB entries: 4KB 0, 2MB 0, 4MB 0
[    0.022962] Last level dTLB entries: 4KB 0, 2MB 0, 4MB 0, 1GB 0
[    0.024232] Spectre V2 : Vulnerable: Minimal generic ASM retpoline
[    0.029426] Freeing SMP alternatives memory: 20K
[    0.030406] smpboot: Max logical packages: 1
[    0.031730] x2apic enabled
[    0.032781] Switched APIC routing to physical x2apic.
[    0.035449] ..TIMER: vector=0x30 apic1=0 pin1=2 apic2=-1 pin2=-1
[    0.040000] smpboot: CPU0: Intel QEMU Virtual CPU version 2.5+ (family: 0x6, model: 0x6, stepping: 0x3)
[    0.040000] Performance Events: PMU not available due to virtualization, using software events only.
[    0.040000] Hierarchical SRCU implementation.
[    0.040000] NMI watchdog: Perf event create on CPU 0 failed with -2
[    0.040000] NMI watchdog: Perf NMI watchdog permanently disabled
[    0.040000] smp: Bringing up secondary CPUs ...
[    0.040000] smp: Brought up 1 node, 1 CPU
[    0.040000] smpboot: Total of 1 processors activated (5986.40 BogoMIPS)
[    0.040437] devtmpfs: initialized
[    0.041267] x86/mm: Memory block size: 128MB
[    0.042658] clocksource: jiffies: mask: 0xffffffff max_cycles: 0xffffffff, max_idle_ns: 19112604462750000 ns
[    0.044693] futex hash table entries: 256 (order: 2, 16384 bytes)
[    0.046116] NET: Registered protocol family 16
[    0.047225] cpuidle: using governor ladder
[    0.048157] cpuidle: using governor menu
[    0.050055] ACPI: bus type PCI registered
[    0.051095] PCI: MMCONFIG for domain 0000 [bus 00-ff] at [mem 0xb0000000-0xbfffffff] (base 0xb0000000)
[    0.053060] PCI: MMCONFIG at [mem 0xb0000000-0xbfffffff] reserved in E820
[    0.054480] PCI: Using configuration type 1 for base access
[    0.057035] HugeTLB registered 2.00 MiB page size, pre-allocated 0 pages
[    0.058614] ACPI: Added _OSI(Module Device)
[    0.059559] ACPI: Added _OSI(Processor Device)
[    0.060005] ACPI: Added _OSI(3.0 _SCP Extensions)
[    0.061032] ACPI: Added _OSI(Processor Aggregator Device)
[    0.064599] ACPI: Interpreter enabled
[    0.065466] ACPI: (supports S0 S5)
[    0.066279] ACPI: Using IOAPIC for interrupt routing
[    0.067368] PCI: Using host bridge windows from ACPI; if necessary, use "pci=nocrs" and report a bug
[    0.070501] ACPI: Enabled 16 GPEs in block 00 to 3F
[    0.073738] ACPI: PCI Root Bridge [PCI0] (domain 0000 [bus 00-ff])
[    0.075071] acpi PNP0A08:00: _OSC: OS supports [ExtendedConfig ASPM ClockPM Segments MSI]
[    0.076911] acpi PNP0A08:00: _OSC: OS now controls [PCIeHotplug PME PCIeCapability]
[    0.078599] PCI host bridge to bus 0000:00
[    0.079528] pci_bus 0000:00: root bus resource [io  0x0000-0x0cf7 window]
[    0.080013] pci_bus 0000:00: root bus resource [io  0x0d00-0xffff window]
[    0.081432] pci_bus 0000:00: root bus resource [mem 0x000a0000-0x000bffff window]
[    0.083063] pci_bus 0000:00: root bus resource [mem 0xc0000000-0xfebfffff window]
[    0.084695] pci_bus 0000:00: root bus resource [bus 00-ff]
[    0.109138] pci 0000:00:1f.0: quirk: [io  0x0600-0x067f] claimed by ICH6 ACPI/GPIO/TCO
[    0.123624] ACPI: PCI Interrupt Link [LNKA] (IRQs 5 *10 11)
[    0.124958] ACPI: PCI Interrupt Link [LNKB] (IRQs 5 *10 11)
[    0.126244] ACPI: PCI Interrupt Link [LNKC] (IRQs 5 10 *11)
[    0.127552] ACPI: PCI Interrupt Link [LNKD] (IRQs 5 10 *11)
[    0.128828] ACPI: PCI Interrupt Link [LNKE] (IRQs 5 *10 11)
[    0.130096] ACPI: PCI Interrupt Link [LNKF] (IRQs 5 *10 11)
[    0.131421] ACPI: PCI Interrupt Link [LNKG] (IRQs 5 10 *11)
[    0.132967] ACPI: PCI Interrupt Link [LNKH] (IRQs 5 10 *11)
[    0.134202] ACPI: PCI Interrupt Link [GSIA] (IRQs *16)
[    0.135341] ACPI: PCI Interrupt Link [GSIB] (IRQs *17)
[    0.136454] ACPI: PCI Interrupt Link [GSIC] (IRQs *18)
[    0.137567] ACPI: PCI Interrupt Link [GSID] (IRQs *19)
[    0.138688] ACPI: PCI Interrupt Link [GSIE] (IRQs *20)
[    0.140010] ACPI: PCI Interrupt Link [GSIF] (IRQs *21)
[    0.149078] ACPI: PCI Interrupt Link [GSIG] (IRQs *22)
[    0.150009] ACPI: PCI Interrupt Link [GSIH] (IRQs *23)
[    0.151225] acpi LNXCPU:00: Invalid PBLK length [0]
[    0.152508] SCSI subsystem initialized
[    0.153439] ACPI: bus type USB registered
[    0.154364] usbcore: registered new interface driver usbfs
[    0.155576] usbcore: registered new interface driver hub
[    0.156734] usbcore: registered new device driver usb
[    0.157843] pps_core: LinuxPPS API ver. 1 registered
[    0.158943] pps_core: Software ver. 5.3.6 - Copyright 2005-2007 Rodolfo Giometti <giometti@linux.it>
[    0.160006] PTP clock support registered
[    0.160933] PCI: Using ACPI for IRQ routing
[    0.240372] NetLabel: Initializing
[    0.241195] NetLabel:  domain hash size = 128
[    0.242189] NetLabel:  protocols = UNLABELED CIPSOv4 CALIPSO
[    0.243444] NetLabel:  unlabeled traffic allowed by default
[    0.244752] HPET: 3 timers in total, 0 timers will be used for per-cpu timer
[    0.246277] hpet0: at MMIO 0xfed00000, IRQs 2, 8, 0
[    0.247377] hpet0: 3 comparators, 64-bit 100.000000 MHz counter
[    0.250024] clocksource: Switched to clocksource kvm-clock
[    0.264181] VFS: Disk quotas dquot_6.6.0
[    0.265164] VFS: Dquot-cache hash table entries: 512 (order 0, 4096 bytes)
[    0.266720] FS-Cache: Loaded
[    0.267501] CacheFiles: Loaded
[    0.268270] pnp: PnP ACPI init
[    0.269553] pnp: PnP ACPI: found 5 devices
[    0.276226] clocksource: acpi_pm: mask: 0xffffff max_cycles: 0xffffff, max_idle_ns: 2085701024 ns
[    0.278217] NET: Registered protocol family 2
[    0.279529] TCP established hash table entries: 32768 (order: 6, 262144 bytes)
[    0.281194] TCP bind hash table entries: 32768 (order: 7, 524288 bytes)
[    0.282665] TCP: Hash tables configured (established 32768 bind 32768)
[    0.284102] UDP hash table entries: 2048 (order: 4, 65536 bytes)
[    0.285397] UDP-Lite hash table entries: 2048 (order: 4, 65536 bytes)
[    0.286793] NET: Registered protocol family 1
[    0.287807] pci 0000:00:01.0: Video device with shadowed ROM at [mem 0x000c0000-0x000dffff]
[    0.289684] Trying to unpack rootfs image as initramfs...
[    2.664005] Freeing initrd memory: 186408K
[    2.665035] PCI-DMA: Using software bounce buffering for IO (SWIOTLB)
[    2.666431] software IO TLB [mem 0x709c6000-0x749c6000] (64MB) mapped at [ffff989e309c6000-ffff989e349c5fff]
[    2.669114] PCLMULQDQ-NI instructions are not detected.
[    2.670464] AVX or AES-NI instructions are not detected.
[    2.671609] CPU feature 'AVX registers' is not supported.
[    2.672773] CPU feature 'AVX registers' is not supported.
[    2.673934] CPU feature 'AVX registers' is not supported.
[    2.675116] CPU feature 'AVX registers' is not supported.
[    2.676269] AVX2 or AES-NI instructions are not detected.
[    2.677421] AVX2 instructions are not detected.
[    2.678517] audit: initializing netlink subsys (disabled)
[    2.679712] audit: type=2000 audit(1567624468.978:1): state=initialized audit_enabled=0 res=1
[    2.681798] workingset: timestamp_bits=46 max_order=20 bucket_order=0
[    2.683329] squashfs: version 4.0 (2009/01/31) Phillip Lougher
[    2.684628] FS-Cache: Netfs 'cifs' registered for caching
[    2.685843] fuse init (API version 7.26)
[    2.686857] SGI XFS with ACLs, security attributes, no debug enabled
[    2.688525] 9p: Installing v9fs 9p2000 file system support
[    2.689753] FS-Cache: Netfs '9p' registered for caching
[    2.691993] NET: Registered protocol family 38
[    2.693019] Key type asymmetric registered
[    2.693967] Asymmetric key parser 'x509' registered
[    2.695071] Block layer SCSI generic (bsg) driver version 0.4 loaded (major 248)
[    2.696730] io scheduler noop registered
[    2.697649] io scheduler deadline registered (default)
[    2.698810] io scheduler cfq registered
[    2.699706] io scheduler mq-deadline registered
[    2.700751] io scheduler kyber registered
[    2.701755] shpchp: Standard Hot Plug PCI Controller Driver version: 0.4
[    2.703238] hv_vmbus: registering driver hyperv_fb
[    2.704378] input: Power Button as /devices/LNXSYSTM:00/LNXPWRBN:00/input/input0
[    2.706036] ACPI: Power Button [PWRF]
[    2.706956] button: probe of LNXPWRBN:00 failed with error -22
[    2.708696] ACPI: PCI Interrupt Link [GSIG] enabled at IRQ 22
[    2.710051] virtio-pci 0000:00:02.0: virtio_pci: leaving for legacy driver
[    2.712276] ACPI: PCI Interrupt Link [GSIH] enabled at IRQ 23
[    2.713614] virtio-pci 0000:00:03.0: virtio_pci: leaving for legacy driver
[    2.715541] Serial: 8250/16550 driver, 4 ports, IRQ sharing disabled
[    2.739661] 00:04: ttyS0 at I/O 0x3f8 (irq = 4, base_baud = 115200) is a 16550A
[    2.741632] Non-volatile memory driver v1.3
[    2.742787] !!! Set our kernel_init_done FLAG !!!
[    2.743937] Hangcheck: starting hangcheck timer 0.9.1 (tick is 180 seconds, margin is 60 seconds).
[    2.746503] random: crng init done
[    2.748459] brd: module loaded
[    2.750532] loop: module loaded
[    2.754021] lpc_ich 0000:00:1f.0: RCBA is disabled by hardware/BIOS, device disabled
[    2.755812] lpc_ich 0000:00:1f.0: I/O space for GPIO uninitialized
[    2.757149] lpc_ich 0000:00:1f.0: No MFD cells added
[    2.758318] VMware PVSCSI driver - version 1.0.7.0-k
[    2.759435] hv_vmbus: registering driver hv_storvsc
[    2.760979] ACPI: PCI Interrupt Link [GSIA] enabled at IRQ 16
[    2.762926] ahci 0000:00:1f.2: AHCI 0001.0000 32 slots 6 ports 1.5 Gbps 0x3f impl SATA mode
[    2.764749] ahci 0000:00:1f.2: flags: ncq only 
[    2.766663] scsi host0: ahci
[    2.767446] scsi host1: ahci
[    2.768237] scsi host2: ahci
[    2.769013] scsi host3: ahci
[    2.769787] scsi host4: ahci
[    2.770573] scsi host5: ahci
[    2.771332] ata1: SATA max UDMA/133 abar m4096@0xfebd2000 port 0xfebd2100 irq 24
[    2.772978] ata2: SATA max UDMA/133 abar m4096@0xfebd2000 port 0xfebd2180 irq 24
[    2.774631] ata3: SATA max UDMA/133 abar m4096@0xfebd2000 port 0xfebd2200 irq 24
[    2.776267] ata4: SATA max UDMA/133 abar m4096@0xfebd2000 port 0xfebd2280 irq 24
[    2.777909] ata5: SATA max UDMA/133 abar m4096@0xfebd2000 port 0xfebd2300 irq 24
[    2.779553] ata6: SATA max UDMA/133 abar m4096@0xfebd2000 port 0xfebd2380 irq 24
[    2.781718] tun: Universal TUN/TAP device driver, 1.6
[    2.783617] VMware vmxnet3 virtual NIC driver - version 1.4.a.0-k-NAPI
[    2.785068] hv_vmbus: registering driver hv_netvsc
[    2.786158] Fusion MPT base driver 3.04.20
[    2.787108] Copyright (c) 1999-2008 LSI Corporation
[    2.788201] Fusion MPT SPI Host driver 3.04.20
[    2.789248] i8042: PNP: PS/2 Controller [PNP0303:KBD,PNP0f13:MOU] at 0x60,0x64 irq 1,12
[    2.791863] serio: i8042 KBD port at 0x60,0x64 irq 1
[    2.792979] serio: i8042 AUX port at 0x60,0x64 irq 12
[    2.794175] hv_vmbus: registering driver hyperv_keyboard
[    2.795400] mousedev: PS/2 mouse device common for all mice
[    2.796914] input: AT Translated Set 2 keyboard as /devices/platform/i8042/serio0/input/input1
[    2.799024] input: PC Speaker as /devices/platform/pcspkr/input/input3
[    2.800547] rtc_cmos 00:00: RTC can wake from S4
[    2.801904] rtc_cmos 00:00: rtc core: registered rtc_cmos as rtc0
[    2.803394] rtc_cmos 00:00: alarms up to one day, 114 bytes nvram, hpet irqs
[    2.804916] i2c /dev entries driver
[    2.805801] device-mapper: ioctl: 4.37.0-ioctl (2017-09-20) initialised: dm-devel@redhat.com
[    2.807746] usbcore: registered new interface driver usbhid
[    2.808983] usbhid: USB HID core driver
[    2.809898] hv_utils: Registering HyperV Utility Driver
[    2.811076] hv_vmbus: registering driver hv_util
[    2.812120] hv_vmbus: registering driver hv_balloon
[    2.813223] oprofile: using NMI interrupt.
[    2.814201] GACT probability on
[    2.814965] Mirror/redirect action on
[    2.815831] Simple TC action Loaded
[    2.816667] u32 classifier
[    2.817345]     Performance counters on
[    2.818242]     input device check on
[    2.819180]     Actions configured
[    2.820028] Netfilter messages via NETLINK v0.30.
[    2.821098] nfnl_acct: registering with nfnetlink.
[    2.822214] nf_conntrack version 0.5.0 (16384 buckets, 65536 max)
[    2.823579] ctnetlink v0.93: registering with nfnetlink.
[    2.824955] nf_tables: (c) 2007-2009 Patrick McHardy <kaber@trash.net>
[    2.826380] nf_tables_compat: (c) 2012 Pablo Neira Ayuso <pablo@netfilter.org>
[    2.828013] xt_time: kernel timezone is -0000
[    2.829014] ip_set: protocol 6
[    2.829763] IPVS: Registered protocols (TCP, UDP, SCTP, AH, ESP)
[    2.831100] IPVS: Connection hash table configured (size=4096, memory=64Kbytes)
[    2.832790] IPVS: ipvs loaded.
[    2.833538] IPVS: [rr] scheduler registered.
[    2.834517] IPVS: [wrr] scheduler registered.
[    2.835515] IPVS: [lc] scheduler registered.
[    2.836497] IPVS: [wlc] scheduler registered.
[    2.837488] IPVS: [fo] scheduler registered.
[    2.838467] IPVS: [ovf] scheduler registered.
[    2.839466] IPVS: [lblc] scheduler registered.
[    2.840500] IPVS: [lblcr] scheduler registered.
[    2.841531] IPVS: [dh] scheduler registered.
[    2.842519] IPVS: [sh] scheduler registered.
[    2.843503] IPVS: [sed] scheduler registered.
[    2.844505] IPVS: [nq] scheduler registered.
[    2.845483] IPVS: ftp: loaded support on port[0] = 21
[    2.854799] ipip: IPv4 and MPLS over IPv4 tunneling driver
[    2.856065] gre: GRE over IPv4 demultiplexor driver
[    2.857164] ip_tables: (C) 2000-2006 Netfilter Core Team
[    2.858338] ipt_CLUSTERIP: ClusterIP Version 0.8 loaded successfully
[    2.859675] arp_tables: arp_tables: (C) 2002 David S. Miller
[    2.860928] NET: Registered protocol family 10
[    2.862130] Segment Routing with IPv6
[    2.862984] ip6_tables: (C) 2000-2006 Netfilter Core Team
[    2.864277] NET: Registered protocol family 17
[    2.865278] Bridge firewalling registered
[    2.866190] Ebtables v2.0 registered
[    2.867023] 8021q: 802.1Q VLAN Support v1.8
[    2.867965] 9pnet: Installing 9P2000 support
[    2.868929] Key type dns_resolver registered
[    2.869963] sched_clock: Marking stable (2860889845, 0)->(3258367009, -397477164)
[    2.871690] registered taskstats version 1
[    2.877875] Key type big_key registered
[    2.881265] Key type encrypted registered
[    2.882473] rtc_cmos 00:00: setting system clock to 2019-09-04 19:14:29 UTC (1567624469)
[    3.113834] ata5: SATA link down (SStatus 0 SControl 300)
[    3.116457] ata3: SATA link up 1.5 Gbps (SStatus 113 SControl 300)
[    3.119218] ata3.00: ATAPI: QEMU DVD-ROM, 2.5+, max UDMA/100
[    3.121592] ata3.00: applying bridge limits
[    3.123792] ata2: SATA link down (SStatus 0 SControl 300)
[    3.126347] ata1: SATA link down (SStatus 0 SControl 300)
[    3.128755] ata6: SATA link down (SStatus 0 SControl 300)
[    3.131175] ata4: SATA link down (SStatus 0 SControl 300)
[    3.133508] ata3.00: configured for UDMA/100
[    3.135801] scsi 2:0:0:0: CD-ROM            QEMU     QEMU DVD-ROM     2.5+ PQ: 0 ANSI: 5
[    3.180442] sr 2:0:0:0: [sr0] scsi3-mmc drive: 4x/4x cd/rw xa/form2 tray
[    3.182762] cdrom: Uniform CD-ROM driver Revision: 3.20
[    3.184863] sr 2:0:0:0: Attached scsi generic sg0 type 5
[    3.190533] Freeing unused kernel memory: 1584K
[    3.192123] Write protecting the kernel read-only data: 18432k
[    3.194726] Freeing unused kernel memory: 2024K
[    3.201036] Freeing unused kernel memory: 1116K
[    3.680076] tsc: Refined TSC clocksource calibration: 2993.200 MHz
[    3.681425] clocksource: tsc: mask: 0xffffffffffffffff max_cycles: 0x2b252da6e11, max_idle_ns: 440795218047 ns

Welcome to LinuxKit

                        ##         .
                  ## ## ##        ==
               ## ## ## ## ##    ===
           /"""""""""""""""""\___/ ===
          {                       /  ===-
           \______ O           __/
             \    \         __/
              \____\_______/



Welcome to LinuxKit

                        ##         .
                  ## ## ##        ==
               ## ## ## ## ##    ===
           /"""""""""""""""""___/ ===
          {                       /  ===-
           ______ O           __/
                          __/
              ___________/

linuxkit-d6e52ae52c1c login: root (automatic login)

Welcome to LinuxKit!

NOTE: This system is namespaced.
The namespace you are currently in may not be the root.
my bash_profile_root started...
[    5.034121] 8021q: adding VLAN 0 to HW filter on device eth0
[    5.274936] IPVS: ftp: loaded support on port[0] = 21
list of login shells running:
3
  287 root       0:00 -sh
  293 root       0:00 -sh
  466 root       0:00 -sh
pid of our current login shell:
287
start running the LinuxKit containers...
start running task [1/2] ...
