[    0.000000] Linux version 4.14.24-linuxkit (root@67536bafe844) (gcc version 6.4.0 (Alpine 6.4.0)) #1 SMP Fri Mar 9 12:52:19 UTC 2018
[    0.000000] Command line: console=tty0 console=ttyS0 console=ttyAMA0
[    0.000000] x86/fpu: x87 FPU will use FXSAVE
[    0.000000] e820: BIOS-provided physical RAM map:
[    0.000000] BIOS-e820: [mem 0x0000000000000000-0x000000000009fbff] usable
[    0.000000] BIOS-e820: [mem 0x000000000009fc00-0x000000000009ffff] reserved
[    0.000000] BIOS-e820: [mem 0x00000000000f0000-0x00000000000fffff] reserved
[    0.000000] BIOS-e820: [mem 0x0000000000100000-0x000000007ffdefff] usable
[    0.000000] BIOS-e820: [mem 0x000000007ffdf000-0x000000007fffffff] reserved
[    0.000000] BIOS-e820: [mem 0x00000000b0000000-0x00000000bfffffff] reserved
[    0.000000] BIOS-e820: [mem 0x00000000feffc000-0x00000000feffffff] reserved
[    0.000000] BIOS-e820: [mem 0x00000000fffc0000-0x00000000ffffffff] reserved
[    0.000000] BIOS-e820: [mem 0x0000000100000000-0x000000017fffffff] usable
[    0.000000] NX (Execute Disable) protection: active
[    0.000000] random: fast init done
[    0.000000] SMBIOS 2.8 present.
[    0.000000] DMI: QEMU Standard PC (Q35 + ICH9, 2009), BIOS Ubuntu-1.8.2-1ubuntu1 04/01/2014
[    0.000000] Hypervisor detected: KVM
[    0.000000] tsc: Fast TSC calibration using PIT
[    0.000000] e820: last_pfn = 0x180000 max_arch_pfn = 0x400000000
[    0.000000] x86/PAT: PAT not supported by CPU.
[    0.000000] x86/PAT: Configuration [0-7]: WB  WT  UC- UC  WB  WT  UC- UC  
[    0.000000] e820: last_pfn = 0x7ffdf max_arch_pfn = 0x400000000
[    0.000000] found SMP MP-table at [mem 0x000f6630-0x000f663f] mapped at [ffffffffff200630]
[    0.000000] RAMDISK: [mem 0x7496b000-0x7ffcffff]
[    0.000000] ACPI: Early table checksum verification disabled
[    0.000000] ACPI: RSDP 0x00000000000F6440 000014 (v00 BOCHS )
[    0.000000] ACPI: RSDT 0x000000007FFE2267 000038 (v01 BOCHS  BXPCRSDT 00000001 BXPC 00000001)
[    0.000000] ACPI: FACP 0x000000007FFE1E32 000074 (v01 BOCHS  BXPCFACP 00000001 BXPC 00000001)
[    0.000000] ACPI: DSDT 0x000000007FFE0040 001DF2 (v01 BOCHS  BXPCDSDT 00000001 BXPC 00000001)
[    0.000000] ACPI: FACS 0x000000007FFE0000 000040
[    0.000000] ACPI: SSDT 0x000000007FFE1EA6 0002D5 (v01 BOCHS  BXPCSSDT 00000001 BXPC 00000001)
[    0.000000] ACPI: APIC 0x000000007FFE217B 000078 (v01 BOCHS  BXPCAPIC 00000001 BXPC 00000001)
[    0.000000] ACPI: HPET 0x000000007FFE21F3 000038 (v01 BOCHS  BXPCHPET 00000001 BXPC 00000001)
[    0.000000] ACPI: MCFG 0x000000007FFE222B 00003C (v01 BOCHS  BXPCMCFG 00000001 BXPC 00000001)
[    0.000000] kvm-clock: Using msrs 4b564d01 and 4b564d00
[    0.000000] kvm-clock: cpu 0, msr 1:7fffc001, primary cpu clock
[    0.000000] kvm-clock: using sched offset of 20651851881 cycles
[    0.000000] clocksource: kvm-clock: mask: 0xffffffffffffffff max_cycles: 0x1cd42e4dffb, max_idle_ns: 881590591483 ns
[    0.000000] Zone ranges:
[    0.000000]   DMA      [mem 0x0000000000001000-0x0000000000ffffff]
[    0.000000]   DMA32    [mem 0x0000000001000000-0x00000000ffffffff]
[    0.000000]   Normal   [mem 0x0000000100000000-0x000000017fffffff]
[    0.000000]   Device   empty
[    0.000000] Movable zone start for each node
[    0.000000] Early memory node ranges
[    0.000000]   node   0: [mem 0x0000000000001000-0x000000000009efff]
[    0.000000]   node   0: [mem 0x0000000000100000-0x000000007ffdefff]
[    0.000000]   node   0: [mem 0x0000000100000000-0x000000017fffffff]
[    0.000000] Initmem setup node 0 [mem 0x0000000000001000-0x000000017fffffff]
[    0.000000] ACPI: PM-Timer IO Port: 0x608
[    0.000000] ACPI: LAPIC_NMI (acpi_id[0xff] dfl dfl lint[0x1])
[    0.000000] IOAPIC[0]: apic_id 0, version 17, address 0xfec00000, GSI 0-23
[    0.000000] ACPI: INT_SRC_OVR (bus 0 bus_irq 0 global_irq 2 dfl dfl)
[    0.000000] ACPI: INT_SRC_OVR (bus 0 bus_irq 5 global_irq 5 high level)
[    0.000000] ACPI: INT_SRC_OVR (bus 0 bus_irq 9 global_irq 9 high level)
[    0.000000] ACPI: INT_SRC_OVR (bus 0 bus_irq 10 global_irq 10 high level)
[    0.000000] ACPI: INT_SRC_OVR (bus 0 bus_irq 11 global_irq 11 high level)
[    0.000000] Using ACPI (MADT) for SMP configuration information
[    0.000000] ACPI: HPET id: 0x8086a201 base: 0xfed00000
[    0.000000] smpboot: Allowing 1 CPUs, 0 hotplug CPUs
[    0.000000] e820: [mem 0xc0000000-0xfeffbfff] available for PCI devices
[    0.000000] Booting paravirtualized kernel on KVM
[    0.000000] clocksource: refined-jiffies: mask: 0xffffffff max_cycles: 0xffffffff, max_idle_ns: 19112604462750000 ns
[    0.000000] setup_percpu: NR_CPUS:128 nr_cpumask_bits:128 nr_cpu_ids:1 nr_node_ids:1
[    0.000000] percpu: Embedded 44 pages/cpu @ffff9b75bfc00000 s143192 r8192 d28840 u2097152
[    0.000000] KVM setup async PF for cpu 0
[    0.000000] kvm-stealtime: cpu 0, msr 17fc15f00
[    0.000000] Built 1 zonelists, mobility grouping on.  Total pages: 1032040
[    0.000000] Kernel command line: console=tty0 console=ttyS0 console=ttyAMA0
[    0.000000] PID hash table entries: 4096 (order: 3, 32768 bytes)
[    0.000000] Dentry cache hash table entries: 524288 (order: 10, 4194304 bytes)
[    0.000000] Inode-cache hash table entries: 262144 (order: 9, 2097152 bytes)
[    0.000000] Memory: 3844060K/4193780K available (12300K kernel code, 1460K rwdata, 2956K rodata, 1504K init, 628K bss, 349720K reserved, 0K cma-reserved)
[    0.000000] Kernel/User page tables isolation: enabled
[    0.000000] ftrace: allocating 40643 entries in 159 pages
[    0.010000] Hierarchical RCU implementation.
[    0.010000] 	RCU restricting CPUs from NR_CPUS=128 to nr_cpu_ids=1.
[    0.010000] RCU: Adjusting geometry for rcu_fanout_leaf=16, nr_cpu_ids=1
[    0.010000] NR_IRQS: 8448, nr_irqs: 256, preallocated irqs: 16
[    0.010000] Console: colour VGA+ 80x25
[    0.010000] console [tty0] enabled
[    0.010000] console [ttyS0] enabled
[    0.010000] clocksource: hpet: mask: 0xffffffff max_cycles: 0xffffffff, max_idle_ns: 19112604467 ns
[    0.010008] tsc: Detected 2993.200 MHz processor
[    0.011060] Calibrating delay loop (skipped) preset value.. 5986.40 BogoMIPS (lpj=29932000)
[    0.011813] pid_max: default: 32768 minimum: 301
[    0.012869] ACPI: Core revision 20170728
[    0.014655] ACPI: 2 ACPI AML tables successfully acquired and loaded
[    0.016054] Security Framework initialized
[    0.016995] Yama: becoming mindful.
[    0.017850] Mount-cache hash table entries: 8192 (order: 4, 65536 bytes)
[    0.020010] Mountpoint-cache hash table entries: 8192 (order: 4, 65536 bytes)
[    0.021782] Last level iTLB entries: 4KB 0, 2MB 0, 4MB 0
[    0.022956] Last level dTLB entries: 4KB 0, 2MB 0, 4MB 0, 1GB 0
[    0.024239] Spectre V2 : Vulnerable: Minimal generic ASM retpoline
[    0.029381] Freeing SMP alternatives memory: 20K
[    0.030388] smpboot: Max logical packages: 1
[    0.031678] x2apic enabled
[    0.032701] Switched APIC routing to physical x2apic.
[    0.035356] ..TIMER: vector=0x30 apic1=0 pin1=2 apic2=-1 pin2=-1
[    0.040000] smpboot: CPU0: Intel QEMU Virtual CPU version 2.5+ (family: 0x6, model: 0x6, stepping: 0x3)
[    0.040000] Performance Events: PMU not available due to virtualization, using software events only.
[    0.040000] Hierarchical SRCU implementation.
[    0.040000] NMI watchdog: Perf event create on CPU 0 failed with -2
[    0.040000] NMI watchdog: Perf NMI watchdog permanently disabled
[    0.040000] smp: Bringing up secondary CPUs ...
[    0.040000] smp: Brought up 1 node, 1 CPU
[    0.040000] smpboot: Total of 1 processors activated (5986.40 BogoMIPS)
[    0.040457] devtmpfs: initialized
[    0.041376] x86/mm: Memory block size: 128MB
[    0.042851] clocksource: jiffies: mask: 0xffffffff max_cycles: 0xffffffff, max_idle_ns: 19112604462750000 ns
[    0.045043] futex hash table entries: 256 (order: 2, 16384 bytes)
[    0.046566] NET: Registered protocol family 16
[    0.047749] cpuidle: using governor ladder
[    0.050003] cpuidle: using governor menu
[    0.051000] ACPI: bus type PCI registered
[    0.052077] PCI: MMCONFIG for domain 0000 [bus 00-ff] at [mem 0xb0000000-0xbfffffff] (base 0xb0000000)
[    0.054175] PCI: MMCONFIG at [mem 0xb0000000-0xbfffffff] reserved in E820
[    0.055648] PCI: Using configuration type 1 for base access
[    0.058293] HugeTLB registered 2.00 MiB page size, pre-allocated 0 pages
[    0.060046] ACPI: Added _OSI(Module Device)
[    0.061025] ACPI: Added _OSI(Processor Device)
[    0.062085] ACPI: Added _OSI(3.0 _SCP Extensions)
[    0.063148] ACPI: Added _OSI(Processor Aggregator Device)
[    0.066753] ACPI: Interpreter enabled
[    0.067647] ACPI: (supports S0 S5)
[    0.068467] ACPI: Using IOAPIC for interrupt routing
[    0.069614] PCI: Using host bridge windows from ACPI; if necessary, use "pci=nocrs" and report a bug
[    0.070487] ACPI: Enabled 16 GPEs in block 00 to 3F
[    0.073710] ACPI: PCI Root Bridge [PCI0] (domain 0000 [bus 00-ff])
[    0.075073] acpi PNP0A08:00: _OSC: OS supports [ExtendedConfig ASPM ClockPM Segments MSI]
[    0.077009] acpi PNP0A08:00: _OSC: OS now controls [PCIeHotplug PME PCIeCapability]
[    0.080045] PCI host bridge to bus 0000:00
[    0.081002] pci_bus 0000:00: root bus resource [io  0x0000-0x0cf7 window]
[    0.082485] pci_bus 0000:00: root bus resource [io  0x0d00-0xffff window]
[    0.083960] pci_bus 0000:00: root bus resource [mem 0x000a0000-0x000bffff window]
[    0.085635] pci_bus 0000:00: root bus resource [mem 0xc0000000-0xfebfffff window]
[    0.087304] pci_bus 0000:00: root bus resource [bus 00-ff]
[    0.110944] pci 0000:00:1f.0: quirk: [io  0x0600-0x067f] claimed by ICH6 ACPI/GPIO/TCO
[    0.125738] ACPI: PCI Interrupt Link [LNKA] (IRQs 5 *10 11)
[    0.127059] ACPI: PCI Interrupt Link [LNKB] (IRQs 5 *10 11)
[    0.128373] ACPI: PCI Interrupt Link [LNKC] (IRQs 5 10 *11)
[    0.129694] ACPI: PCI Interrupt Link [LNKD] (IRQs 5 10 *11)
[    0.130089] ACPI: PCI Interrupt Link [LNKE] (IRQs 5 *10 11)
[    0.131372] ACPI: PCI Interrupt Link [LNKF] (IRQs 5 *10 11)
[    0.132660] ACPI: PCI Interrupt Link [LNKG] (IRQs 5 10 *11)
[    0.134265] ACPI: PCI Interrupt Link [LNKH] (IRQs 5 10 *11)
[    0.135544] ACPI: PCI Interrupt Link [GSIA] (IRQs *16)
[    0.136720] ACPI: PCI Interrupt Link [GSIB] (IRQs *17)
[    0.137878] ACPI: PCI Interrupt Link [GSIC] (IRQs *18)
[    0.140009] ACPI: PCI Interrupt Link [GSID] (IRQs *19)
[    0.141139] ACPI: PCI Interrupt Link [GSIE] (IRQs *20)
[    0.142289] ACPI: PCI Interrupt Link [GSIF] (IRQs *21)
[    0.143418] ACPI: PCI Interrupt Link [GSIG] (IRQs *22)
[    0.150009] ACPI: PCI Interrupt Link [GSIH] (IRQs *23)
[    0.151382] SCSI subsystem initialized
[    0.152322] ACPI: bus type USB registered
[    0.153248] usbcore: registered new interface driver usbfs
[    0.154446] usbcore: registered new interface driver hub
[    0.155621] usbcore: registered new device driver usb
[    0.156742] pps_core: LinuxPPS API ver. 1 registered
[    0.160002] pps_core: Software ver. 5.3.6 - Copyright 2005-2007 Rodolfo Giometti <giometti@linux.it>
[    0.161985] PTP clock support registered
[    0.162920] PCI: Using ACPI for IRQ routing
[    0.239798] NetLabel: Initializing
[    0.240002] NetLabel:  domain hash size = 128
[    0.240982] NetLabel:  protocols = UNLABELED CIPSOv4 CALIPSO
[    0.242231] NetLabel:  unlabeled traffic allowed by default
[    0.243511] HPET: 3 timers in total, 0 timers will be used for per-cpu timer
[    0.245009] hpet0: at MMIO 0xfed00000, IRQs 2, 8, 0
[    0.246079] hpet0: 3 comparators, 64-bit 100.000000 MHz counter
[    0.252076] clocksource: Switched to clocksource kvm-clock
[    0.263839] VFS: Disk quotas dquot_6.6.0
[    0.264858] VFS: Dquot-cache hash table entries: 512 (order 0, 4096 bytes)
[    0.266390] FS-Cache: Loaded
[    0.267167] CacheFiles: Loaded
[    0.267939] pnp: PnP ACPI init
[    0.269195] pnp: PnP ACPI: found 5 devices
[    0.275801] clocksource: acpi_pm: mask: 0xffffff max_cycles: 0xffffff, max_idle_ns: 2085701024 ns
[    0.277735] NET: Registered protocol family 2
[    0.278992] TCP established hash table entries: 32768 (order: 6, 262144 bytes)
[    0.280685] TCP bind hash table entries: 32768 (order: 7, 524288 bytes)
[    0.282139] TCP: Hash tables configured (established 32768 bind 32768)
[    0.283554] UDP hash table entries: 2048 (order: 4, 65536 bytes)
[    0.284886] UDP-Lite hash table entries: 2048 (order: 4, 65536 bytes)
[    0.286331] NET: Registered protocol family 1
[    0.287385] pci 0000:00:01.0: Video device with shadowed ROM at [mem 0x000c0000-0x000dffff]
[    0.289318] Trying to unpack rootfs image as initramfs...
[    2.842216] Freeing initrd memory: 186772K
[    2.843365] PCI-DMA: Using software bounce buffering for IO (SWIOTLB)
[    2.844740] software IO TLB [mem 0x7096b000-0x7496b000] (64MB) mapped at [ffff9b74b096b000-ffff9b74b496afff]
[    2.847346] PCLMULQDQ-NI instructions are not detected.
[    2.848515] AVX or AES-NI instructions are not detected.
[    2.849665] CPU feature 'AVX registers' is not supported.
[    2.850850] CPU feature 'AVX registers' is not supported.
[    2.852023] CPU feature 'AVX registers' is not supported.
[    2.853193] CPU feature 'AVX registers' is not supported.
[    2.854364] AVX2 or AES-NI instructions are not detected.
[    2.855531] AVX2 instructions are not detected.
[    2.856637] audit: initializing netlink subsys (disabled)
[    2.858056] audit: type=2000 audit(1567620164.531:1): state=initialized audit_enabled=0 res=1
[    2.859929] workingset: timestamp_bits=46 max_order=20 bucket_order=0
[    2.861478] squashfs: version 4.0 (2009/01/31) Phillip Lougher
[    2.862800] FS-Cache: Netfs 'cifs' registered for caching
[    2.863985] fuse init (API version 7.26)
[    2.864935] SGI XFS with ACLs, security attributes, no debug enabled
[    2.868330] 9p: Installing v9fs 9p2000 file system support
[    2.869578] FS-Cache: Netfs '9p' registered for caching
[    2.871798] NET: Registered protocol family 38
[    2.872792] Key type asymmetric registered
[    2.873719] Asymmetric key parser 'x509' registered
[    2.874799] Block layer SCSI generic (bsg) driver version 0.4 loaded (major 248)
[    2.876426] io scheduler noop registered
[    2.877323] io scheduler deadline registered (default)
[    2.878454] io scheduler cfq registered
[    2.879326] io scheduler mq-deadline registered
[    2.880372] io scheduler kyber registered
[    2.881364] shpchp: Standard Hot Plug PCI Controller Driver version: 0.4
[    2.882790] hv_vmbus: registering driver hyperv_fb
[    2.883915] input: Power Button as /devices/LNXSYSTM:00/LNXPWRBN:00/input/input0
[    2.885528] ACPI: Power Button [PWRF]
[    2.886834] ACPI: PCI Interrupt Link [GSIG] enabled at IRQ 22
[    2.888119] virtio-pci 0000:00:02.0: virtio_pci: leaving for legacy driver
[    2.890281] ACPI: PCI Interrupt Link [GSIH] enabled at IRQ 23
[    2.891589] virtio-pci 0000:00:03.0: virtio_pci: leaving for legacy driver
[    2.893480] Serial: 8250/16550 driver, 4 ports, IRQ sharing disabled
[    2.917517] 00:04: ttyS0 at I/O 0x3f8 (irq = 4, base_baud = 115200) is a 16550A
[    2.919498] Non-volatile memory driver v1.3
[    2.920744] Hangcheck: starting hangcheck timer 0.9.1 (tick is 180 seconds, margin is 60 seconds).
[    2.923324] random: crng init done
[    2.925252] brd: module loaded
[    2.928167] loop: module loaded
[    2.934508] lpc_ich 0000:00:1f.0: RCBA is disabled by hardware/BIOS, device disabled
[    2.936273] lpc_ich 0000:00:1f.0: I/O space for GPIO uninitialized
[    2.937584] lpc_ich 0000:00:1f.0: No MFD cells added
[    2.938726] VMware PVSCSI driver - version 1.0.7.0-k
[    2.939829] hv_vmbus: registering driver hv_storvsc
[    2.941338] ACPI: PCI Interrupt Link [GSIA] enabled at IRQ 16
[    2.943220] ahci 0000:00:1f.2: AHCI 0001.0000 32 slots 6 ports 1.5 Gbps 0x3f impl SATA mode
[    2.945000] ahci 0000:00:1f.2: flags: ncq only 
[    2.946852] scsi host0: ahci
[    2.947644] scsi host1: ahci
[    2.948394] scsi host2: ahci
[    2.949149] scsi host3: ahci
[    2.949897] scsi host4: ahci
[    2.950670] scsi host5: ahci
[    2.951412] ata1: SATA max UDMA/133 abar m4096@0xfebd2000 port 0xfebd2100 irq 24
[    2.953025] ata2: SATA max UDMA/133 abar m4096@0xfebd2000 port 0xfebd2180 irq 24
[    2.954649] ata3: SATA max UDMA/133 abar m4096@0xfebd2000 port 0xfebd2200 irq 24
[    2.956285] ata4: SATA max UDMA/133 abar m4096@0xfebd2000 port 0xfebd2280 irq 24
[    2.957890] ata5: SATA max UDMA/133 abar m4096@0xfebd2000 port 0xfebd2300 irq 24
[    2.959515] ata6: SATA max UDMA/133 abar m4096@0xfebd2000 port 0xfebd2380 irq 24
[    2.961659] tun: Universal TUN/TAP device driver, 1.6
[    2.963556] VMware vmxnet3 virtual NIC driver - version 1.4.a.0-k-NAPI
[    2.964956] hv_vmbus: registering driver hv_netvsc
[    2.966004] Fusion MPT base driver 3.04.20
[    2.966919] Copyright (c) 1999-2008 LSI Corporation
[    2.968008] Fusion MPT SPI Host driver 3.04.20
[    2.969047] i8042: PNP: PS/2 Controller [PNP0303:KBD,PNP0f13:MOU] at 0x60,0x64 irq 1,12
[    2.971607] serio: i8042 KBD port at 0x60,0x64 irq 1
[    2.972693] serio: i8042 AUX port at 0x60,0x64 irq 12
[    2.973850] hv_vmbus: registering driver hyperv_keyboard
[    2.975044] mousedev: PS/2 mouse device common for all mice
[    2.976540] input: AT Translated Set 2 keyboard as /devices/platform/i8042/serio0/input/input1
[    2.978590] input: PC Speaker as /devices/platform/pcspkr/input/input3
[    2.980110] rtc_cmos 00:00: RTC can wake from S4
[    2.981459] rtc_cmos 00:00: rtc core: registered rtc_cmos as rtc0
[    2.982925] rtc_cmos 00:00: alarms up to one day, 114 bytes nvram, hpet irqs
[    2.984411] i2c /dev entries driver
[    2.985267] device-mapper: ioctl: 4.37.0-ioctl (2017-09-20) initialised: dm-devel@redhat.com
[    2.987170] usbcore: registered new interface driver usbhid
[    2.988375] usbhid: USB HID core driver
[    2.989259] hv_utils: Registering HyperV Utility Driver
[    2.990408] hv_vmbus: registering driver hv_util
[    2.991432] hv_vmbus: registering driver hv_balloon
[    2.992512] oprofile: using NMI interrupt.
[    2.993453] GACT probability on
[    2.994199] Mirror/redirect action on
[    2.995065] Simple TC action Loaded
[    2.995887] u32 classifier
[    2.996547]     Performance counters on
[    2.997423]     input device check on
[    2.998260]     Actions configured
[    2.999129] Netfilter messages via NETLINK v0.30.
[    3.000232] nfnl_acct: registering with nfnetlink.
[    3.001337] nf_conntrack version 0.5.0 (16384 buckets, 65536 max)
[    3.002663] ctnetlink v0.93: registering with nfnetlink.
[    3.004789] nf_tables: (c) 2007-2009 Patrick McHardy <kaber@trash.net>
[    3.006202] nf_tables_compat: (c) 2012 Pablo Neira Ayuso <pablo@netfilter.org>
[    3.007836] xt_time: kernel timezone is -0000
[    3.008811] ip_set: protocol 6
[    3.009542] IPVS: Registered protocols (TCP, UDP, SCTP, AH, ESP)
[    3.010859] IPVS: Connection hash table configured (size=4096, memory=64Kbytes)
[    3.012516] IPVS: ipvs loaded.
[    3.013247] IPVS: [rr] scheduler registered.
[    3.014241] IPVS: [wrr] scheduler registered.
[    3.015217] IPVS: [lc] scheduler registered.
[    3.016190] IPVS: [wlc] scheduler registered.
[    3.017158] IPVS: [fo] scheduler registered.
[    3.018115] IPVS: [ovf] scheduler registered.
[    3.019090] IPVS: [lblc] scheduler registered.
[    3.020134] IPVS: [lblcr] scheduler registered.
[    3.021161] IPVS: [dh] scheduler registered.
[    3.022119] IPVS: [sh] scheduler registered.
[    3.023077] IPVS: [sed] scheduler registered.
[    3.024052] IPVS: [nq] scheduler registered.
[    3.025007] IPVS: ftp: loaded support on port[0] = 21
[    3.026151] ipip: IPv4 and MPLS over IPv4 tunneling driver
[    3.027429] gre: GRE over IPv4 demultiplexor driver
[    3.028579] ip_tables: (C) 2000-2006 Netfilter Core Team
[    3.029760] ipt_CLUSTERIP: ClusterIP Version 0.8 loaded successfully
[    3.039165] arp_tables: arp_tables: (C) 2002 David S. Miller
[    3.040459] NET: Registered protocol family 10
[    3.041663] Segment Routing with IPv6
[    3.042528] ip6_tables: (C) 2000-2006 Netfilter Core Team
[    3.043977] NET: Registered protocol family 17
[    3.045049] Bridge firewalling registered
[    3.046012] Ebtables v2.0 registered
[    3.046925] 8021q: 802.1Q VLAN Support v1.8
[    3.047947] 9pnet: Installing 9P2000 support
[    3.048977] Key type dns_resolver registered
[    3.050076] sched_clock: Marking stable (3050007783, 0)->(3435264717, -385256934)
[    3.051902] registered taskstats version 1
[    3.058282] Key type big_key registered
[    3.061867] Key type encrypted registered
[    3.063152] rtc_cmos 00:00: setting system clock to 2019-09-04 18:02:44 UTC (1567620164)
[    3.293494] ata6: SATA link down (SStatus 0 SControl 300)
[    3.296209] ata5: SATA link down (SStatus 0 SControl 300)
[    3.298785] ata3: SATA link up 1.5 Gbps (SStatus 113 SControl 300)
[    3.301795] ata4: SATA link down (SStatus 0 SControl 300)
[    3.304367] ata1: SATA link down (SStatus 0 SControl 300)
[    3.306920] ata2: SATA link down (SStatus 0 SControl 300)
[    3.309194] ata3.00: ATAPI: QEMU DVD-ROM, 2.5+, max UDMA/100
[    3.311437] ata3.00: applying bridge limits
[    3.313411] ata3.00: configured for UDMA/100
[    3.315714] scsi 2:0:0:0: CD-ROM            QEMU     QEMU DVD-ROM     2.5+ PQ: 0 ANSI: 5
[    3.360481] sr 2:0:0:0: [sr0] scsi3-mmc drive: 4x/4x cd/rw xa/form2 tray
[    3.363093] cdrom: Uniform CD-ROM driver Revision: 3.20
[    3.365814] sr 2:0:0:0: Attached scsi generic sg0 type 5
[    3.371618] Freeing unused kernel memory: 1504K
[    3.373705] Write protecting the kernel read-only data: 18432k
[    3.377023] Freeing unused kernel memory: 2024K
[    3.384572] Freeing unused kernel memory: 1140K
[    3.920093] tsc: Refined TSC clocksource calibration: 2993.171 MHz
[    3.921488] clocksource: tsc: mask: 0xffffffffffffffff max_cycles: 0x2b2511edf07, max_idle_ns: 440795226007 ns

Welcome to LinuxKit

                        ##         .
                  ## ## ##        ==
               ## ## ## ## ##    ===
           /"""""""""""""""""\___/ ===
          {                       /  ===-
           \______ O           __/
             \    \         __/
              \____\_______/



Welcome to LinuxKit

                        ##         .
                  ## ## ##        ==
               ## ## ## ## ##    ===
           /"""""""""""""""""___/ ===
          {                       /  ===-
           ______ O           __/
                          __/
              ___________/

linuxkit-663b1e9d7a07 login: root (automatic login)

Welcome to LinuxKit!

NOTE: This system is namespaced.
The namespace you are currently in may not be the root.
my bash_profile_root started...
[    5.203275] 8021q: adding VLAN 0 to HW filter on device eth0
[    5.444284] IPVS: ftp: loaded support on port[0] = 21
list of login shells running:
3
  283 root       0:00 -sh
  293 root       0:00 -sh
pid of our current login shell:
283
start running the LinuxKit containers...
start running task [1/2] ...
CMD_TASK_1: sleep 10
task [1/2] completed.
start running task [2/2] ...
CMD_TASK_2: runc --root /run/containerd/runc/services.linuxkit/ exec -t mariadb ps -ef
UID        PID  PPID  C STIME TTY          TIME CMD
root         1     0  0 18:02 ?        00:00:00 sh -c sleep 3000
root         5     1  0 18:02 ?        00:00:00 sleep 3000
root         6     0  0 18:03 pts/0    00:00:00 ps -ef
task [2/2] completed.
my bash_profile_root finished.
ready to halt LinuxKit VM.
linuxkit-663b1e9d7a07:~# [6n[   50.284463] ACPI: Preparing to enter system sleep state S5
