[    0.000000] Linux version 4.14.24-linuxkit (root@67536bafe844) (gcc version 6.4.0 (Alpine 6.4.0)) #1 SMP Fri Mar 9 12:52:19 UTC 2018
[    0.000000] Command line: console=tty0 console=ttyS0 console=ttyAMA0
[    0.000000] x86/fpu: x87 FPU will use FXSAVE
[    0.000000] e820: BIOS-provided physical RAM map:
[    0.000000] BIOS-e820: [mem 0x0000000000000000-0x000000000009fbff] usable
[    0.000000] BIOS-e820: [mem 0x000000000009fc00-0x000000000009ffff] reserved
[    0.000000] BIOS-e820: [mem 0x00000000000f0000-0x00000000000fffff] reserved
[    0.000000] BIOS-e820: [mem 0x0000000000100000-0x000000007ffdefff] usable
[    0.000000] BIOS-e820: [mem 0x000000007ffdf000-0x000000007fffffff] reserved
[    0.000000] BIOS-e820: [mem 0x00000000b0000000-0x00000000bfffffff] reserved
[    0.000000] BIOS-e820: [mem 0x00000000feffc000-0x00000000feffffff] reserved
[    0.000000] BIOS-e820: [mem 0x00000000fffc0000-0x00000000ffffffff] reserved
[    0.000000] BIOS-e820: [mem 0x0000000100000000-0x000000017fffffff] usable
[    0.000000] NX (Execute Disable) protection: active
[    0.000000] random: fast init done
[    0.000000] SMBIOS 2.8 present.
[    0.000000] DMI: QEMU Standard PC (Q35 + ICH9, 2009), BIOS Ubuntu-1.8.2-1ubuntu1 04/01/2014
[    0.000000] Hypervisor detected: KVM
[    0.000000] tsc: Fast TSC calibration using PIT
[    0.000000] e820: last_pfn = 0x180000 max_arch_pfn = 0x400000000
[    0.000000] x86/PAT: PAT not supported by CPU.
[    0.000000] x86/PAT: Configuration [0-7]: WB  WT  UC- UC  WB  WT  UC- UC  
[    0.000000] e820: last_pfn = 0x7ffdf max_arch_pfn = 0x400000000
[    0.000000] found SMP MP-table at [mem 0x000f6630-0x000f663f] mapped at [ffffffffff200630]
[    0.000000] RAMDISK: [mem 0x7496b000-0x7ffcffff]
[    0.000000] ACPI: Early table checksum verification disabled
[    0.000000] ACPI: RSDP 0x00000000000F6440 000014 (v00 BOCHS )
[    0.000000] ACPI: RSDT 0x000000007FFE2267 000038 (v01 BOCHS  BXPCRSDT 00000001 BXPC 00000001)
[    0.000000] ACPI: FACP 0x000000007FFE1E32 000074 (v01 BOCHS  BXPCFACP 00000001 BXPC 00000001)
[    0.000000] ACPI: DSDT 0x000000007FFE0040 001DF2 (v01 BOCHS  BXPCDSDT 00000001 BXPC 00000001)
[    0.000000] ACPI: FACS 0x000000007FFE0000 000040
[    0.000000] ACPI: SSDT 0x000000007FFE1EA6 0002D5 (v01 BOCHS  BXPCSSDT 00000001 BXPC 00000001)
[    0.000000] ACPI: APIC 0x000000007FFE217B 000078 (v01 BOCHS  BXPCAPIC 00000001 BXPC 00000001)
[    0.000000] ACPI: HPET 0x000000007FFE21F3 000038 (v01 BOCHS  BXPCHPET 00000001 BXPC 00000001)
[    0.000000] ACPI: MCFG 0x000000007FFE222B 00003C (v01 BOCHS  BXPCMCFG 00000001 BXPC 00000001)
[    0.000000] kvm-clock: Using msrs 4b564d01 and 4b564d00
[    0.000000] kvm-clock: cpu 0, msr 1:7fffc001, primary cpu clock
[    0.000000] kvm-clock: using sched offset of 20675347122 cycles
[    0.000000] clocksource: kvm-clock: mask: 0xffffffffffffffff max_cycles: 0x1cd42e4dffb, max_idle_ns: 881590591483 ns
[    0.000000] Zone ranges:
[    0.000000]   DMA      [mem 0x0000000000001000-0x0000000000ffffff]
[    0.000000]   DMA32    [mem 0x0000000001000000-0x00000000ffffffff]
[    0.000000]   Normal   [mem 0x0000000100000000-0x000000017fffffff]
[    0.000000]   Device   empty
[    0.000000] Movable zone start for each node
[    0.000000] Early memory node ranges
[    0.000000]   node   0: [mem 0x0000000000001000-0x000000000009efff]
[    0.000000]   node   0: [mem 0x0000000000100000-0x000000007ffdefff]
[    0.000000]   node   0: [mem 0x0000000100000000-0x000000017fffffff]
[    0.000000] Initmem setup node 0 [mem 0x0000000000001000-0x000000017fffffff]
[    0.000000] ACPI: PM-Timer IO Port: 0x608
[    0.000000] ACPI: LAPIC_NMI (acpi_id[0xff] dfl dfl lint[0x1])
[    0.000000] IOAPIC[0]: apic_id 0, version 17, address 0xfec00000, GSI 0-23
[    0.000000] ACPI: INT_SRC_OVR (bus 0 bus_irq 0 global_irq 2 dfl dfl)
[    0.000000] ACPI: INT_SRC_OVR (bus 0 bus_irq 5 global_irq 5 high level)
[    0.000000] ACPI: INT_SRC_OVR (bus 0 bus_irq 9 global_irq 9 high level)
[    0.000000] ACPI: INT_SRC_OVR (bus 0 bus_irq 10 global_irq 10 high level)
[    0.000000] ACPI: INT_SRC_OVR (bus 0 bus_irq 11 global_irq 11 high level)
[    0.000000] Using ACPI (MADT) for SMP configuration information
[    0.000000] ACPI: HPET id: 0x8086a201 base: 0xfed00000
[    0.000000] smpboot: Allowing 1 CPUs, 0 hotplug CPUs
[    0.000000] e820: [mem 0xc0000000-0xfeffbfff] available for PCI devices
[    0.000000] Booting paravirtualized kernel on KVM
[    0.000000] clocksource: refined-jiffies: mask: 0xffffffff max_cycles: 0xffffffff, max_idle_ns: 19112604462750000 ns
[    0.000000] setup_percpu: NR_CPUS:128 nr_cpumask_bits:128 nr_cpu_ids:1 nr_node_ids:1
[    0.000000] percpu: Embedded 44 pages/cpu @ffff98107fc00000 s143192 r8192 d28840 u2097152
[    0.000000] KVM setup async PF for cpu 0
[    0.000000] kvm-stealtime: cpu 0, msr 17fc15f00
[    0.000000] Built 1 zonelists, mobility grouping on.  Total pages: 1032040
[    0.000000] Kernel command line: console=tty0 console=ttyS0 console=ttyAMA0
[    0.000000] PID hash table entries: 4096 (order: 3, 32768 bytes)
[    0.000000] Dentry cache hash table entries: 524288 (order: 10, 4194304 bytes)
[    0.000000] Inode-cache hash table entries: 262144 (order: 9, 2097152 bytes)
[    0.000000] Memory: 3844060K/4193780K available (12300K kernel code, 1460K rwdata, 2956K rodata, 1504K init, 628K bss, 349720K reserved, 0K cma-reserved)
[    0.000000] Kernel/User page tables isolation: enabled
[    0.000000] ftrace: allocating 40643 entries in 159 pages
[    0.010000] Hierarchical RCU implementation.
[    0.010000] 	RCU restricting CPUs from NR_CPUS=128 to nr_cpu_ids=1.
[    0.010000] RCU: Adjusting geometry for rcu_fanout_leaf=16, nr_cpu_ids=1
[    0.010000] NR_IRQS: 8448, nr_irqs: 256, preallocated irqs: 16
[    0.010000] Console: colour VGA+ 80x25
[    0.010000] console [tty0] enabled
[    0.010000] console [ttyS0] enabled
[    0.010000] clocksource: hpet: mask: 0xffffffff max_cycles: 0xffffffff, max_idle_ns: 19112604467 ns
[    0.010008] tsc: Detected 2993.200 MHz processor
[    0.011056] Calibrating delay loop (skipped) preset value.. 5986.40 BogoMIPS (lpj=29932000)
[    0.011814] pid_max: default: 32768 minimum: 301
[    0.012876] ACPI: Core revision 20170728
[    0.014622] ACPI: 2 ACPI AML tables successfully acquired and loaded
[    0.016017] Security Framework initialized
[    0.016947] Yama: becoming mindful.
[    0.017830] Mount-cache hash table entries: 8192 (order: 4, 65536 bytes)
[    0.020017] Mountpoint-cache hash table entries: 8192 (order: 4, 65536 bytes)
[    0.021748] Last level iTLB entries: 4KB 0, 2MB 0, 4MB 0
[    0.022925] Last level dTLB entries: 4KB 0, 2MB 0, 4MB 0, 1GB 0
[    0.024246] Spectre V2 : Vulnerable: Minimal generic ASM retpoline
[    0.029360] Freeing SMP alternatives memory: 20K
[    0.030390] smpboot: Max logical packages: 1
[    0.031678] x2apic enabled
[    0.032697] Switched APIC routing to physical x2apic.
[    0.035317] ..TIMER: vector=0x30 apic1=0 pin1=2 apic2=-1 pin2=-1
[    0.040000] smpboot: CPU0: Intel QEMU Virtual CPU version 2.5+ (family: 0x6, model: 0x6, stepping: 0x3)
[    0.040000] Performance Events: PMU not available due to virtualization, using software events only.
[    0.040000] Hierarchical SRCU implementation.
[    0.040000] NMI watchdog: Perf event create on CPU 0 failed with -2
[    0.040000] NMI watchdog: Perf NMI watchdog permanently disabled
[    0.040000] smp: Bringing up secondary CPUs ...
[    0.040000] smp: Brought up 1 node, 1 CPU
[    0.040000] smpboot: Total of 1 processors activated (5986.40 BogoMIPS)
[    0.040442] devtmpfs: initialized
[    0.041276] x86/mm: Memory block size: 128MB
[    0.042653] clocksource: jiffies: mask: 0xffffffff max_cycles: 0xffffffff, max_idle_ns: 19112604462750000 ns
[    0.044716] futex hash table entries: 256 (order: 2, 16384 bytes)
[    0.046141] NET: Registered protocol family 16
[    0.047280] cpuidle: using governor ladder
[    0.048200] cpuidle: using governor menu
[    0.050053] ACPI: bus type PCI registered
[    0.051064] PCI: MMCONFIG for domain 0000 [bus 00-ff] at [mem 0xb0000000-0xbfffffff] (base 0xb0000000)
[    0.053071] PCI: MMCONFIG at [mem 0xb0000000-0xbfffffff] reserved in E820
[    0.054494] PCI: Using configuration type 1 for base access
[    0.057033] HugeTLB registered 2.00 MiB page size, pre-allocated 0 pages
[    0.058624] ACPI: Added _OSI(Module Device)
[    0.060004] ACPI: Added _OSI(Processor Device)
[    0.061000] ACPI: Added _OSI(3.0 _SCP Extensions)
[    0.062026] ACPI: Added _OSI(Processor Aggregator Device)
[    0.065488] ACPI: Interpreter enabled
[    0.066340] ACPI: (supports S0 S5)
[    0.067131] ACPI: Using IOAPIC for interrupt routing
[    0.068223] PCI: Using host bridge windows from ACPI; if necessary, use "pci=nocrs" and report a bug
[    0.070466] ACPI: Enabled 16 GPEs in block 00 to 3F
[    0.073567] ACPI: PCI Root Bridge [PCI0] (domain 0000 [bus 00-ff])
[    0.074872] acpi PNP0A08:00: _OSC: OS supports [ExtendedConfig ASPM ClockPM Segments MSI]
[    0.076711] acpi PNP0A08:00: _OSC: OS now controls [PCIeHotplug PME PCIeCapability]
[    0.078431] PCI host bridge to bus 0000:00
[    0.079351] pci_bus 0000:00: root bus resource [io  0x0000-0x0cf7 window]
[    0.080013] pci_bus 0000:00: root bus resource [io  0x0d00-0xffff window]
[    0.081423] pci_bus 0000:00: root bus resource [mem 0x000a0000-0x000bffff window]
[    0.083015] pci_bus 0000:00: root bus resource [mem 0xc0000000-0xfebfffff window]
[    0.084621] pci_bus 0000:00: root bus resource [bus 00-ff]
[    0.107765] pci 0000:00:1f.0: quirk: [io  0x0600-0x067f] claimed by ICH6 ACPI/GPIO/TCO
[    0.121893] ACPI: PCI Interrupt Link [LNKA] (IRQs 5 *10 11)
[    0.123204] ACPI: PCI Interrupt Link [LNKB] (IRQs 5 *10 11)
[    0.124491] ACPI: PCI Interrupt Link [LNKC] (IRQs 5 10 *11)
[    0.125769] ACPI: PCI Interrupt Link [LNKD] (IRQs 5 10 *11)
[    0.127039] ACPI: PCI Interrupt Link [LNKE] (IRQs 5 *10 11)
[    0.128315] ACPI: PCI Interrupt Link [LNKF] (IRQs 5 *10 11)
[    0.129587] ACPI: PCI Interrupt Link [LNKG] (IRQs 5 10 *11)
[    0.130086] ACPI: PCI Interrupt Link [LNKH] (IRQs 5 10 *11)
[    0.131332] ACPI: PCI Interrupt Link [GSIA] (IRQs *16)
[    0.132469] ACPI: PCI Interrupt Link [GSIB] (IRQs *17)
[    0.133575] ACPI: PCI Interrupt Link [GSIC] (IRQs *18)
[    0.134688] ACPI: PCI Interrupt Link [GSID] (IRQs *19)
[    0.135814] ACPI: PCI Interrupt Link [GSIE] (IRQs *20)
[    0.136936] ACPI: PCI Interrupt Link [GSIF] (IRQs *21)
[    0.138089] ACPI: PCI Interrupt Link [GSIG] (IRQs *22)
[    0.140008] ACPI: PCI Interrupt Link [GSIH] (IRQs *23)
[    0.141371] SCSI subsystem initialized
[    0.150070] ACPI: bus type USB registered
[    0.150994] usbcore: registered new interface driver usbfs
[    0.152200] usbcore: registered new interface driver hub
[    0.153389] usbcore: registered new device driver usb
[    0.154502] pps_core: LinuxPPS API ver. 1 registered
[    0.155578] pps_core: Software ver. 5.3.6 - Copyright 2005-2007 Rodolfo Giometti <giometti@linux.it>
[    0.157496] PTP clock support registered
[    0.158445] PCI: Using ACPI for IRQ routing
[    0.234406] NetLabel: Initializing
[    0.235197] NetLabel:  domain hash size = 128
[    0.236181] NetLabel:  protocols = UNLABELED CIPSOv4 CALIPSO
[    0.237423] NetLabel:  unlabeled traffic allowed by default
[    0.238725] HPET: 3 timers in total, 0 timers will be used for per-cpu timer
[    0.240021] hpet0: at MMIO 0xfed00000, IRQs 2, 8, 0
[    0.241104] hpet0: 3 comparators, 64-bit 100.000000 MHz counter
[    0.248545] clocksource: Switched to clocksource kvm-clock
[    0.253775] VFS: Disk quotas dquot_6.6.0
[    0.254768] VFS: Dquot-cache hash table entries: 512 (order 0, 4096 bytes)
[    0.256293] FS-Cache: Loaded
[    0.257063] CacheFiles: Loaded
[    0.257824] pnp: PnP ACPI init
[    0.259070] pnp: PnP ACPI: found 5 devices
[    0.265707] clocksource: acpi_pm: mask: 0xffffff max_cycles: 0xffffff, max_idle_ns: 2085701024 ns
[    0.267697] NET: Registered protocol family 2
[    0.268990] TCP established hash table entries: 32768 (order: 6, 262144 bytes)
[    0.270660] TCP bind hash table entries: 32768 (order: 7, 524288 bytes)
[    0.272157] TCP: Hash tables configured (established 32768 bind 32768)
[    0.273588] UDP hash table entries: 2048 (order: 4, 65536 bytes)
[    0.274910] UDP-Lite hash table entries: 2048 (order: 4, 65536 bytes)
[    0.276371] NET: Registered protocol family 1
[    0.277420] pci 0000:00:01.0: Video device with shadowed ROM at [mem 0x000c0000-0x000dffff]
[    0.279344] Trying to unpack rootfs image as initramfs...
[    2.721200] Freeing initrd memory: 186772K
[    2.722189] PCI-DMA: Using software bounce buffering for IO (SWIOTLB)
[    2.723540] software IO TLB [mem 0x7096b000-0x7496b000] (64MB) mapped at [ffff980f7096b000-ffff980f7496afff]
[    2.726318] PCLMULQDQ-NI instructions are not detected.
[    2.727474] AVX or AES-NI instructions are not detected.
[    2.728644] CPU feature 'AVX registers' is not supported.
[    2.729816] CPU feature 'AVX registers' is not supported.
[    2.731009] CPU feature 'AVX registers' is not supported.
[    2.732178] CPU feature 'AVX registers' is not supported.
[    2.733336] AVX2 or AES-NI instructions are not detected.
[    2.734492] AVX2 instructions are not detected.
[    2.735596] audit: initializing netlink subsys (disabled)
[    2.737004] audit: type=2000 audit(1567621853.505:1): state=initialized audit_enabled=0 res=1
[    2.738837] workingset: timestamp_bits=46 max_order=20 bucket_order=0
[    2.740339] squashfs: version 4.0 (2009/01/31) Phillip Lougher
[    2.741638] FS-Cache: Netfs 'cifs' registered for caching
[    2.742814] fuse init (API version 7.26)
[    2.743764] SGI XFS with ACLs, security attributes, no debug enabled
[    2.745405] 9p: Installing v9fs 9p2000 file system support
[    2.746618] FS-Cache: Netfs '9p' registered for caching
[    2.748737] NET: Registered protocol family 38
[    2.749725] Key type asymmetric registered
[    2.750706] Asymmetric key parser 'x509' registered
[    2.751791] Block layer SCSI generic (bsg) driver version 0.4 loaded (major 248)
[    2.753404] io scheduler noop registered
[    2.754296] io scheduler deadline registered (default)
[    2.755422] io scheduler cfq registered
[    2.756296] io scheduler mq-deadline registered
[    2.757293] io scheduler kyber registered
[    2.758253] shpchp: Standard Hot Plug PCI Controller Driver version: 0.4
[    2.759672] hv_vmbus: registering driver hyperv_fb
[    2.760834] input: Power Button as /devices/LNXSYSTM:00/LNXPWRBN:00/input/input0
[    2.762444] ACPI: Power Button [PWRF]
[    2.763745] ACPI: PCI Interrupt Link [GSIG] enabled at IRQ 22
[    2.765035] virtio-pci 0000:00:02.0: virtio_pci: leaving for legacy driver
[    2.767116] ACPI: PCI Interrupt Link [GSIH] enabled at IRQ 23
[    2.768412] virtio-pci 0000:00:03.0: virtio_pci: leaving for legacy driver
[    2.770392] Serial: 8250/16550 driver, 4 ports, IRQ sharing disabled
[    2.794378] 00:04: ttyS0 at I/O 0x3f8 (irq = 4, base_baud = 115200) is a 16550A
[    2.796342] Non-volatile memory driver v1.3
[    2.797571] Hangcheck: starting hangcheck timer 0.9.1 (tick is 180 seconds, margin is 60 seconds).
[    2.800030] random: crng init done
[    2.801986] brd: module loaded
[    2.803940] loop: module loaded
[    2.807275] lpc_ich 0000:00:1f.0: RCBA is disabled by hardware/BIOS, device disabled
[    2.809022] lpc_ich 0000:00:1f.0: I/O space for GPIO uninitialized
[    2.810390] lpc_ich 0000:00:1f.0: No MFD cells added
[    2.811547] VMware PVSCSI driver - version 1.0.7.0-k
[    2.812663] hv_vmbus: registering driver hv_storvsc
[    2.814109] ACPI: PCI Interrupt Link [GSIA] enabled at IRQ 16
[    2.815995] ahci 0000:00:1f.2: AHCI 0001.0000 32 slots 6 ports 1.5 Gbps 0x3f impl SATA mode
[    2.817779] ahci 0000:00:1f.2: flags: ncq only 
[    2.819661] scsi host0: ahci
[    2.820428] scsi host1: ahci
[    2.821176] scsi host2: ahci
[    2.821924] scsi host3: ahci
[    2.822665] scsi host4: ahci
[    2.823412] scsi host5: ahci
[    2.824167] ata1: SATA max UDMA/133 abar m4096@0xfebd2000 port 0xfebd2100 irq 24
[    2.825760] ata2: SATA max UDMA/133 abar m4096@0xfebd2000 port 0xfebd2180 irq 24
[    2.827385] ata3: SATA max UDMA/133 abar m4096@0xfebd2000 port 0xfebd2200 irq 24
[    2.829006] ata4: SATA max UDMA/133 abar m4096@0xfebd2000 port 0xfebd2280 irq 24
[    2.830654] ata5: SATA max UDMA/133 abar m4096@0xfebd2000 port 0xfebd2300 irq 24
[    2.832273] ata6: SATA max UDMA/133 abar m4096@0xfebd2000 port 0xfebd2380 irq 24
[    2.834364] tun: Universal TUN/TAP device driver, 1.6
[    2.836260] VMware vmxnet3 virtual NIC driver - version 1.4.a.0-k-NAPI
[    2.837652] hv_vmbus: registering driver hv_netvsc
[    2.838694] Fusion MPT base driver 3.04.20
[    2.839622] Copyright (c) 1999-2008 LSI Corporation
[    2.840713] Fusion MPT SPI Host driver 3.04.20
[    2.841737] i8042: PNP: PS/2 Controller [PNP0303:KBD,PNP0f13:MOU] at 0x60,0x64 irq 1,12
[    2.844241] serio: i8042 KBD port at 0x60,0x64 irq 1
[    2.845330] serio: i8042 AUX port at 0x60,0x64 irq 12
[    2.846504] hv_vmbus: registering driver hyperv_keyboard
[    2.847695] mousedev: PS/2 mouse device common for all mice
[    2.849180] input: AT Translated Set 2 keyboard as /devices/platform/i8042/serio0/input/input1
[    2.851263] input: PC Speaker as /devices/platform/pcspkr/input/input3
[    2.852731] rtc_cmos 00:00: RTC can wake from S4
[    2.854041] rtc_cmos 00:00: rtc core: registered rtc_cmos as rtc0
[    2.855502] rtc_cmos 00:00: alarms up to one day, 114 bytes nvram, hpet irqs
[    2.856979] i2c /dev entries driver
[    2.857830] device-mapper: ioctl: 4.37.0-ioctl (2017-09-20) initialised: dm-devel@redhat.com
[    2.859738] usbcore: registered new interface driver usbhid
[    2.860949] usbhid: USB HID core driver
[    2.861836] hv_utils: Registering HyperV Utility Driver
[    2.862964] hv_vmbus: registering driver hv_util
[    2.863986] hv_vmbus: registering driver hv_balloon
[    2.865053] oprofile: using NMI interrupt.
[    2.865989] GACT probability on
[    2.866731] Mirror/redirect action on
[    2.867572] Simple TC action Loaded
[    2.868383] u32 classifier
[    2.869040]     Performance counters on
[    2.869937]     input device check on
[    2.870796]     Actions configured
[    2.871665] Netfilter messages via NETLINK v0.30.
[    2.872725] nfnl_acct: registering with nfnetlink.
[    2.873804] nf_conntrack version 0.5.0 (16384 buckets, 65536 max)
[    2.875121] ctnetlink v0.93: registering with nfnetlink.
[    2.876452] nf_tables: (c) 2007-2009 Patrick McHardy <kaber@trash.net>
[    2.877836] nf_tables_compat: (c) 2012 Pablo Neira Ayuso <pablo@netfilter.org>
[    2.879478] xt_time: kernel timezone is -0000
[    2.880472] ip_set: protocol 6
[    2.881205] IPVS: Registered protocols (TCP, UDP, SCTP, AH, ESP)
[    2.882487] IPVS: Connection hash table configured (size=4096, memory=64Kbytes)
[    2.884132] IPVS: ipvs loaded.
[    2.884859] IPVS: [rr] scheduler registered.
[    2.885811] IPVS: [wrr] scheduler registered.
[    2.886808] IPVS: [lc] scheduler registered.
[    2.887761] IPVS: [wlc] scheduler registered.
[    2.888723] IPVS: [fo] scheduler registered.
[    2.889672] IPVS: [ovf] scheduler registered.
[    2.890670] IPVS: [lblc] scheduler registered.
[    2.891657] IPVS: [lblcr] scheduler registered.
[    2.892652] IPVS: [dh] scheduler registered.
[    2.893617] IPVS: [sh] scheduler registered.
[    2.894568] IPVS: [sed] scheduler registered.
[    2.895527] IPVS: [nq] scheduler registered.
[    2.896481] IPVS: ftp: loaded support on port[0] = 21
[    2.897633] ipip: IPv4 and MPLS over IPv4 tunneling driver
[    2.898897] gre: GRE over IPv4 demultiplexor driver
[    2.900019] ip_tables: (C) 2000-2006 Netfilter Core Team
[    2.901194] ipt_CLUSTERIP: ClusterIP Version 0.8 loaded successfully
[    2.910625] arp_tables: arp_tables: (C) 2002 David S. Miller
[    2.911872] NET: Registered protocol family 10
[    2.913065] Segment Routing with IPv6
[    2.913924] ip6_tables: (C) 2000-2006 Netfilter Core Team
[    2.915224] NET: Registered protocol family 17
[    2.916233] Bridge firewalling registered
[    2.917134] Ebtables v2.0 registered
[    2.917987] 8021q: 802.1Q VLAN Support v1.8
[    2.918936] 9pnet: Installing 9P2000 support
[    2.919919] Key type dns_resolver registered
[    2.920945] sched_clock: Marking stable (2920871061, 0)->(3308720154, -387849093)
[    2.922635] registered taskstats version 1
[    2.928677] Key type big_key registered
[    2.932139] Key type encrypted registered
[    2.933334] rtc_cmos 00:00: setting system clock to 2019-09-04 18:30:53 UTC (1567621853)
[    3.163481] ata1: SATA link down (SStatus 0 SControl 300)
[    3.166117] ata2: SATA link down (SStatus 0 SControl 300)
[    3.168835] ata5: SATA link down (SStatus 0 SControl 300)
[    3.171570] ata4: SATA link down (SStatus 0 SControl 300)
[    3.174292] ata6: SATA link down (SStatus 0 SControl 300)
[    3.176948] ata3: SATA link up 1.5 Gbps (SStatus 113 SControl 300)
[    3.179679] ata3.00: ATAPI: QEMU DVD-ROM, 2.5+, max UDMA/100
[    3.182039] ata3.00: applying bridge limits
[    3.184154] ata3.00: configured for UDMA/100
[    3.186568] scsi 2:0:0:0: CD-ROM            QEMU     QEMU DVD-ROM     2.5+ PQ: 0 ANSI: 5
[    3.240477] sr 2:0:0:0: [sr0] scsi3-mmc drive: 4x/4x cd/rw xa/form2 tray
[    3.243064] cdrom: Uniform CD-ROM driver Revision: 3.20
[    3.245748] sr 2:0:0:0: Attached scsi generic sg0 type 5
[    3.251552] Freeing unused kernel memory: 1504K
[    3.253655] Write protecting the kernel read-only data: 18432k
[    3.256965] Freeing unused kernel memory: 2024K
[    3.264504] Freeing unused kernel memory: 1140K
[    3.760077] tsc: Refined TSC clocksource calibration: 2993.215 MHz
[    3.761429] clocksource: tsc: mask: 0xffffffffffffffff max_cycles: 0x2b253bbd930, max_idle_ns: 440795205310 ns

Welcome to LinuxKit

                        ##         .
                  ## ## ##        ==
               ## ## ## ## ##    ===
           /"""""""""""""""""\___/ ===
          {                       /  ===-
           \______ O           __/
             \    \         __/
              \____\_______/



Welcome to LinuxKit

                        ##         .
                  ## ## ##        ==
               ## ## ## ## ##    ===
           /"""""""""""""""""___/ ===
          {                       /  ===-
           ______ O           __/
                          __/
              ___________/

linuxkit-663b1e9d7a07 login: root (automatic login)

Welcome to LinuxKit!

NOTE: This system is namespaced.
The namespace you are currently in may not be the root.
my bash_profile_root started...
[    5.168780] 8021q: adding VLAN 0 to HW filter on device eth0
[    5.408772] IPVS: ftp: loaded support on port[0] = 21
list of login shells running:
3
  283 root       0:00 -sh
  289 root       0:00 -sh
pid of our current login shell:
283
start running the LinuxKit containers...
start running task [1/2] ...
CMD_TASK_1: sleep 10
task [1/2] completed.
start running task [2/2] ...
CMD_TASK_2: runc --root /run/containerd/runc/services.linuxkit/ exec -t mariadb ps -ef
UID        PID  PPID  C STIME TTY          TIME CMD
root         1     0  0 18:30 ?        00:00:00 sh -c sleep 3000
root         5     1  0 18:30 ?        00:00:00 sleep 3000
root         6     0  0 18:31 pts/0    00:00:00 ps -ef
task [2/2] completed.
my bash_profile_root finished.
ready to halt LinuxKit VM.
linuxkit-663b1e9d7a07:~# [6n[   50.250155] ACPI: Preparing to enter system sleep state S5
