[    0.000000] Linux version 4.14.24-linuxkit (root@34b9654ee204) (gcc version 6.4.0 (Alpine 6.4.0)) #1 SMP Sat Aug 10 17:20:53 UTC 2019
[    0.000000] Command line: console=tty0 console=ttyS0 console=ttyAMA0
[    0.000000] x86/fpu: x87 FPU will use FXSAVE
[    0.000000] e820: BIOS-provided physical RAM map:
[    0.000000] BIOS-e820: [mem 0x0000000000000000-0x000000000009fbff] usable
[    0.000000] BIOS-e820: [mem 0x000000000009fc00-0x000000000009ffff] reserved
[    0.000000] BIOS-e820: [mem 0x00000000000f0000-0x00000000000fffff] reserved
[    0.000000] BIOS-e820: [mem 0x0000000000100000-0x000000003ffdefff] usable
[    0.000000] BIOS-e820: [mem 0x000000003ffdf000-0x000000003fffffff] reserved
[    0.000000] BIOS-e820: [mem 0x00000000b0000000-0x00000000bfffffff] reserved
[    0.000000] BIOS-e820: [mem 0x00000000feffc000-0x00000000feffffff] reserved
[    0.000000] BIOS-e820: [mem 0x00000000fffc0000-0x00000000ffffffff] reserved
[    0.000000] NX (Execute Disable) protection: active
[    0.000000] random: fast init done
[    0.000000] SMBIOS 2.8 present.
[    0.000000] DMI: QEMU Standard PC (Q35 + ICH9, 2009), BIOS Ubuntu-1.8.2-1ubuntu1 04/01/2014
[    0.000000] Hypervisor detected: KVM
[    0.000000] tsc: Fast TSC calibration using PIT
[    0.000000] e820: last_pfn = 0x3ffdf max_arch_pfn = 0x400000000
[    0.000000] x86/PAT: PAT not supported by CPU.
[    0.000000] x86/PAT: Configuration [0-7]: WB  WT  UC- UC  WB  WT  UC- UC  
[    0.000000] found SMP MP-table at [mem 0x000f6630-0x000f663f] mapped at [ffffffffff200630]
[    0.000000] RAMDISK: [mem 0x3a94d000-0x3ffcffff]
[    0.000000] ACPI: Early table checksum verification disabled
[    0.000000] ACPI: RSDP 0x00000000000F6460 000014 (v00 BOCHS )
[    0.000000] ACPI: RSDT 0x000000003FFE2267 000038 (v01 BOCHS  BXPCRSDT 00000001 BXPC 00000001)
[    0.000000] ACPI: FACP 0x000000003FFE1E32 000074 (v01 BOCHS  BXPCFACP 00000001 BXPC 00000001)
[    0.000000] ACPI: DSDT 0x000000003FFE0040 001DF2 (v01 BOCHS  BXPCDSDT 00000001 BXPC 00000001)
[    0.000000] ACPI: FACS 0x000000003FFE0000 000040
[    0.000000] ACPI: SSDT 0x000000003FFE1EA6 0002D5 (v01 BOCHS  BXPCSSDT 00000001 BXPC 00000001)
[    0.000000] ACPI: APIC 0x000000003FFE217B 000078 (v01 BOCHS  BXPCAPIC 00000001 BXPC 00000001)
[    0.000000] ACPI: HPET 0x000000003FFE21F3 000038 (v01 BOCHS  BXPCHPET 00000001 BXPC 00000001)
[    0.000000] ACPI: MCFG 0x000000003FFE222B 00003C (v01 BOCHS  BXPCMCFG 00000001 BXPC 00000001)
[    0.000000] kvm-clock: Using msrs 4b564d01 and 4b564d00
[    0.000000] kvm-clock: cpu 0, msr 0:3ffdd001, primary cpu clock
[    0.000000] kvm-clock: using sched offset of 10994702979 cycles
[    0.000000] clocksource: kvm-clock: mask: 0xffffffffffffffff max_cycles: 0x1cd42e4dffb, max_idle_ns: 881590591483 ns
[    0.000000] Zone ranges:
[    0.000000]   DMA      [mem 0x0000000000001000-0x0000000000ffffff]
[    0.000000]   DMA32    [mem 0x0000000001000000-0x000000003ffdefff]
[    0.000000]   Normal   empty
[    0.000000]   Device   empty
[    0.000000] Movable zone start for each node
[    0.000000] Early memory node ranges
[    0.000000]   node   0: [mem 0x0000000000001000-0x000000000009efff]
[    0.000000]   node   0: [mem 0x0000000000100000-0x000000003ffdefff]
[    0.000000] Initmem setup node 0 [mem 0x0000000000001000-0x000000003ffdefff]
[    0.000000] ACPI: PM-Timer IO Port: 0x608
[    0.000000] ACPI: LAPIC_NMI (acpi_id[0xff] dfl dfl lint[0x1])
[    0.000000] IOAPIC[0]: apic_id 0, version 17, address 0xfec00000, GSI 0-23
[    0.000000] ACPI: INT_SRC_OVR (bus 0 bus_irq 0 global_irq 2 dfl dfl)
[    0.000000] ACPI: INT_SRC_OVR (bus 0 bus_irq 5 global_irq 5 high level)
[    0.000000] ACPI: INT_SRC_OVR (bus 0 bus_irq 9 global_irq 9 high level)
[    0.000000] ACPI: INT_SRC_OVR (bus 0 bus_irq 10 global_irq 10 high level)
[    0.000000] ACPI: INT_SRC_OVR (bus 0 bus_irq 11 global_irq 11 high level)
[    0.000000] Using ACPI (MADT) for SMP configuration information
[    0.000000] ACPI: HPET id: 0x8086a201 base: 0xfed00000
[    0.000000] smpboot: Allowing 1 CPUs, 0 hotplug CPUs
[    0.000000] e820: [mem 0x40000000-0xafffffff] available for PCI devices
[    0.000000] Booting paravirtualized kernel on KVM
[    0.000000] clocksource: refined-jiffies: mask: 0xffffffff max_cycles: 0xffffffff, max_idle_ns: 19112604462750000 ns
[    0.000000] setup_percpu: NR_CPUS:128 nr_cpumask_bits:128 nr_cpu_ids:1 nr_node_ids:1
[    0.000000] percpu: Embedded 44 pages/cpu @ffff96613a600000 s143192 r8192 d28840 u2097152
[    0.000000] KVM setup async PF for cpu 0
[    0.000000] kvm-stealtime: cpu 0, msr 3a615f00
[    0.000000] Built 1 zonelists, mobility grouping on.  Total pages: 257896
[    0.000000] Kernel command line: console=tty0 console=ttyS0 console=ttyAMA0
[    0.000000] PID hash table entries: 4096 (order: 3, 32768 bytes)
[    0.000000] Dentry cache hash table entries: 131072 (order: 8, 1048576 bytes)
[    0.000000] Inode-cache hash table entries: 65536 (order: 7, 524288 bytes)
[    0.000000] Memory: 896224K/1048052K available (18444K kernel code, 7681K rwdata, 3188K rodata, 1824K init, 7616K bss, 151828K reserved, 0K cma-reserved)
[    0.000000] Kernel/User page tables isolation: enabled
[    0.000000] ftrace: allocating 41758 entries in 164 pages
[    0.010000] Hierarchical RCU implementation.
[    0.010000] 	RCU restricting CPUs from NR_CPUS=128 to nr_cpu_ids=1.
[    0.010000] RCU: Adjusting geometry for rcu_fanout_leaf=16, nr_cpu_ids=1
[    0.010000] NR_IRQS: 8448, nr_irqs: 256, preallocated irqs: 16
[    0.010000] Console: colour VGA+ 80x25
[    0.010000] console [tty0] enabled
[    0.010000] console [ttyS0] enabled
[    0.010000] clocksource: hpet: mask: 0xffffffff max_cycles: 0xffffffff, max_idle_ns: 19112604467 ns
[    0.010010] tsc: Detected 2993.200 MHz processor
[    0.011071] Calibrating delay loop (skipped) preset value.. 5986.40 BogoMIPS (lpj=29932000)
[    0.011883] pid_max: default: 32768 minimum: 301
[    0.012958] ACPI: Core revision 20170728
[    0.015079] ACPI: 2 ACPI AML tables successfully acquired and loaded
[    0.016522] Security Framework initialized
[    0.017487] Yama: becoming mindful.
[    0.018366] Mount-cache hash table entries: 2048 (order: 2, 16384 bytes)
[    0.020008] Mountpoint-cache hash table entries: 2048 (order: 2, 16384 bytes)
[    0.021841] Last level iTLB entries: 4KB 0, 2MB 0, 4MB 0
[    0.023036] Last level dTLB entries: 4KB 0, 2MB 0, 4MB 0, 1GB 0
[    0.024347] Spectre V2 : Vulnerable: Minimal generic ASM retpoline
[    0.030786] Freeing SMP alternatives memory: 20K
[    0.032253] smpboot: Max logical packages: 1
[    0.033529] x2apic enabled
[    0.034543] Switched APIC routing to physical x2apic.
[    0.037212] ..TIMER: vector=0x30 apic1=0 pin1=2 apic2=-1 pin2=-1
[    0.040000] smpboot: CPU0: Intel QEMU Virtual CPU version 2.5+ (family: 0x6, model: 0x6, stepping: 0x3)
[    0.040000] Performance Events: PMU not available due to virtualization, using software events only.
[    0.040000] Hierarchical SRCU implementation.
[    0.040000] NMI watchdog: Perf event create on CPU 0 failed with -2
[    0.040000] NMI watchdog: Perf NMI watchdog permanently disabled
[    0.040000] smp: Bringing up secondary CPUs ...
[    0.040000] smp: Brought up 1 node, 1 CPU
[    0.040000] smpboot: Total of 1 processors activated (5986.40 BogoMIPS)
[    0.040417] devtmpfs: initialized
[    0.041259] x86/mm: Memory block size: 128MB
[    0.042379] gcov: version magic: 0x3630342a
[    0.043573] clocksource: jiffies: mask: 0xffffffff max_cycles: 0xffffffff, max_idle_ns: 19112604462750000 ns
[    0.045636] futex hash table entries: 256 (order: 2, 16384 bytes)
[    0.047115] NET: Registered protocol family 16
[    0.048286] cpuidle: using governor ladder
[    0.050004] cpuidle: using governor menu
[    0.050961] ACPI: bus type PCI registered
[    0.051975] PCI: MMCONFIG for domain 0000 [bus 00-ff] at [mem 0xb0000000-0xbfffffff] (base 0xb0000000)
[    0.053917] PCI: MMCONFIG at [mem 0xb0000000-0xbfffffff] reserved in E820
[    0.055331] PCI: Using configuration type 1 for base access
[    0.058430] HugeTLB registered 2.00 MiB page size, pre-allocated 0 pages
[    0.060256] ACPI: Added _OSI(Module Device)
[    0.061194] ACPI: Added _OSI(Processor Device)
[    0.062176] ACPI: Added _OSI(3.0 _SCP Extensions)
[    0.063204] ACPI: Added _OSI(Processor Aggregator Device)
[    0.067480] ACPI: Interpreter enabled
[    0.068356] ACPI: (supports S0 S5)
[    0.069152] ACPI: Using IOAPIC for interrupt routing
[    0.070053] PCI: Using host bridge windows from ACPI; if necessary, use "pci=nocrs" and report a bug
[    0.072584] ACPI: Enabled 16 GPEs in block 00 to 3F
[    0.076732] ACPI: PCI Root Bridge [PCI0] (domain 0000 [bus 00-ff])
[    0.078044] acpi PNP0A08:00: _OSC: OS supports [ExtendedConfig ASPM ClockPM Segments MSI]
[    0.080201] acpi PNP0A08:00: _OSC: OS now controls [PCIeHotplug PME PCIeCapability]
[    0.081881] PCI host bridge to bus 0000:00
[    0.082812] pci_bus 0000:00: root bus resource [io  0x0000-0x0cf7 window]
[    0.084270] pci_bus 0000:00: root bus resource [io  0x0d00-0xffff window]
[    0.085673] pci_bus 0000:00: root bus resource [mem 0x000a0000-0x000bffff window]
[    0.087297] pci_bus 0000:00: root bus resource [mem 0xc0000000-0xfebfffff window]
[    0.088891] pci_bus 0000:00: root bus resource [bus 00-ff]
[    0.111785] pci 0000:00:1f.0: quirk: [io  0x0600-0x067f] claimed by ICH6 ACPI/GPIO/TCO
[    0.125182] ACPI: PCI Interrupt Link [LNKA] (IRQs 5 *10 11)
[    0.126528] ACPI: PCI Interrupt Link [LNKB] (IRQs 5 *10 11)
[    0.127847] ACPI: PCI Interrupt Link [LNKC] (IRQs 5 10 *11)
[    0.129150] ACPI: PCI Interrupt Link [LNKD] (IRQs 5 10 *11)
[    0.130119] ACPI: PCI Interrupt Link [LNKE] (IRQs 5 *10 11)
[    0.131429] ACPI: PCI Interrupt Link [LNKF] (IRQs 5 *10 11)
[    0.132734] ACPI: PCI Interrupt Link [LNKG] (IRQs 5 10 *11)
[    0.134337] ACPI: PCI Interrupt Link [LNKH] (IRQs 5 10 *11)
[    0.135591] ACPI: PCI Interrupt Link [GSIA] (IRQs *16)
[    0.136711] ACPI: PCI Interrupt Link [GSIB] (IRQs *17)
[    0.137830] ACPI: PCI Interrupt Link [GSIC] (IRQs *18)
[    0.138946] ACPI: PCI Interrupt Link [GSID] (IRQs *19)
[    0.140013] ACPI: PCI Interrupt Link [GSIE] (IRQs *20)
[    0.141126] ACPI: PCI Interrupt Link [GSIF] (IRQs *21)
[    0.142242] ACPI: PCI Interrupt Link [GSIG] (IRQs *22)
[    0.143378] ACPI: PCI Interrupt Link [GSIH] (IRQs *23)
[    0.144596] acpi LNXCPU:00: Invalid PBLK length [0]
[    0.145927] SCSI subsystem initialized
[    0.150094] ACPI: bus type USB registered
[    0.151026] usbcore: registered new interface driver usbfs
[    0.152208] usbcore: registered new interface driver hub
[    0.153365] usbcore: registered new device driver usb
[    0.154479] pps_core: LinuxPPS API ver. 1 registered
[    0.160003] pps_core: Software ver. 5.3.6 - Copyright 2005-2007 Rodolfo Giometti <giometti@linux.it>
[    0.161902] PTP clock support registered
[    0.162845] PCI: Using ACPI for IRQ routing
[    0.239978] NetLabel: Initializing
[    0.240003] NetLabel:  domain hash size = 128
[    0.240961] NetLabel:  protocols = UNLABELED CIPSOv4 CALIPSO
[    0.242188] NetLabel:  unlabeled traffic allowed by default
[    0.243470] HPET: 3 timers in total, 0 timers will be used for per-cpu timer
[    0.244956] hpet0: at MMIO 0xfed00000, IRQs 2, 8, 0
[    0.246043] hpet0: 3 comparators, 64-bit 100.000000 MHz counter
[    0.251060] clocksource: Switched to clocksource kvm-clock
[    0.267470] VFS: Disk quotas dquot_6.6.0
[    0.268470] VFS: Dquot-cache hash table entries: 512 (order 0, 4096 bytes)
[    0.270030] FS-Cache: Loaded
[    0.270839] CacheFiles: Loaded
[    0.271605] pnp: PnP ACPI init
[    0.273060] pnp: PnP ACPI: found 5 devices
[    0.280340] clocksource: acpi_pm: mask: 0xffffff max_cycles: 0xffffff, max_idle_ns: 2085701024 ns
[    0.282316] NET: Registered protocol family 2
[    0.283491] TCP established hash table entries: 8192 (order: 4, 65536 bytes)
[    0.285034] TCP bind hash table entries: 8192 (order: 5, 131072 bytes)
[    0.286620] TCP: Hash tables configured (established 8192 bind 8192)
[    0.288026] UDP hash table entries: 512 (order: 2, 16384 bytes)
[    0.289337] UDP-Lite hash table entries: 512 (order: 2, 16384 bytes)
[    0.290787] NET: Registered protocol family 1
[    0.291845] pci 0000:00:01.0: Video device with shadowed ROM at [mem 0x000c0000-0x000dffff]
[    0.293787] Trying to unpack rootfs image as initramfs...
[    1.974660] Freeing initrd memory: 88588K
[    1.977052] PCLMULQDQ-NI instructions are not detected.
[    1.978226] AVX or AES-NI instructions are not detected.
[    1.979383] CPU feature 'AVX registers' is not supported.
[    1.980563] CPU feature 'AVX registers' is not supported.
[    1.981718] CPU feature 'AVX registers' is not supported.
[    1.982899] CPU feature 'AVX registers' is not supported.
[    1.984070] AVX2 or AES-NI instructions are not detected.
[    1.985225] AVX2 instructions are not detected.
[    1.986396] audit: initializing netlink subsys (disabled)
[    1.990019] audit: type=2000 audit(1565459918.148:1): state=initialized audit_enabled=0 res=1
[    2.113168] workingset: timestamp_bits=46 max_order=18 bucket_order=0
[    2.114841] squashfs: version 4.0 (2009/01/31) Phillip Lougher
[    2.116228] FS-Cache: Netfs 'cifs' registered for caching
[    2.117476] fuse init (API version 7.26)
[    2.118496] SGI XFS with ACLs, security attributes, no debug enabled
[    2.120173] 9p: Installing v9fs 9p2000 file system support
[    2.121356] FS-Cache: Netfs '9p' registered for caching
[    2.124408] NET: Registered protocol family 38
[    2.125393] Key type asymmetric registered
[    2.126340] Asymmetric key parser 'x509' registered
[    2.127413] Block layer SCSI generic (bsg) driver version 0.4 loaded (major 248)
[    2.129030] io scheduler noop registered
[    2.129916] io scheduler deadline registered (default)
[    2.131077] io scheduler cfq registered
[    2.131950] io scheduler mq-deadline registered
[    2.132953] io scheduler kyber registered
[    2.133941] shpchp: Standard Hot Plug PCI Controller Driver version: 0.4
[    2.135361] hv_vmbus: registering driver hyperv_fb
[    2.136490] input: Power Button as /devices/LNXSYSTM:00/LNXPWRBN:00/input/input0
[    2.138089] ACPI: Power Button [PWRF]
[    2.138998] button: probe of LNXPWRBN:00 failed with error -22
[    2.140981] ACPI: PCI Interrupt Link [GSIG] enabled at IRQ 22
[    2.142352] virtio-pci 0000:00:02.0: virtio_pci: leaving for legacy driver
[    2.144600] ACPI: PCI Interrupt Link [GSIH] enabled at IRQ 23
[    2.145919] virtio-pci 0000:00:03.0: virtio_pci: leaving for legacy driver
[    2.147926] Serial: 8250/16550 driver, 4 ports, IRQ sharing disabled
[    2.171883] 00:04: ttyS0 at I/O 0x3f8 (irq = 4, base_baud = 115200) is a 16550A
[    2.174061] Non-volatile memory driver v1.3
