[    0.000000] Linux version 4.14.24-linuxkit (root@99d229a647a5) (gcc version 6.4.0 (Alpine 6.4.0)) #1 SMP Wed Sep 11 20:38:45 UTC 2019
[    0.000000] Command line: console=tty0 console=ttyS0 console=ttyAMA0 console=ttysclp0
[    0.000000] x86/fpu: x87 FPU will use FXSAVE
[    0.000000] e820: BIOS-provided physical RAM map:
[    0.000000] BIOS-e820: [mem 0x0000000000000000-0x000000000009fbff] usable
[    0.000000] BIOS-e820: [mem 0x000000000009fc00-0x000000000009ffff] reserved
[    0.000000] BIOS-e820: [mem 0x00000000000f0000-0x00000000000fffff] reserved
[    0.000000] BIOS-e820: [mem 0x0000000000100000-0x000000007ffdefff] usable
[    0.000000] BIOS-e820: [mem 0x000000007ffdf000-0x000000007fffffff] reserved
[    0.000000] BIOS-e820: [mem 0x00000000b0000000-0x00000000bfffffff] reserved
[    0.000000] BIOS-e820: [mem 0x00000000feffc000-0x00000000feffffff] reserved
[    0.000000] BIOS-e820: [mem 0x00000000fffc0000-0x00000000ffffffff] reserved
[    0.000000] BIOS-e820: [mem 0x0000000100000000-0x000000017fffffff] usable
[    0.000000] NX (Execute Disable) protection: active
[    0.000000] random: fast init done
[    0.000000] SMBIOS 2.8 present.
[    0.000000] DMI: QEMU Standard PC (Q35 + ICH9, 2009), BIOS Ubuntu-1.8.2-1ubuntu1 04/01/2014
[    0.000000] Hypervisor detected: KVM
[    0.000000] tsc: Fast TSC calibration using PIT
[    0.000000] e820: last_pfn = 0x180000 max_arch_pfn = 0x400000000
[    0.000000] x86/PAT: PAT not supported by CPU.
[    0.000000] x86/PAT: Configuration [0-7]: WB  WT  UC- UC  WB  WT  UC- UC  
[    0.000000] e820: last_pfn = 0x7ffdf max_arch_pfn = 0x400000000
[    0.000000] found SMP MP-table at [mem 0x000f6630-0x000f663f] mapped at [ffffffffff200630]
[    0.000000] RAMDISK: [mem 0x7b5de000-0x7ffcffff]
[    0.000000] ACPI: Early table checksum verification disabled
[    0.000000] ACPI: RSDP 0x00000000000F6440 000014 (v00 BOCHS )
[    0.000000] ACPI: RSDT 0x000000007FFE2267 000038 (v01 BOCHS  BXPCRSDT 00000001 BXPC 00000001)
[    0.000000] ACPI: FACP 0x000000007FFE1E32 000074 (v01 BOCHS  BXPCFACP 00000001 BXPC 00000001)
[    0.000000] ACPI: DSDT 0x000000007FFE0040 001DF2 (v01 BOCHS  BXPCDSDT 00000001 BXPC 00000001)
[    0.000000] ACPI: FACS 0x000000007FFE0000 000040
[    0.000000] ACPI: SSDT 0x000000007FFE1EA6 0002D5 (v01 BOCHS  BXPCSSDT 00000001 BXPC 00000001)
[    0.000000] ACPI: APIC 0x000000007FFE217B 000078 (v01 BOCHS  BXPCAPIC 00000001 BXPC 00000001)
[    0.000000] ACPI: HPET 0x000000007FFE21F3 000038 (v01 BOCHS  BXPCHPET 00000001 BXPC 00000001)
[    0.000000] ACPI: MCFG 0x000000007FFE222B 00003C (v01 BOCHS  BXPCMCFG 00000001 BXPC 00000001)
[    0.000000] kvm-clock: Using msrs 4b564d01 and 4b564d00
[    0.000000] kvm-clock: cpu 0, msr 1:7fffe001, primary cpu clock
[    0.000000] kvm-clock: using sched offset of 9227278572 cycles
[    0.000000] clocksource: kvm-clock: mask: 0xffffffffffffffff max_cycles: 0x1cd42e4dffb, max_idle_ns: 881590591483 ns
[    0.000000] Zone ranges:
[    0.000000]   DMA      [mem 0x0000000000001000-0x0000000000ffffff]
[    0.000000]   DMA32    [mem 0x0000000001000000-0x00000000ffffffff]
[    0.000000]   Normal   [mem 0x0000000100000000-0x000000017fffffff]
[    0.000000]   Device   empty
[    0.000000] Movable zone start for each node
[    0.000000] Early memory node ranges
[    0.000000]   node   0: [mem 0x0000000000001000-0x000000000009efff]
[    0.000000]   node   0: [mem 0x0000000000100000-0x000000007ffdefff]
[    0.000000]   node   0: [mem 0x0000000100000000-0x000000017fffffff]
[    0.000000] Initmem setup node 0 [mem 0x0000000000001000-0x000000017fffffff]
[    0.000000] ACPI: PM-Timer IO Port: 0x608
[    0.000000] ACPI: LAPIC_NMI (acpi_id[0xff] dfl dfl lint[0x1])
[    0.000000] IOAPIC[0]: apic_id 0, version 17, address 0xfec00000, GSI 0-23
[    0.000000] ACPI: INT_SRC_OVR (bus 0 bus_irq 0 global_irq 2 dfl dfl)
[    0.000000] ACPI: INT_SRC_OVR (bus 0 bus_irq 5 global_irq 5 high level)
[    0.000000] ACPI: INT_SRC_OVR (bus 0 bus_irq 9 global_irq 9 high level)
[    0.000000] ACPI: INT_SRC_OVR (bus 0 bus_irq 10 global_irq 10 high level)
[    0.000000] ACPI: INT_SRC_OVR (bus 0 bus_irq 11 global_irq 11 high level)
[    0.000000] Using ACPI (MADT) for SMP configuration information
[    0.000000] Using ACPI for processor (LAPIC) configuration information
[    0.000000] ACPI: HPET id: 0x8086a201 base: 0xfed00000
[    0.000000] smpboot: Allowing 1 CPUs, 0 hotplug CPUs
[    0.000000] e820: [mem 0xc0000000-0xfeffbfff] available for PCI devices
[    0.000000] Booting paravirtualized kernel on KVM
[    0.000000] clocksource: refined-jiffies: mask: 0xffffffff max_cycles: 0xffffffff, max_idle_ns: 19112604462750000 ns
[    0.000000] setup_percpu: NR_CPUS:128 nr_cpumask_bits:128 nr_cpu_ids:1 nr_node_ids:1
[    0.000000] percpu: Embedded 44 pages/cpu @ffff8f2abfc00000 s143192 r8192 d28840 u2097152
[    0.000000] KVM setup async PF for cpu 0
[    0.000000] kvm-stealtime: cpu 0, msr 17fc15f00
[    0.000000] Built 1 zonelists, mobility grouping on.  Total pages: 1032040
[    0.000000] Kernel command line: console=tty0 console=ttyS0 console=ttyAMA0 console=ttysclp0
[    0.000000] PID hash table entries: 4096 (order: 3, 32768 bytes)
[    0.000000] Dentry cache hash table entries: 524288 (order: 10, 4194304 bytes)
[    0.000000] Inode-cache hash table entries: 262144 (order: 9, 2097152 bytes)
[    0.000000] Memory: 3954808K/4193780K available (12300K kernel code, 1452K rwdata, 2980K rodata, 1584K init, 628K bss, 238972K reserved, 0K cma-reserved)
[    0.000000] Kernel/User page tables isolation: enabled
[    0.000000] ftrace: allocating 41052 entries in 161 pages
[    0.010000] Hierarchical RCU implementation.
[    0.010000] 	RCU restricting CPUs from NR_CPUS=128 to nr_cpu_ids=1.
[    0.010000] RCU: Adjusting geometry for rcu_fanout_leaf=16, nr_cpu_ids=1
[    0.010000] NR_IRQS: 8448, nr_irqs: 256, preallocated irqs: 16
[    0.010000] Console: colour VGA+ 80x25
[    0.010000] console [tty0] enabled
[    0.010000] console [ttyS0] enabled
[    0.010000] clocksource: hpet: mask: 0xffffffff max_cycles: 0xffffffff, max_idle_ns: 19112604467 ns
[    0.010008] tsc: Detected 2993.200 MHz processor
[    0.011049] Calibrating delay loop (skipped) preset value.. 5986.40 BogoMIPS (lpj=29932000)
[    0.011788] pid_max: default: 32768 minimum: 301
[    0.012853] ACPI: Core revision 20170728
[    0.014807] ACPI: 2 ACPI AML tables successfully acquired and loaded
[    0.016193] Security Framework initialized
[    0.017121] Yama: becoming mindful.
[    0.018018] Mount-cache hash table entries: 8192 (order: 4, 65536 bytes)
[    0.020044] Mountpoint-cache hash table entries: 8192 (order: 4, 65536 bytes)
[    0.021826] Last level iTLB entries: 4KB 0, 2MB 0, 4MB 0
[    0.023029] Last level dTLB entries: 4KB 0, 2MB 0, 4MB 0, 1GB 0
[    0.024334] Spectre V2 : Vulnerable: Minimal generic ASM retpoline
[    0.032074] Freeing SMP alternatives memory: 20K
[    0.033603] smpboot: Max logical packages: 1
[    0.034914] x2apic enabled
[    0.035934] Switched APIC routing to physical x2apic.
[    0.038551] ..TIMER: vector=0x30 apic1=0 pin1=2 apic2=-1 pin2=-1
[    0.040000] smpboot: CPU0: Intel QEMU Virtual CPU version 2.5+ (family: 0x6, model: 0x6, stepping: 0x3)
[    0.040000] Performance Events: PMU not available due to virtualization, using software events only.
[    0.040000] Hierarchical SRCU implementation.
[    0.040000] NMI watchdog: Perf event create on CPU 0 failed with -2
[    0.040000] NMI watchdog: Perf NMI watchdog permanently disabled
[    0.040000] smp: Bringing up secondary CPUs ...
[    0.040000] smp: Brought up 1 node, 1 CPU
[    0.040003] smpboot: Total of 1 processors activated (5986.40 BogoMIPS)
[    0.041920] devtmpfs: initialized
[    0.042761] x86/mm: Memory block size: 128MB
[    0.044313] clocksource: jiffies: mask: 0xffffffff max_cycles: 0xffffffff, max_idle_ns: 19112604462750000 ns
[    0.046353] futex hash table entries: 256 (order: 2, 16384 bytes)
[    0.047835] NET: Registered protocol family 16
[    0.048980] cpuidle: using governor ladder
[    0.050003] cpuidle: using governor menu
[    0.050960] ACPI: bus type PCI registered
[    0.051989] PCI: MMCONFIG for domain 0000 [bus 00-ff] at [mem 0xb0000000-0xbfffffff] (base 0xb0000000)
[    0.053969] PCI: MMCONFIG at [mem 0xb0000000-0xbfffffff] reserved in E820
[    0.055386] PCI: Using configuration type 1 for base access
[    0.058223] HugeTLB registered 2.00 MiB page size, pre-allocated 0 pages
[    0.060277] ACPI: Added _OSI(Module Device)
[    0.061213] ACPI: Added _OSI(Processor Device)
[    0.062191] ACPI: Added _OSI(3.0 _SCP Extensions)
[    0.063215] ACPI: Added _OSI(Processor Aggregator Device)
[    0.066958] ACPI: Interpreter enabled
[    0.067808] ACPI: (supports S0 S5)
[    0.068596] ACPI: Using IOAPIC for interrupt routing
[    0.069683] PCI: Using host bridge windows from ACPI; if necessary, use "pci=nocrs" and report a bug
[    0.070480] ACPI: Enabled 16 GPEs in block 00 to 3F
[    0.074010] ACPI: PCI Root Bridge [PCI0] (domain 0000 [bus 00-ff])
[    0.075315] acpi PNP0A08:00: _OSC: OS supports [ExtendedConfig ASPM ClockPM Segments MSI]
[    0.077164] acpi PNP0A08:00: _OSC: OS now controls [PCIeHotplug PME PCIeCapability]
[    0.080054] PCI host bridge to bus 0000:00
[    0.080971] pci_bus 0000:00: root bus resource [io  0x0000-0x0cf7 window]
[    0.082386] pci_bus 0000:00: root bus resource [io  0x0d00-0xffff window]
[    0.083795] pci_bus 0000:00: root bus resource [mem 0x000a0000-0x000bffff window]
[    0.085390] pci_bus 0000:00: root bus resource [mem 0xc0000000-0xfebfffff window]
[    0.086984] pci_bus 0000:00: root bus resource [bus 00-ff]
[    0.114394] pci 0000:00:1f.0: quirk: [io  0x0600-0x067f] claimed by ICH6 ACPI/GPIO/TCO
[    0.126988] ACPI: PCI Interrupt Link [LNKA] (IRQs 5 *10 11)
[    0.128303] ACPI: PCI Interrupt Link [LNKB] (IRQs 5 *10 11)
[    0.129582] ACPI: PCI Interrupt Link [LNKC] (IRQs 5 10 *11)
[    0.130103] ACPI: PCI Interrupt Link [LNKD] (IRQs 5 10 *11)
[    0.131387] ACPI: PCI Interrupt Link [LNKE] (IRQs 5 *10 11)
[    0.132692] ACPI: PCI Interrupt Link [LNKF] (IRQs 5 *10 11)
[    0.134428] ACPI: PCI Interrupt Link [LNKG] (IRQs 5 10 *11)
[    0.135747] ACPI: PCI Interrupt Link [LNKH] (IRQs 5 10 *11)
[    0.137010] ACPI: PCI Interrupt Link [GSIA] (IRQs *16)
[    0.138170] ACPI: PCI Interrupt Link [GSIB] (IRQs *17)
[    0.140010] ACPI: PCI Interrupt Link [GSIC] (IRQs *18)
[    0.141120] ACPI: PCI Interrupt Link [GSID] (IRQs *19)
[    0.150009] ACPI: PCI Interrupt Link [GSIE] (IRQs *20)
[    0.151126] ACPI: PCI Interrupt Link [GSIF] (IRQs *21)
[    0.152233] ACPI: PCI Interrupt Link [GSIG] (IRQs *22)
[    0.153378] ACPI: PCI Interrupt Link [GSIH] (IRQs *23)
[    0.154565] acpi LNXCPU:00: Invalid PBLK length [0]
[    0.156079] SCSI subsystem initialized
[    0.157091] ACPI: bus type USB registered
[    0.158012] usbcore: registered new interface driver usbfs
[    0.159202] usbcore: registered new interface driver hub
[    0.160016] usbcore: registered new device driver usb
[    0.161121] pps_core: LinuxPPS API ver. 1 registered
[    0.162193] pps_core: Software ver. 5.3.6 - Copyright 2005-2007 Rodolfo Giometti <giometti@linux.it>
[    0.164090] PTP clock support registered
[    0.165062] PCI: Using ACPI for IRQ routing
[    0.242560] NetLabel: Initializing
[    0.243369] NetLabel:  domain hash size = 128
[    0.244373] NetLabel:  protocols = UNLABELED CIPSOv4 CALIPSO
[    0.245606] NetLabel:  unlabeled traffic allowed by default
[    0.246989] HPET: 3 timers in total, 0 timers will be used for per-cpu timer
[    0.248459] hpet0: at MMIO 0xfed00000, IRQs 2, 8, 0
[    0.249512] hpet0: 3 comparators, 64-bit 100.000000 MHz counter
[    0.254162] clocksource: Switched to clocksource kvm-clock
[    0.275287] VFS: Disk quotas dquot_6.6.0
[    0.276292] VFS: Dquot-cache hash table entries: 512 (order 0, 4096 bytes)
[    0.277815] FS-Cache: Loaded
[    0.278614] CacheFiles: Loaded
[    0.279388] pnp: PnP ACPI init
[    0.280747] pnp: PnP ACPI: found 5 devices
[    0.287747] clocksource: acpi_pm: mask: 0xffffff max_cycles: 0xffffff, max_idle_ns: 2085701024 ns
[    0.289741] NET: Registered protocol family 2
[    0.291711] TCP established hash table entries: 32768 (order: 6, 262144 bytes)
[    0.293471] TCP bind hash table entries: 32768 (order: 7, 524288 bytes)
[    0.295192] TCP: Hash tables configured (established 32768 bind 32768)
[    0.296681] UDP hash table entries: 2048 (order: 4, 65536 bytes)
[    0.298030] UDP-Lite hash table entries: 2048 (order: 4, 65536 bytes)
[    0.299507] NET: Registered protocol family 1
[    0.300567] pci 0000:00:01.0: Video device with shadowed ROM at [mem 0x000c0000-0x000dffff]
[    0.302516] Trying to unpack rootfs image as initramfs...
[    1.567988] Freeing initrd memory: 75720K
[    1.569043] PCI-DMA: Using software bounce buffering for IO (SWIOTLB)
[    1.570454] software IO TLB [mem 0x775de000-0x7b5de000] (64MB) mapped at [ffff8f29b75de000-ffff8f29bb5ddfff]
[    1.573475] PCLMULQDQ-NI instructions are not detected.
[    1.574654] AVX or AES-NI instructions are not detected.
[    1.575788] CPU feature 'AVX registers' is not supported.
[    1.576933] CPU feature 'AVX registers' is not supported.
[    1.578107] CPU feature 'AVX registers' is not supported.
[    1.579261] CPU feature 'AVX registers' is not supported.
[    1.580422] AVX2 or AES-NI instructions are not detected.
[    1.581572] AVX2 instructions are not detected.
[    1.582775] audit: initializing netlink subsys (disabled)
[    1.584255] audit: type=2000 audit(1568313368.681:1): state=initialized audit_enabled=0 res=1
[    1.586113] workingset: timestamp_bits=46 max_order=20 bucket_order=0
[    1.587643] squashfs: version 4.0 (2009/01/31) Phillip Lougher
[    1.588979] FS-Cache: Netfs 'cifs' registered for caching
[    1.590258] fuse init (API version 7.26)
[    1.591222] SGI XFS with ACLs, security attributes, no debug enabled
[    1.592774] 9p: Installing v9fs 9p2000 file system support
[    1.593986] FS-Cache: Netfs '9p' registered for caching
[    1.596503] NET: Registered protocol family 38
[    1.597483] Key type asymmetric registered
[    1.598402] Asymmetric key parser 'x509' registered
[    1.599464] Block layer SCSI generic (bsg) driver version 0.4 loaded (major 248)
[    1.601077] io scheduler noop registered
[    1.601977] io scheduler deadline registered (default)
[    1.603107] io scheduler cfq registered
[    1.603970] io scheduler mq-deadline registered
[    1.604963] io scheduler kyber registered
[    1.605945] shpchp: Standard Hot Plug PCI Controller Driver version: 0.4
[    1.607353] hv_vmbus: registering driver hyperv_fb
[    1.608486] input: Power Button as /devices/LNXSYSTM:00/LNXPWRBN:00/input/input0
[    1.610172] ACPI: Power Button [PWRF]
[    1.611066] button: probe of LNXPWRBN:00 failed with error -22
[    1.612808] ACPI: PCI Interrupt Link [GSIG] enabled at IRQ 22
[    1.614084] virtio-pci 0000:00:02.0: virtio_pci: leaving for legacy driver
[    1.616164] ACPI: PCI Interrupt Link [GSIH] enabled at IRQ 23
[    1.617445] virtio-pci 0000:00:03.0: virtio_pci: leaving for legacy driver
[    1.619350] Serial: 8250/16550 driver, 4 ports, IRQ sharing disabled
[    1.643338] 00:04: ttyS0 at I/O 0x3f8 (irq = 4, base_baud = 115200) is a 16550A
[    1.645358] Non-volatile memory driver v1.3
[    1.646525] !!! Set our kernel_init_done FLAG !!!
[    1.647677] Hangcheck: starting hangcheck timer 0.9.1 (tick is 180 seconds, margin is 60 seconds).
[    1.651185] random: crng init done
[    1.653552] brd: module loaded
[    1.657292] loop: module loaded
[    1.664307] lpc_ich 0000:00:1f.0: RCBA is disabled by hardware/BIOS, device disabled
[    1.666018] lpc_ich 0000:00:1f.0: I/O space for GPIO uninitialized
[    1.667308] lpc_ich 0000:00:1f.0: No MFD cells added
[    1.668448] VMware PVSCSI driver - version 1.0.7.0-k
[    1.669540] hv_vmbus: registering driver hv_storvsc
[    1.671078] ACPI: PCI Interrupt Link [GSIA] enabled at IRQ 16
[    1.673036] ahci 0000:00:1f.2: AHCI 0001.0000 32 slots 6 ports 1.5 Gbps 0x3f impl SATA mode
[    1.674801] ahci 0000:00:1f.2: flags: ncq only 
[    1.676775] scsi host0: ahci
[    1.677586] scsi host1: ahci
[    1.678360] scsi host2: ahci
[    1.679136] scsi host3: ahci
[    1.679914] scsi host4: ahci
[    1.680742] scsi host5: ahci
[    1.681474] ata1: SATA max UDMA/133 abar m4096@0xfebd2000 port 0xfebd2100 irq 24
[    1.683069] ata2: SATA max UDMA/133 abar m4096@0xfebd2000 port 0xfebd2180 irq 24
[    1.684650] ata3: SATA max UDMA/133 abar m4096@0xfebd2000 port 0xfebd2200 irq 24
[    1.686239] ata4: SATA max UDMA/133 abar m4096@0xfebd2000 port 0xfebd2280 irq 24
[    1.687827] ata5: SATA max UDMA/133 abar m4096@0xfebd2000 port 0xfebd2300 irq 24
[    1.689440] ata6: SATA max UDMA/133 abar m4096@0xfebd2000 port 0xfebd2380 irq 24
[    1.691599] tun: Universal TUN/TAP device driver, 1.6
[    1.693591] VMware vmxnet3 virtual NIC driver - version 1.4.a.0-k-NAPI
[    1.694997] hv_vmbus: registering driver hv_netvsc
[    1.696057] Fusion MPT base driver 3.04.20
[    1.696970] Copyright (c) 1999-2008 LSI Corporation
[    1.698033] Fusion MPT SPI Host driver 3.04.20
[    1.699047] i8042: PNP: PS/2 Controller [PNP0303:KBD,PNP0f13:MOU] at 0x60,0x64 irq 1,12
[    1.701590] serio: i8042 KBD port at 0x60,0x64 irq 1
[    1.702670] serio: i8042 AUX port at 0x60,0x64 irq 12
[    1.703828] hv_vmbus: registering driver hyperv_keyboard
[    1.705017] mousedev: PS/2 mouse device common for all mice
[    1.706501] input: AT Translated Set 2 keyboard as /devices/platform/i8042/serio0/input/input1
[    1.708585] input: PC Speaker as /devices/platform/pcspkr/input/input3
[    1.710115] rtc_cmos 00:00: RTC can wake from S4
[    1.711425] rtc_cmos 00:00: rtc core: registered rtc_cmos as rtc0
[    1.712875] rtc_cmos 00:00: alarms up to one day, 114 bytes nvram, hpet irqs
[    1.714352] i2c /dev entries driver
[    1.715217] device-mapper: ioctl: 4.37.0-ioctl (2017-09-20) initialised: dm-devel@redhat.com
[    1.717124] usbcore: registered new interface driver usbhid
[    1.718322] usbhid: USB HID core driver
[    1.719210] hv_utils: Registering HyperV Utility Driver
[    1.720339] hv_vmbus: registering driver hv_util
[    1.721344] hv_vmbus: registering driver hv_balloon
[    1.722412] oprofile: using NMI interrupt.
[    1.723351] GACT probability on
[    1.724088] Mirror/redirect action on
[    1.724919] Simple TC action Loaded
[    1.725723] u32 classifier
[    1.726387]     Performance counters on
[    1.727247]     input device check on
[    1.728082]     Actions configured
[    1.728954] Netfilter messages via NETLINK v0.30.
[    1.730039] nfnl_acct: registering with nfnetlink.
[    1.731186] nf_conntrack version 0.5.0 (16384 buckets, 65536 max)
[    1.732510] ctnetlink v0.93: registering with nfnetlink.
[    1.733765] nf_tables: (c) 2007-2009 Patrick McHardy <kaber@trash.net>
[    1.735137] nf_tables_compat: (c) 2012 Pablo Neira Ayuso <pablo@netfilter.org>
[    1.736731] xt_time: kernel timezone is -0000
[    1.737702] ip_set: protocol 6
[    1.738442] IPVS: Registered protocols (TCP, UDP, SCTP, AH, ESP)
[    1.739708] IPVS: Connection hash table configured (size=4096, memory=64Kbytes)
[    1.741390] IPVS: ipvs loaded.
[    1.742122] IPVS: [rr] scheduler registered.
[    1.743062] IPVS: [wrr] scheduler registered.
[    1.744023] IPVS: [lc] scheduler registered.
[    1.745001] IPVS: [wlc] scheduler registered.
[    1.745963] IPVS: [fo] scheduler registered.
[    1.746903] IPVS: [ovf] scheduler registered.
[    1.747867] IPVS: [lblc] scheduler registered.
[    1.748859] IPVS: [lblcr] scheduler registered.
[    1.749877] IPVS: [dh] scheduler registered.
[    1.750837] IPVS: [sh] scheduler registered.
[    1.751783] IPVS: [sed] scheduler registered.
[    1.761086] IPVS: [nq] scheduler registered.
[    1.762096] IPVS: ftp: loaded support on port[0] = 21
[    1.763307] ipip: IPv4 and MPLS over IPv4 tunneling driver
[    1.764667] gre: GRE over IPv4 demultiplexor driver
[    1.765799] ip_tables: (C) 2000-2006 Netfilter Core Team
[    1.767017] ipt_CLUSTERIP: ClusterIP Version 0.8 loaded successfully
[    1.768396] arp_tables: arp_tables: (C) 2002 David S. Miller
[    1.769686] NET: Registered protocol family 10
[    1.771027] Segment Routing with IPv6
[    1.771911] ip6_tables: (C) 2000-2006 Netfilter Core Team
[    1.773309] NET: Registered protocol family 17
[    1.774350] Bridge firewalling registered
[    1.775278] Ebtables v2.0 registered
[    1.776157] 8021q: 802.1Q VLAN Support v1.8
[    1.777128] 9pnet: Installing 9P2000 support
[    1.778125] Key type dns_resolver registered
[    1.779191] sched_clock: Marking stable (1770706975, 0)->(2283882031, -513175056)
[    1.780975] registered taskstats version 1
[    1.788371] Key type big_key registered
[    1.791921] Key type encrypted registered
[    1.793118] rtc_cmos 00:00: setting system clock to 2019-09-12 18:36:08 UTC (1568313368)
[    2.023438] ata6: SATA link down (SStatus 0 SControl 300)
[    2.024755] ata2: SATA link down (SStatus 0 SControl 300)
[    2.026264] ata3: SATA link up 1.5 Gbps (SStatus 113 SControl 300)
[    2.029202] ata3.00: ATAPI: QEMU DVD-ROM, 2.5+, max UDMA/100
[    2.031720] ata3.00: applying bridge limits
[    2.034038] ata1: SATA link down (SStatus 0 SControl 300)
[    2.036740] ata4: SATA link down (SStatus 0 SControl 300)
[    2.039348] ata5: SATA link down (SStatus 0 SControl 300)
[    2.041822] ata3.00: configured for UDMA/100
[    2.044256] scsi 2:0:0:0: CD-ROM            QEMU     QEMU DVD-ROM     2.5+ PQ: 0 ANSI: 5
[    2.090548] sr 2:0:0:0: [sr0] scsi3-mmc drive: 4x/4x cd/rw xa/form2 tray
[    2.093260] cdrom: Uniform CD-ROM driver Revision: 3.20
[    2.096024] sr 2:0:0:0: Attached scsi generic sg0 type 5
[    2.104057] Freeing unused kernel memory: 1584K
[    2.106133] Write protecting the kernel read-only data: 18432k
[    2.109363] Freeing unused kernel memory: 2024K
[    2.118068] Freeing unused kernel memory: 1116K
[    2.640068] tsc: Refined TSC clocksource calibration: 2993.203 MHz
[    2.641405] clocksource: tsc: mask: 0xffffffffffffffff max_cycles: 0x2b253060f24, max_idle_ns: 440795289691 ns

Welcome to LinuxKit

                        ##         .
                  ## ## ##        ==
               ## ## ## ## ##    ===
           /"""""""""""""""""\___/ ===
          {                       /  ===-
           \______ O           __/
             \    \         __/
              \____\_______/



Welcome to LinuxKit

                        ##         .
                  ## ## ##        ==
               ## ## ## ## ##    ===
           /"""""""""""""""""___/ ===
          {                       /  ===-
           ______ O           __/
                          __/
              ___________/

linuxkit-1e99ed48285d login: root (automatic login)

Welcome to LinuxKit!

NOTE: This system is namespaced.
The namespace you are currently in may not be the root.
my bash_profile_root started...
list of login shells running:
2
  272 root       0:00 -sh
pid of our current login shell:
272
[    3.487407] 8021q: adding VLAN 0 to HW filter on device eth0
start running the LinuxKit containers...
start running task [1/2] ...
CMD_TASK_1: sleep 10
[    3.500564] We reached unpopular paths: net/ipv4/route.c:2089
[    3.501821] We reached unpopular paths: net/ipv4/ip_input.c:386
[    3.503093] We reached unpopular paths: net/ipv4/udp.c:650
[    3.504273] We reached unpopular paths: net/ipv4/udp.c:1326
[    3.505463] We reached unpopular paths: net/ipv4/udp.c:1329
[    3.506658] We reached unpopular paths: net/ipv4/udp.c:1485
[    3.507864] We reached unpopular paths: net/ipv4/udp.c:1488
[    3.509080] We reached unpopular paths: net/ipv4/udp.c:1628
[    3.510330] We reached unpopular paths: net/ipv4/udp.c:1326
[    3.511557] We reached unpopular paths: net/ipv4/udp.c:1329
[    3.512778] We reached unpopular paths: net/ipv4/udp.c:1640
[    3.519197] We reached unpopular paths: net/ipv4/udp.c:1763
[    3.520419] We reached unpopular paths: net/ipv4/udp.c:1699
[    3.521605] We reached unpopular paths: net/ipv4/udp.c:1379
[    3.522811] We reached unpopular paths: net/ipv4/udp.c:1397
[    3.523999] We reached unpopular paths: net/ipv4/udp.c:1706
[    3.525202] We reached unpopular paths: net/ipv4/udp.c:1785
[    3.526414] We reached unpopular paths: net/ipv4/udp.c:1789
[    3.527595] We reached unpopular paths: net/ipv4/udp.c:1792
[    3.529476] We reached unpopular paths: net/ipv4/route.c:2089
[    3.530830] We reached unpopular paths: net/ipv4/ip_input.c:386
[    3.532095] We reached unpopular paths: net/ipv4/udp.c:650
[    3.533273] We reached unpopular paths: net/ipv4/udp.c:1326
[    3.534472] We reached unpopular paths: net/ipv4/udp.c:1329
[    3.535662] We reached unpopular paths: net/ipv4/udp.c:1485
[    3.536867] We reached unpopular paths: net/ipv4/udp.c:1628
[    3.538063] We reached unpopular paths: net/ipv4/udp.c:1326
[    3.539250] We reached unpopular paths: net/ipv4/udp.c:1329
[    3.540441] We reached unpopular paths: net/ipv4/udp.c:1640
[    3.541670] We reached unpopular paths: net/ipv4/udp.c:1763
[    3.542891] We reached unpopular paths: net/ipv4/udp.c:1699
[    3.544080] We reached unpopular paths: net/ipv4/udp.c:1379
[    3.545270] We reached unpopular paths: net/ipv4/udp.c:1397
[    3.546469] We reached unpopular paths: net/ipv4/udp.c:1706
[    3.547655] We reached unpopular paths: net/ipv4/udp.c:1785
[    3.548838] We reached unpopular paths: net/ipv4/udp.c:1789
[    3.550063] We reached unpopular paths: net/ipv4/udp.c:1792
task [1/2] completed.
start running task [2/2] ...
CMD_TASK_2: runc --root /run/containerd/runc/services.linuxkit/ exec -t ubuntu ps -ef
UID        PID  PPID  C STIME TTY          TIME CMD
root         1     0  0 18:36 ?        00:00:00 sh -c sleep 3000
root         5     1  0 18:36 ?        00:00:00 sleep 3000
root         6     0  0 18:36 pts/0    00:00:00 ps -ef
task [2/2] completed.
my bash_profile_root finished.
ready to halt LinuxKit VM.
linuxkit-1e99ed48285d:~# [6n[   18.614821] ACPI: Preparing to enter system sleep state S5
[   18.617308] reboot: Power down
