[    0.000000] Linux version 4.14.24-linuxkit (root@99d229a647a5) (gcc version 6.4.0 (Alpine 6.4.0)) #1 SMP Wed Sep 11 20:38:45 UTC 2019
[    0.000000] Command line: console=tty0 console=ttyS0 console=ttyAMA0 console=ttysclp0
[    0.000000] x86/fpu: x87 FPU will use FXSAVE
[    0.000000] e820: BIOS-provided physical RAM map:
[    0.000000] BIOS-e820: [mem 0x0000000000000000-0x000000000009fbff] usable
[    0.000000] BIOS-e820: [mem 0x000000000009fc00-0x000000000009ffff] reserved
[    0.000000] BIOS-e820: [mem 0x00000000000f0000-0x00000000000fffff] reserved
[    0.000000] BIOS-e820: [mem 0x0000000000100000-0x000000007ffdefff] usable
[    0.000000] BIOS-e820: [mem 0x000000007ffdf000-0x000000007fffffff] reserved
[    0.000000] BIOS-e820: [mem 0x00000000b0000000-0x00000000bfffffff] reserved
[    0.000000] BIOS-e820: [mem 0x00000000feffc000-0x00000000feffffff] reserved
[    0.000000] BIOS-e820: [mem 0x00000000fffc0000-0x00000000ffffffff] reserved
[    0.000000] BIOS-e820: [mem 0x0000000100000000-0x000000017fffffff] usable
[    0.000000] NX (Execute Disable) protection: active
[    0.000000] random: fast init done
[    0.000000] SMBIOS 2.8 present.
[    0.000000] DMI: QEMU Standard PC (Q35 + ICH9, 2009), BIOS Ubuntu-1.8.2-1ubuntu1 04/01/2014
[    0.000000] Hypervisor detected: KVM
[    0.000000] tsc: Fast TSC calibration using PIT
[    0.000000] e820: last_pfn = 0x180000 max_arch_pfn = 0x400000000
[    0.000000] x86/PAT: PAT not supported by CPU.
[    0.000000] x86/PAT: Configuration [0-7]: WB  WT  UC- UC  WB  WT  UC- UC  
[    0.000000] e820: last_pfn = 0x7ffdf max_arch_pfn = 0x400000000
[    0.000000] found SMP MP-table at [mem 0x000f6630-0x000f663f] mapped at [ffffffffff200630]
[    0.000000] RAMDISK: [mem 0x7b5de000-0x7ffcffff]
[    0.000000] ACPI: Early table checksum verification disabled
[    0.000000] ACPI: RSDP 0x00000000000F6440 000014 (v00 BOCHS )
[    0.000000] ACPI: RSDT 0x000000007FFE2267 000038 (v01 BOCHS  BXPCRSDT 00000001 BXPC 00000001)
[    0.000000] ACPI: FACP 0x000000007FFE1E32 000074 (v01 BOCHS  BXPCFACP 00000001 BXPC 00000001)
[    0.000000] ACPI: DSDT 0x000000007FFE0040 001DF2 (v01 BOCHS  BXPCDSDT 00000001 BXPC 00000001)
[    0.000000] ACPI: FACS 0x000000007FFE0000 000040
[    0.000000] ACPI: SSDT 0x000000007FFE1EA6 0002D5 (v01 BOCHS  BXPCSSDT 00000001 BXPC 00000001)
[    0.000000] ACPI: APIC 0x000000007FFE217B 000078 (v01 BOCHS  BXPCAPIC 00000001 BXPC 00000001)
[    0.000000] ACPI: HPET 0x000000007FFE21F3 000038 (v01 BOCHS  BXPCHPET 00000001 BXPC 00000001)
[    0.000000] ACPI: MCFG 0x000000007FFE222B 00003C (v01 BOCHS  BXPCMCFG 00000001 BXPC 00000001)
[    0.000000] kvm-clock: Using msrs 4b564d01 and 4b564d00
[    0.000000] kvm-clock: cpu 0, msr 1:7fffd001, primary cpu clock
[    0.000000] kvm-clock: using sched offset of 9324779870 cycles
[    0.000000] clocksource: kvm-clock: mask: 0xffffffffffffffff max_cycles: 0x1cd42e4dffb, max_idle_ns: 881590591483 ns
[    0.000000] Zone ranges:
[    0.000000]   DMA      [mem 0x0000000000001000-0x0000000000ffffff]
[    0.000000]   DMA32    [mem 0x0000000001000000-0x00000000ffffffff]
[    0.000000]   Normal   [mem 0x0000000100000000-0x000000017fffffff]
[    0.000000]   Device   empty
[    0.000000] Movable zone start for each node
[    0.000000] Early memory node ranges
[    0.000000]   node   0: [mem 0x0000000000001000-0x000000000009efff]
[    0.000000]   node   0: [mem 0x0000000000100000-0x000000007ffdefff]
[    0.000000]   node   0: [mem 0x0000000100000000-0x000000017fffffff]
[    0.000000] Initmem setup node 0 [mem 0x0000000000001000-0x000000017fffffff]
[    0.000000] ACPI: PM-Timer IO Port: 0x608
[    0.000000] ACPI: LAPIC_NMI (acpi_id[0xff] dfl dfl lint[0x1])
[    0.000000] IOAPIC[0]: apic_id 0, version 17, address 0xfec00000, GSI 0-23
[    0.000000] ACPI: INT_SRC_OVR (bus 0 bus_irq 0 global_irq 2 dfl dfl)
[    0.000000] ACPI: INT_SRC_OVR (bus 0 bus_irq 5 global_irq 5 high level)
[    0.000000] ACPI: INT_SRC_OVR (bus 0 bus_irq 9 global_irq 9 high level)
[    0.000000] ACPI: INT_SRC_OVR (bus 0 bus_irq 10 global_irq 10 high level)
[    0.000000] ACPI: INT_SRC_OVR (bus 0 bus_irq 11 global_irq 11 high level)
[    0.000000] Using ACPI (MADT) for SMP configuration information
[    0.000000] Using ACPI for processor (LAPIC) configuration information
[    0.000000] ACPI: HPET id: 0x8086a201 base: 0xfed00000
[    0.000000] smpboot: Allowing 1 CPUs, 0 hotplug CPUs
[    0.000000] e820: [mem 0xc0000000-0xfeffbfff] available for PCI devices
[    0.000000] Booting paravirtualized kernel on KVM
[    0.000000] clocksource: refined-jiffies: mask: 0xffffffff max_cycles: 0xffffffff, max_idle_ns: 19112604462750000 ns
[    0.000000] setup_percpu: NR_CPUS:128 nr_cpumask_bits:128 nr_cpu_ids:1 nr_node_ids:1
[    0.000000] percpu: Embedded 44 pages/cpu @ffff954cffc00000 s143192 r8192 d28840 u2097152
[    0.000000] KVM setup async PF for cpu 0
[    0.000000] kvm-stealtime: cpu 0, msr 17fc15f00
[    0.000000] Built 1 zonelists, mobility grouping on.  Total pages: 1032040
[    0.000000] Kernel command line: console=tty0 console=ttyS0 console=ttyAMA0 console=ttysclp0
[    0.000000] PID hash table entries: 4096 (order: 3, 32768 bytes)
[    0.000000] Dentry cache hash table entries: 524288 (order: 10, 4194304 bytes)
[    0.000000] Inode-cache hash table entries: 262144 (order: 9, 2097152 bytes)
[    0.000000] Memory: 3954804K/4193780K available (12300K kernel code, 1452K rwdata, 2980K rodata, 1584K init, 628K bss, 238976K reserved, 0K cma-reserved)
[    0.000000] Kernel/User page tables isolation: enabled
[    0.000000] ftrace: allocating 41052 entries in 161 pages
[    0.010000] Hierarchical RCU implementation.
[    0.010000] 	RCU restricting CPUs from NR_CPUS=128 to nr_cpu_ids=1.
[    0.010000] RCU: Adjusting geometry for rcu_fanout_leaf=16, nr_cpu_ids=1
[    0.010000] NR_IRQS: 8448, nr_irqs: 256, preallocated irqs: 16
[    0.010000] Console: colour VGA+ 80x25
[    0.010000] console [tty0] enabled
[    0.010000] console [ttyS0] enabled
[    0.010000] clocksource: hpet: mask: 0xffffffff max_cycles: 0xffffffff, max_idle_ns: 19112604467 ns
[    0.010007] tsc: Detected 2993.200 MHz processor
[    0.011082] Calibrating delay loop (skipped) preset value.. 5986.40 BogoMIPS (lpj=29932000)
[    0.011788] pid_max: default: 32768 minimum: 301
[    0.012827] ACPI: Core revision 20170728
[    0.014771] ACPI: 2 ACPI AML tables successfully acquired and loaded
[    0.016155] Security Framework initialized
[    0.017079] Yama: becoming mindful.
[    0.017995] Mount-cache hash table entries: 8192 (order: 4, 65536 bytes)
[    0.020044] Mountpoint-cache hash table entries: 8192 (order: 4, 65536 bytes)
[    0.021847] Last level iTLB entries: 4KB 0, 2MB 0, 4MB 0
[    0.023065] Last level dTLB entries: 4KB 0, 2MB 0, 4MB 0, 1GB 0
[    0.024381] Spectre V2 : Vulnerable: Minimal generic ASM retpoline
[    0.032134] Freeing SMP alternatives memory: 20K
[    0.033664] smpboot: Max logical packages: 1
[    0.034950] x2apic enabled
[    0.035971] Switched APIC routing to physical x2apic.
[    0.038609] ..TIMER: vector=0x30 apic1=0 pin1=2 apic2=-1 pin2=-1
[    0.040000] smpboot: CPU0: Intel QEMU Virtual CPU version 2.5+ (family: 0x6, model: 0x6, stepping: 0x3)
[    0.040000] Performance Events: PMU not available due to virtualization, using software events only.
[    0.040000] Hierarchical SRCU implementation.
[    0.040000] NMI watchdog: Perf event create on CPU 0 failed with -2
[    0.040000] NMI watchdog: Perf NMI watchdog permanently disabled
[    0.040000] smp: Bringing up secondary CPUs ...
[    0.040000] smp: Brought up 1 node, 1 CPU
[    0.040003] smpboot: Total of 1 processors activated (5986.40 BogoMIPS)
[    0.041983] devtmpfs: initialized
[    0.042846] x86/mm: Memory block size: 128MB
[    0.044448] clocksource: jiffies: mask: 0xffffffff max_cycles: 0xffffffff, max_idle_ns: 19112604462750000 ns
[    0.046553] futex hash table entries: 256 (order: 2, 16384 bytes)
[    0.048087] NET: Registered protocol family 16
[    0.050166] cpuidle: using governor ladder
[    0.051114] cpuidle: using governor menu
[    0.052093] ACPI: bus type PCI registered
[    0.053154] PCI: MMCONFIG for domain 0000 [bus 00-ff] at [mem 0xb0000000-0xbfffffff] (base 0xb0000000)
[    0.055160] PCI: MMCONFIG at [mem 0xb0000000-0xbfffffff] reserved in E820
[    0.056616] PCI: Using configuration type 1 for base access
[    0.059554] HugeTLB registered 2.00 MiB page size, pre-allocated 0 pages
[    0.060282] ACPI: Added _OSI(Module Device)
[    0.061251] ACPI: Added _OSI(Processor Device)
[    0.062266] ACPI: Added _OSI(3.0 _SCP Extensions)
[    0.063318] ACPI: Added _OSI(Processor Aggregator Device)
[    0.067152] ACPI: Interpreter enabled
[    0.068024] ACPI: (supports S0 S5)
[    0.068834] ACPI: Using IOAPIC for interrupt routing
[    0.070031] PCI: Using host bridge windows from ACPI; if necessary, use "pci=nocrs" and report a bug
[    0.072406] ACPI: Enabled 16 GPEs in block 00 to 3F
[    0.075893] ACPI: PCI Root Bridge [PCI0] (domain 0000 [bus 00-ff])
[    0.077217] acpi PNP0A08:00: _OSC: OS supports [ExtendedConfig ASPM ClockPM Segments MSI]
[    0.080053] acpi PNP0A08:00: _OSC: OS now controls [PCIeHotplug PME PCIeCapability]
[    0.081743] PCI host bridge to bus 0000:00
[    0.082679] pci_bus 0000:00: root bus resource [io  0x0000-0x0cf7 window]
[    0.084085] pci_bus 0000:00: root bus resource [io  0x0d00-0xffff window]
[    0.085492] pci_bus 0000:00: root bus resource [mem 0x000a0000-0x000bffff window]
[    0.087107] pci_bus 0000:00: root bus resource [mem 0xc0000000-0xfebfffff window]
[    0.088698] pci_bus 0000:00: root bus resource [bus 00-ff]
[    0.115596] pci 0000:00:1f.0: quirk: [io  0x0600-0x067f] claimed by ICH6 ACPI/GPIO/TCO
[    0.128211] ACPI: PCI Interrupt Link [LNKA] (IRQs 5 *10 11)
[    0.129541] ACPI: PCI Interrupt Link [LNKB] (IRQs 5 *10 11)
[    0.130101] ACPI: PCI Interrupt Link [LNKC] (IRQs 5 10 *11)
[    0.131385] ACPI: PCI Interrupt Link [LNKD] (IRQs 5 10 *11)
[    0.132658] ACPI: PCI Interrupt Link [LNKE] (IRQs 5 *10 11)
[    0.133990] ACPI: PCI Interrupt Link [LNKF] (IRQs 5 *10 11)
[    0.135286] ACPI: PCI Interrupt Link [LNKG] (IRQs 5 10 *11)
[    0.136922] ACPI: PCI Interrupt Link [LNKH] (IRQs 5 10 *11)
[    0.138190] ACPI: PCI Interrupt Link [GSIA] (IRQs *16)
[    0.140014] ACPI: PCI Interrupt Link [GSIB] (IRQs *17)
[    0.141158] ACPI: PCI Interrupt Link [GSIC] (IRQs *18)
[    0.142302] ACPI: PCI Interrupt Link [GSID] (IRQs *19)
[    0.150009] ACPI: PCI Interrupt Link [GSIE] (IRQs *20)
[    0.151122] ACPI: PCI Interrupt Link [GSIF] (IRQs *21)
[    0.152232] ACPI: PCI Interrupt Link [GSIG] (IRQs *22)
[    0.153355] ACPI: PCI Interrupt Link [GSIH] (IRQs *23)
[    0.154528] acpi LNXCPU:00: Invalid PBLK length [0]
[    0.156047] SCSI subsystem initialized
[    0.157067] ACPI: bus type USB registered
[    0.157987] usbcore: registered new interface driver usbfs
[    0.160023] usbcore: registered new interface driver hub
[    0.161174] usbcore: registered new device driver usb
[    0.162288] pps_core: LinuxPPS API ver. 1 registered
[    0.163355] pps_core: Software ver. 5.3.6 - Copyright 2005-2007 Rodolfo Giometti <giometti@linux.it>
[    0.165258] PTP clock support registered
[    0.166239] PCI: Using ACPI for IRQ routing
[    0.244505] NetLabel: Initializing
[    0.245312] NetLabel:  domain hash size = 128
[    0.246272] NetLabel:  protocols = UNLABELED CIPSOv4 CALIPSO
[    0.247503] NetLabel:  unlabeled traffic allowed by default
[    0.248884] HPET: 3 timers in total, 0 timers will be used for per-cpu timer
[    0.250024] hpet0: at MMIO 0xfed00000, IRQs 2, 8, 0
[    0.251102] hpet0: 3 comparators, 64-bit 100.000000 MHz counter
[    0.257580] clocksource: Switched to clocksource kvm-clock
[    0.275149] VFS: Disk quotas dquot_6.6.0
[    0.276149] VFS: Dquot-cache hash table entries: 512 (order 0, 4096 bytes)
[    0.277674] FS-Cache: Loaded
[    0.278467] CacheFiles: Loaded
[    0.279253] pnp: PnP ACPI init
[    0.280614] pnp: PnP ACPI: found 5 devices
[    0.287611] clocksource: acpi_pm: mask: 0xffffff max_cycles: 0xffffff, max_idle_ns: 2085701024 ns
[    0.289601] NET: Registered protocol family 2
[    0.291568] TCP established hash table entries: 32768 (order: 6, 262144 bytes)
[    0.293331] TCP bind hash table entries: 32768 (order: 7, 524288 bytes)
[    0.295047] TCP: Hash tables configured (established 32768 bind 32768)
[    0.296535] UDP hash table entries: 2048 (order: 4, 65536 bytes)
[    0.297876] UDP-Lite hash table entries: 2048 (order: 4, 65536 bytes)
[    0.299357] NET: Registered protocol family 1
[    0.300421] pci 0000:00:01.0: Video device with shadowed ROM at [mem 0x000c0000-0x000dffff]
[    0.302363] Trying to unpack rootfs image as initramfs...
[    1.572779] Freeing initrd memory: 75720K
[    1.573930] PCI-DMA: Using software bounce buffering for IO (SWIOTLB)
[    1.575337] software IO TLB [mem 0x775de000-0x7b5de000] (64MB) mapped at [ffff954bf75de000-ffff954bfb5ddfff]
[    1.578313] PCLMULQDQ-NI instructions are not detected.
[    1.579514] AVX or AES-NI instructions are not detected.
[    1.580711] CPU feature 'AVX registers' is not supported.
[    1.581893] CPU feature 'AVX registers' is not supported.
[    1.583089] CPU feature 'AVX registers' is not supported.
[    1.584279] CPU feature 'AVX registers' is not supported.
[    1.585465] AVX2 or AES-NI instructions are not detected.
[    1.586653] AVX2 instructions are not detected.
[    1.587814] audit: initializing netlink subsys (disabled)
[    1.589329] audit: type=2000 audit(1568313128.640:1): state=initialized audit_enabled=0 res=1
[    1.591240] workingset: timestamp_bits=46 max_order=20 bucket_order=0
[    1.592820] squashfs: version 4.0 (2009/01/31) Phillip Lougher
[    1.594184] FS-Cache: Netfs 'cifs' registered for caching
[    1.595421] fuse init (API version 7.26)
[    1.596414] SGI XFS with ACLs, security attributes, no debug enabled
[    1.598014] 9p: Installing v9fs 9p2000 file system support
[    1.599233] FS-Cache: Netfs '9p' registered for caching
[    1.601796] NET: Registered protocol family 38
[    1.602811] Key type asymmetric registered
[    1.603751] Asymmetric key parser 'x509' registered
[    1.604845] Block layer SCSI generic (bsg) driver version 0.4 loaded (major 248)
[    1.606489] io scheduler noop registered
[    1.607404] io scheduler deadline registered (default)
[    1.608549] io scheduler cfq registered
[    1.609438] io scheduler mq-deadline registered
[    1.610474] io scheduler kyber registered
[    1.611493] shpchp: Standard Hot Plug PCI Controller Driver version: 0.4
[    1.612937] hv_vmbus: registering driver hyperv_fb
[    1.614085] input: Power Button as /devices/LNXSYSTM:00/LNXPWRBN:00/input/input0
[    1.615734] ACPI: Power Button [PWRF]
[    1.616652] button: probe of LNXPWRBN:00 failed with error -22
[    1.618459] ACPI: PCI Interrupt Link [GSIG] enabled at IRQ 22
[    1.619773] virtio-pci 0000:00:02.0: virtio_pci: leaving for legacy driver
[    1.621999] ACPI: PCI Interrupt Link [GSIH] enabled at IRQ 23
[    1.623327] virtio-pci 0000:00:03.0: virtio_pci: leaving for legacy driver
[    1.625252] Serial: 8250/16550 driver, 4 ports, IRQ sharing disabled
[    1.649235] 00:04: ttyS0 at I/O 0x3f8 (irq = 4, base_baud = 115200) is a 16550A
[    1.651251] Non-volatile memory driver v1.3
[    1.652400] !!! Set our kernel_init_done FLAG !!!
[    1.653539] Hangcheck: starting hangcheck timer 0.9.1 (tick is 180 seconds, margin is 60 seconds).
[    1.657014] random: crng init done
[    1.659356] brd: module loaded
[    1.663156] loop: module loaded
[    1.670121] lpc_ich 0000:00:1f.0: RCBA is disabled by hardware/BIOS, device disabled
[    1.671871] lpc_ich 0000:00:1f.0: I/O space for GPIO uninitialized
[    1.673160] lpc_ich 0000:00:1f.0: No MFD cells added
[    1.674300] VMware PVSCSI driver - version 1.0.7.0-k
[    1.675390] hv_vmbus: registering driver hv_storvsc
[    1.676888] ACPI: PCI Interrupt Link [GSIA] enabled at IRQ 16
[    1.678846] ahci 0000:00:1f.2: AHCI 0001.0000 32 slots 6 ports 1.5 Gbps 0x3f impl SATA mode
[    1.680630] ahci 0000:00:1f.2: flags: ncq only 
[    1.682625] scsi host0: ahci
[    1.683443] scsi host1: ahci
[    1.684208] scsi host2: ahci
[    1.684983] scsi host3: ahci
[    1.685762] scsi host4: ahci
[    1.686534] scsi host5: ahci
[    1.687268] ata1: SATA max UDMA/133 abar m4096@0xfebd2000 port 0xfebd2100 irq 24
[    1.688857] ata2: SATA max UDMA/133 abar m4096@0xfebd2000 port 0xfebd2180 irq 24
[    1.690451] ata3: SATA max UDMA/133 abar m4096@0xfebd2000 port 0xfebd2200 irq 24
[    1.692040] ata4: SATA max UDMA/133 abar m4096@0xfebd2000 port 0xfebd2280 irq 24
[    1.693624] ata5: SATA max UDMA/133 abar m4096@0xfebd2000 port 0xfebd2300 irq 24
[    1.695210] ata6: SATA max UDMA/133 abar m4096@0xfebd2000 port 0xfebd2380 irq 24
[    1.697335] tun: Universal TUN/TAP device driver, 1.6
[    1.699369] VMware vmxnet3 virtual NIC driver - version 1.4.a.0-k-NAPI
[    1.700778] hv_vmbus: registering driver hv_netvsc
[    1.701847] Fusion MPT base driver 3.04.20
[    1.702782] Copyright (c) 1999-2008 LSI Corporation
[    1.703836] Fusion MPT SPI Host driver 3.04.20
[    1.704864] i8042: PNP: PS/2 Controller [PNP0303:KBD,PNP0f13:MOU] at 0x60,0x64 irq 1,12
[    1.707388] serio: i8042 KBD port at 0x60,0x64 irq 1
[    1.708460] serio: i8042 AUX port at 0x60,0x64 irq 12
[    1.709615] hv_vmbus: registering driver hyperv_keyboard
[    1.710822] mousedev: PS/2 mouse device common for all mice
[    1.712300] input: AT Translated Set 2 keyboard as /devices/platform/i8042/serio0/input/input1
[    1.714360] input: PC Speaker as /devices/platform/pcspkr/input/input3
[    1.715829] rtc_cmos 00:00: RTC can wake from S4
[    1.717138] rtc_cmos 00:00: rtc core: registered rtc_cmos as rtc0
[    1.718594] rtc_cmos 00:00: alarms up to one day, 114 bytes nvram, hpet irqs
[    1.720110] i2c /dev entries driver
[    1.720976] device-mapper: ioctl: 4.37.0-ioctl (2017-09-20) initialised: dm-devel@redhat.com
[    1.722933] usbcore: registered new interface driver usbhid
[    1.724121] usbhid: USB HID core driver
[    1.725009] hv_utils: Registering HyperV Utility Driver
[    1.726126] hv_vmbus: registering driver hv_util
[    1.727136] hv_vmbus: registering driver hv_balloon
[    1.728193] oprofile: using NMI interrupt.
[    1.729131] GACT probability on
[    1.729867] Mirror/redirect action on
[    1.730717] Simple TC action Loaded
[    1.731524] u32 classifier
[    1.732183]     Performance counters on
[    1.733045]     input device check on
[    1.733881]     Actions configured
[    1.734754] Netfilter messages via NETLINK v0.30.
[    1.735787] nfnl_acct: registering with nfnetlink.
[    1.736926] nf_conntrack version 0.5.0 (16384 buckets, 65536 max)
[    1.738290] ctnetlink v0.93: registering with nfnetlink.
[    1.739549] nf_tables: (c) 2007-2009 Patrick McHardy <kaber@trash.net>
[    1.740931] nf_tables_compat: (c) 2012 Pablo Neira Ayuso <pablo@netfilter.org>
[    1.742558] xt_time: kernel timezone is -0000
[    1.743532] ip_set: protocol 6
[    1.744265] IPVS: Registered protocols (TCP, UDP, SCTP, AH, ESP)
[    1.745524] IPVS: Connection hash table configured (size=4096, memory=64Kbytes)
[    1.747191] IPVS: ipvs loaded.
[    1.747919] IPVS: [rr] scheduler registered.
[    1.748860] IPVS: [wrr] scheduler registered.
[    1.749851] IPVS: [lc] scheduler registered.
[    1.750817] IPVS: [wlc] scheduler registered.
[    1.751775] IPVS: [fo] scheduler registered.
[    1.752715] IPVS: [ovf] scheduler registered.
[    1.753680] IPVS: [lblc] scheduler registered.
[    1.754665] IPVS: [lblcr] scheduler registered.
[    1.755654] IPVS: [dh] scheduler registered.
[    1.756595] IPVS: [sh] scheduler registered.
[    1.757540] IPVS: [sed] scheduler registered.
[    1.766637] IPVS: [nq] scheduler registered.
[    1.767581] IPVS: ftp: loaded support on port[0] = 21
[    1.768718] ipip: IPv4 and MPLS over IPv4 tunneling driver
[    1.769990] gre: GRE over IPv4 demultiplexor driver
[    1.771143] ip_tables: (C) 2000-2006 Netfilter Core Team
[    1.772319] ipt_CLUSTERIP: ClusterIP Version 0.8 loaded successfully
[    1.773653] arp_tables: arp_tables: (C) 2002 David S. Miller
[    1.774908] NET: Registered protocol family 10
[    1.776189] Segment Routing with IPv6
[    1.777042] ip6_tables: (C) 2000-2006 Netfilter Core Team
[    1.778392] NET: Registered protocol family 17
[    1.779428] Bridge firewalling registered
[    1.780343] Ebtables v2.0 registered
[    1.781197] 8021q: 802.1Q VLAN Support v1.8
[    1.782145] 9pnet: Installing 9P2000 support
[    1.783120] Key type dns_resolver registered
[    1.784151] sched_clock: Marking stable (1780330506, 0)->(2297620861, -517290355)
[    1.785870] registered taskstats version 1
[    1.793128] Key type big_key registered
[    1.796557] Key type encrypted registered
[    1.797750] rtc_cmos 00:00: setting system clock to 2019-09-12 18:32:08 UTC (1568313128)
[    2.023300] ata2: SATA link down (SStatus 0 SControl 300)
[    2.026008] ata4: SATA link down (SStatus 0 SControl 300)
[    2.028708] ata5: SATA link down (SStatus 0 SControl 300)
[    2.031435] ata3: SATA link up 1.5 Gbps (SStatus 113 SControl 300)
[    2.034591] ata6: SATA link down (SStatus 0 SControl 300)
[    2.037287] ata1: SATA link down (SStatus 0 SControl 300)
[    2.039735] ata3.00: ATAPI: QEMU DVD-ROM, 2.5+, max UDMA/100
[    2.042067] ata3.00: applying bridge limits
[    2.044156] ata3.00: configured for UDMA/100
[    2.046562] scsi 2:0:0:0: CD-ROM            QEMU     QEMU DVD-ROM     2.5+ PQ: 0 ANSI: 5
[    2.100535] sr 2:0:0:0: [sr0] scsi3-mmc drive: 4x/4x cd/rw xa/form2 tray
[    2.103267] cdrom: Uniform CD-ROM driver Revision: 3.20
[    2.106047] sr 2:0:0:0: Attached scsi generic sg0 type 5
[    2.114086] Freeing unused kernel memory: 1584K
[    2.116083] Write protecting the kernel read-only data: 18432k
[    2.119321] Freeing unused kernel memory: 2024K
[    2.127918] Freeing unused kernel memory: 1116K
[    2.640070] tsc: Refined TSC clocksource calibration: 2993.205 MHz
[    2.641444] clocksource: tsc: mask: 0xffffffffffffffff max_cycles: 0x2b253232534, max_idle_ns: 440795219639 ns

Welcome to LinuxKit

                        ##         .
                  ## ## ##        ==
               ## ## ## ## ##    ===
           /"""""""""""""""""\___/ ===
          {                       /  ===-
           \______ O           __/
             \    \         __/
              \____\_______/



Welcome to LinuxKit

                        ##         .
                  ## ## ##        ==
               ## ## ## ## ##    ===
           /"""""""""""""""""___/ ===
          {                       /  ===-
           ______ O           __/
                          __/
              ___________/

linuxkit-1e99ed48285d login: root (automatic login)

Welcome to LinuxKit!

NOTE: This system is namespaced.
The namespace you are currently in may not be the root.
my bash_profile_root started...
list of login shells running:
2
  275 root       0:00 -sh
pid of our current login shell:
275
start running the LinuxKit containers...
start running task [1/2] ...
CMD_TASK_1: sleep 10
[    3.385051] 8021q: adding VLAN 0 to HW filter on device eth0
[    3.392335] We reached unpopular paths: net/ipv4/route.c:2089
[    3.393586] We reached unpopular paths: net/ipv4/ip_input.c:386
[    3.394872] We reached unpopular paths: net/ipv4/udp.c:650
[    3.396051] We reached unpopular paths: net/ipv4/udp.c:1326
[    3.397242] We reached unpopular paths: net/ipv4/udp.c:1329
[    3.398434] We reached unpopular paths: net/ipv4/udp.c:1485
[    3.399648] We reached unpopular paths: net/ipv4/udp.c:1488
[    3.400879] We reached unpopular paths: net/ipv4/udp.c:1628
[    3.402087] We reached unpopular paths: net/ipv4/udp.c:1326
[    3.403303] We reached unpopular paths: net/ipv4/udp.c:1329
[    3.404483] We reached unpopular paths: net/ipv4/udp.c:1640
[    3.405698] We reached unpopular paths: net/ipv4/udp.c:1763
[    3.406882] We reached unpopular paths: net/ipv4/udp.c:1699
[    3.408068] We reached unpopular paths: net/ipv4/udp.c:1379
[    3.409253] We reached unpopular paths: net/ipv4/udp.c:1397
[    3.410447] We reached unpopular paths: net/ipv4/udp.c:1706
[    3.411651] We reached unpopular paths: net/ipv4/udp.c:1785
[    3.412832] We reached unpopular paths: net/ipv4/udp.c:1789
[    3.414011] We reached unpopular paths: net/ipv4/udp.c:1792
[    3.418256] We reached unpopular paths: net/ipv4/route.c:2089
[    3.419578] We reached unpopular paths: net/ipv4/ip_input.c:386
[    3.420845] We reached unpopular paths: net/ipv4/udp.c:650
[    3.422020] We reached unpopular paths: net/ipv4/udp.c:1326
[    3.423246] We reached unpopular paths: net/ipv4/udp.c:1329
[    3.424440] We reached unpopular paths: net/ipv4/udp.c:1485
[    3.425684] We reached unpopular paths: net/ipv4/udp.c:1628
[    3.426899] We reached unpopular paths: net/ipv4/udp.c:1326
[    3.428082] We reached unpopular paths: net/ipv4/udp.c:1329
[    3.429262] We reached unpopular paths: net/ipv4/udp.c:1640
[    3.430504] We reached unpopular paths: net/ipv4/udp.c:1763
[    3.431721] We reached unpopular paths: net/ipv4/udp.c:1699
[    3.432949] We reached unpopular paths: net/ipv4/udp.c:1379
[    3.434130] We reached unpopular paths: net/ipv4/udp.c:1397
[    3.435316] We reached unpopular paths: net/ipv4/udp.c:1706
[    3.436502] We reached unpopular paths: net/ipv4/udp.c:1785
[    3.437697] We reached unpopular paths: net/ipv4/udp.c:1789
[    3.438926] We reached unpopular paths: net/ipv4/udp.c:1792
task [1/2] completed.
start running task [2/2] ...
CMD_TASK_2: runc --root /run/containerd/runc/services.linuxkit/ exec -t ubuntu ps -ef
UID        PID  PPID  C STIME TTY          TIME CMD
root         1     0  0 18:32 ?        00:00:00 sh -c sleep 3000
root         5     1  0 18:32 ?        00:00:00 sleep 3000
root         6     0  0 18:32 pts/0    00:00:00 ps -ef
task [2/2] completed.
my bash_profile_root finished.
ready to halt LinuxKit VM.
linuxkit-1e99ed48285d:~# [6n[   18.453073] ACPI: Preparing to enter system sleep state S5
[   18.455728] reboot: Power down
