[    0.000000] Linux version 4.14.24-linuxkit (root@cf4152161363) (gcc version 6.4.0 (Alpine 6.4.0)) #1 SMP Thu Sep 26 16:43:48 UTC 2019
[    0.000000] Command line: console=tty0 console=ttyS0 console=ttyAMA0 console=ttysclp0
[    0.000000] x86/fpu: x87 FPU will use FXSAVE
[    0.000000] e820: BIOS-provided physical RAM map:
[    0.000000] BIOS-e820: [mem 0x0000000000000000-0x000000000009fbff] usable
[    0.000000] BIOS-e820: [mem 0x000000000009fc00-0x000000000009ffff] reserved
[    0.000000] BIOS-e820: [mem 0x00000000000f0000-0x00000000000fffff] reserved
[    0.000000] BIOS-e820: [mem 0x0000000000100000-0x000000007ffdefff] usable
[    0.000000] BIOS-e820: [mem 0x000000007ffdf000-0x000000007fffffff] reserved
[    0.000000] BIOS-e820: [mem 0x00000000b0000000-0x00000000bfffffff] reserved
[    0.000000] BIOS-e820: [mem 0x00000000feffc000-0x00000000feffffff] reserved
[    0.000000] BIOS-e820: [mem 0x00000000fffc0000-0x00000000ffffffff] reserved
[    0.000000] BIOS-e820: [mem 0x0000000100000000-0x000000017fffffff] usable
[    0.000000] NX (Execute Disable) protection: active
[    0.000000] random: fast init done
[    0.000000] SMBIOS 2.8 present.
[    0.000000] DMI: QEMU Standard PC (Q35 + ICH9, 2009), BIOS Ubuntu-1.8.2-1ubuntu1 04/01/2014
[    0.000000] Hypervisor detected: KVM
[    0.000000] tsc: Fast TSC calibration failed
[    0.000000] tsc: Using PIT calibration value
[    0.000000] e820: last_pfn = 0x180000 max_arch_pfn = 0x400000000
[    0.000000] x86/PAT: PAT not supported by CPU.
[    0.000000] x86/PAT: Configuration [0-7]: WB  WT  UC- UC  WB  WT  UC- UC  
[    0.000000] e820: last_pfn = 0x7ffdf max_arch_pfn = 0x400000000
[    0.000000] found SMP MP-table at [mem 0x000f6630-0x000f663f] mapped at [ffffffffff200630]
[    0.000000] RAMDISK: [mem 0x730dd000-0x7ffcffff]
[    0.000000] ACPI: Early table checksum verification disabled
[    0.000000] ACPI: RSDP 0x00000000000F6440 000014 (v00 BOCHS )
[    0.000000] ACPI: RSDT 0x000000007FFE2267 000038 (v01 BOCHS  BXPCRSDT 00000001 BXPC 00000001)
[    0.000000] ACPI: FACP 0x000000007FFE1E32 000074 (v01 BOCHS  BXPCFACP 00000001 BXPC 00000001)
[    0.000000] ACPI: DSDT 0x000000007FFE0040 001DF2 (v01 BOCHS  BXPCDSDT 00000001 BXPC 00000001)
[    0.000000] ACPI: FACS 0x000000007FFE0000 000040
[    0.000000] ACPI: SSDT 0x000000007FFE1EA6 0002D5 (v01 BOCHS  BXPCSSDT 00000001 BXPC 00000001)
[    0.000000] ACPI: APIC 0x000000007FFE217B 000078 (v01 BOCHS  BXPCAPIC 00000001 BXPC 00000001)
[    0.000000] ACPI: HPET 0x000000007FFE21F3 000038 (v01 BOCHS  BXPCHPET 00000001 BXPC 00000001)
[    0.000000] ACPI: MCFG 0x000000007FFE222B 00003C (v01 BOCHS  BXPCMCFG 00000001 BXPC 00000001)
[    0.000000] kvm-clock: Using msrs 4b564d01 and 4b564d00
[    0.000000] kvm-clock: cpu 0, msr 1:7fffd001, primary cpu clock
[    0.000000] kvm-clock: using sched offset of 22822602019 cycles
[    0.000000] clocksource: kvm-clock: mask: 0xffffffffffffffff max_cycles: 0x1cd42e4dffb, max_idle_ns: 881590591483 ns
[    0.000000] Zone ranges:
[    0.000000]   DMA      [mem 0x0000000000001000-0x0000000000ffffff]
[    0.000000]   DMA32    [mem 0x0000000001000000-0x00000000ffffffff]
[    0.000000]   Normal   [mem 0x0000000100000000-0x000000017fffffff]
[    0.000000]   Device   empty
[    0.000000] Movable zone start for each node
[    0.000000] Early memory node ranges
[    0.000000]   node   0: [mem 0x0000000000001000-0x000000000009efff]
[    0.000000]   node   0: [mem 0x0000000000100000-0x000000007ffdefff]
[    0.000000]   node   0: [mem 0x0000000100000000-0x000000017fffffff]
[    0.000000] Initmem setup node 0 [mem 0x0000000000001000-0x000000017fffffff]
[    0.000000] ACPI: PM-Timer IO Port: 0x608
[    0.000000] ACPI: LAPIC_NMI (acpi_id[0xff] dfl dfl lint[0x1])
[    0.000000] IOAPIC[0]: apic_id 0, version 17, address 0xfec00000, GSI 0-23
[    0.000000] ACPI: INT_SRC_OVR (bus 0 bus_irq 0 global_irq 2 dfl dfl)
[    0.000000] ACPI: INT_SRC_OVR (bus 0 bus_irq 5 global_irq 5 high level)
[    0.000000] ACPI: INT_SRC_OVR (bus 0 bus_irq 9 global_irq 9 high level)
[    0.000000] ACPI: INT_SRC_OVR (bus 0 bus_irq 10 global_irq 10 high level)
[    0.000000] ACPI: INT_SRC_OVR (bus 0 bus_irq 11 global_irq 11 high level)
[    0.000000] Using ACPI (MADT) for SMP configuration information
[    0.000000] Using ACPI for processor (LAPIC) configuration information
[    0.000000] ACPI: HPET id: 0x8086a201 base: 0xfed00000
[    0.000000] smpboot: Allowing 1 CPUs, 0 hotplug CPUs
[    0.000000] e820: [mem 0xc0000000-0xfeffbfff] available for PCI devices
[    0.000000] Booting paravirtualized kernel on KVM
[    0.000000] clocksource: refined-jiffies: mask: 0xffffffff max_cycles: 0xffffffff, max_idle_ns: 19112604462750000 ns
[    0.000000] setup_percpu: NR_CPUS:128 nr_cpumask_bits:128 nr_cpu_ids:1 nr_node_ids:1
[    0.000000] percpu: Embedded 44 pages/cpu @ffff8a553fc00000 s143192 r8192 d28840 u2097152
[    0.000000] KVM setup async PF for cpu 0
[    0.000000] kvm-stealtime: cpu 0, msr 17fc15f00
[    0.000000] Built 1 zonelists, mobility grouping on.  Total pages: 1032040
[    0.000000] Kernel command line: console=tty0 console=ttyS0 console=ttyAMA0 console=ttysclp0
[    0.000000] PID hash table entries: 4096 (order: 3, 32768 bytes)
[    0.000000] Dentry cache hash table entries: 524288 (order: 10, 4194304 bytes)
[    0.000000] Inode-cache hash table entries: 262144 (order: 9, 2097152 bytes)
[    0.000000] Memory: 3818608K/4193780K available (12300K kernel code, 1452K rwdata, 2980K rodata, 1584K init, 628K bss, 375172K reserved, 0K cma-reserved)
[    0.000000] Kernel/User page tables isolation: enabled
[    0.000000] ftrace: allocating 41052 entries in 161 pages
[    0.010000] Hierarchical RCU implementation.
[    0.010000] 	RCU restricting CPUs from NR_CPUS=128 to nr_cpu_ids=1.
[    0.010000] RCU: Adjusting geometry for rcu_fanout_leaf=16, nr_cpu_ids=1
[    0.010000] NR_IRQS: 8448, nr_irqs: 256, preallocated irqs: 16
[    0.010000] Console: colour VGA+ 80x25
[    0.010000] console [tty0] enabled
[    0.010000] console [ttyS0] enabled
[    0.010000] clocksource: hpet: mask: 0xffffffff max_cycles: 0xffffffff, max_idle_ns: 19112604467 ns
[    0.010008] tsc: Detected 2993.200 MHz processor
[    0.010590] Calibrating delay loop (skipped) preset value.. 5986.40 BogoMIPS (lpj=29932000)
[    0.011020] pid_max: default: 32768 minimum: 301
[    0.011611] ACPI: Core revision 20170728
[    0.013044] ACPI: 2 ACPI AML tables successfully acquired and loaded
[    0.013837] Security Framework initialized
[    0.014364] Yama: becoming mindful.
[    0.014855] Mount-cache hash table entries: 8192 (order: 4, 65536 bytes)
[    0.015660] Mountpoint-cache hash table entries: 8192 (order: 4, 65536 bytes)
[    0.016721] Last level iTLB entries: 4KB 0, 2MB 0, 4MB 0
[    0.017398] Last level dTLB entries: 4KB 0, 2MB 0, 4MB 0, 1GB 0
[    0.018548] Spectre V2 : Vulnerable: Minimal generic ASM retpoline
[    0.023615] Freeing SMP alternatives memory: 20K
[    0.024626] smpboot: Max logical packages: 1
[    0.025305] x2apic enabled
[    0.025883] Switched APIC routing to physical x2apic.
[    0.027225] ..TIMER: vector=0x30 apic1=0 pin1=2 apic2=-1 pin2=-1
[    0.030000] smpboot: CPU0: Intel QEMU Virtual CPU version 2.5+ (family: 0x6, model: 0x6, stepping: 0x3)
[    0.030000] Performance Events: PMU not available due to virtualization, using software events only.
[    0.030000] Hierarchical SRCU implementation.
[    0.030000] NMI watchdog: Perf event create on CPU 0 failed with -2
[    0.030003] NMI watchdog: Perf NMI watchdog permanently disabled
[    0.032333] smp: Bringing up secondary CPUs ...
[    0.033255] smp: Brought up 1 node, 1 CPU
[    0.034648] smpboot: Total of 1 processors activated (5986.40 BogoMIPS)
[    0.037213] devtmpfs: initialized
[    0.038436] x86/mm: Memory block size: 128MB
[    0.040513] clocksource: jiffies: mask: 0xffffffff max_cycles: 0xffffffff, max_idle_ns: 19112604462750000 ns
[    0.043592] futex hash table entries: 256 (order: 2, 16384 bytes)
[    0.046869] NET: Registered protocol family 16
[    0.048598] cpuidle: using governor ladder
[    0.049075] cpuidle: using governor menu
[    0.050086] ACPI: bus type PCI registered
[    0.051555] PCI: MMCONFIG for domain 0000 [bus 00-ff] at [mem 0xb0000000-0xbfffffff] (base 0xb0000000)
[    0.054678] PCI: MMCONFIG at [mem 0xb0000000-0xbfffffff] reserved in E820
[    0.056959] PCI: Using configuration type 1 for base access
[    0.060989] HugeTLB registered 2.00 MiB page size, pre-allocated 0 pages
[    0.063443] ACPI: Added _OSI(Module Device)
[    0.064890] ACPI: Added _OSI(Processor Device)
[    0.065777] ACPI: Added _OSI(3.0 _SCP Extensions)
[    0.066352] ACPI: Added _OSI(Processor Aggregator Device)
[    0.069349] ACPI: Interpreter enabled
[    0.069837] ACPI: (supports S0 S5)
[    0.070014] ACPI: Using IOAPIC for interrupt routing
[    0.070636] PCI: Using host bridge windows from ACPI; if necessary, use "pci=nocrs" and report a bug
[    0.071997] ACPI: Enabled 16 GPEs in block 00 to 3F
[    0.074733] ACPI: PCI Root Bridge [PCI0] (domain 0000 [bus 00-ff])
[    0.075475] acpi PNP0A08:00: _OSC: OS supports [ExtendedConfig ASPM ClockPM Segments MSI]
[    0.076584] acpi PNP0A08:00: _OSC: OS now controls [PCIeHotplug PME PCIeCapability]
[    0.077546] PCI host bridge to bus 0000:00
[    0.078060] pci_bus 0000:00: root bus resource [io  0x0000-0x0cf7 window]
[    0.078877] pci_bus 0000:00: root bus resource [io  0x0d00-0xffff window]
[    0.079599] pci_bus 0000:00: root bus resource [mem 0x000a0000-0x000bffff window]
[    0.080031] pci_bus 0000:00: root bus resource [mem 0xc0000000-0xfebfffff window]
[    0.080957] pci_bus 0000:00: root bus resource [bus 00-ff]
[    0.102189] pci 0000:00:1f.0: quirk: [io  0x0600-0x067f] claimed by ICH6 ACPI/GPIO/TCO
[    0.114645] ACPI: PCI Interrupt Link [LNKA] (IRQs 5 *10 11)
[    0.115439] ACPI: PCI Interrupt Link [LNKB] (IRQs 5 *10 11)
[    0.116181] ACPI: PCI Interrupt Link [LNKC] (IRQs 5 10 *11)
[    0.117893] ACPI: PCI Interrupt Link [LNKD] (IRQs 5 10 *11)
[    0.118578] ACPI: PCI Interrupt Link [LNKE] (IRQs 5 *10 11)
[    0.119258] ACPI: PCI Interrupt Link [LNKF] (IRQs 5 *10 11)
[    0.119938] ACPI: PCI Interrupt Link [LNKG] (IRQs 5 10 *11)
[    0.120084] ACPI: PCI Interrupt Link [LNKH] (IRQs 5 10 *11)
[    0.120715] ACPI: PCI Interrupt Link [GSIA] (IRQs *16)
[    0.121369] ACPI: PCI Interrupt Link [GSIB] (IRQs *17)
[    0.121988] ACPI: PCI Interrupt Link [GSIC] (IRQs *18)
[    0.127438] ACPI: PCI Interrupt Link [GSID] (IRQs *19)
[    0.128063] ACPI: PCI Interrupt Link [GSIE] (IRQs *20)
[    0.128687] ACPI: PCI Interrupt Link [GSIF] (IRQs *21)
[    0.129315] ACPI: PCI Interrupt Link [GSIG] (IRQs *22)
[    0.130009] ACPI: PCI Interrupt Link [GSIH] (IRQs *23)
[    0.130691] acpi LNXCPU:00: Invalid PBLK length [0]
[    0.131494] SCSI subsystem initialized
[    0.132040] ACPI: bus type USB registered
[    0.132564] usbcore: registered new interface driver usbfs
[    0.133250] usbcore: registered new interface driver hub
[    0.133894] usbcore: registered new device driver usb
[    0.134519] pps_core: LinuxPPS API ver. 1 registered
[    0.135120] pps_core: Software ver. 5.3.6 - Copyright 2005-2007 Rodolfo Giometti <giometti@linux.it>
[    0.136184] PTP clock support registered
[    0.136720] PCI: Using ACPI for IRQ routing
[    0.177953] NetLabel: Initializing
[    0.178421] NetLabel:  domain hash size = 128
[    0.178981] NetLabel:  protocols = UNLABELED CIPSOv4 CALIPSO
[    0.179659] NetLabel:  unlabeled traffic allowed by default
[    0.180107] HPET: 3 timers in total, 0 timers will be used for per-cpu timer
[    0.180924] hpet0: at MMIO 0xfed00000, IRQs 2, 8, 0
[    0.181520] hpet0: 3 comparators, 64-bit 100.000000 MHz counter
[    0.185298] clocksource: Switched to clocksource kvm-clock
[    0.195240] VFS: Disk quotas dquot_6.6.0
[    0.195842] VFS: Dquot-cache hash table entries: 512 (order 0, 4096 bytes)
[    0.196675] FS-Cache: Loaded
[    0.197131] CacheFiles: Loaded
[    0.197557] pnp: PnP ACPI init
[    0.198455] pnp: PnP ACPI: found 5 devices
[    0.204725] clocksource: acpi_pm: mask: 0xffffff max_cycles: 0xffffff, max_idle_ns: 2085701024 ns
[    0.205857] NET: Registered protocol family 2
[    0.207247] TCP established hash table entries: 32768 (order: 6, 262144 bytes)
[    0.208219] TCP bind hash table entries: 32768 (order: 7, 524288 bytes)
[    0.209022] TCP: Hash tables configured (established 32768 bind 32768)
[    0.209794] UDP hash table entries: 2048 (order: 4, 65536 bytes)
[    0.210523] UDP-Lite hash table entries: 2048 (order: 4, 65536 bytes)
[    0.211325] NET: Registered protocol family 1
[    0.211960] pci 0000:00:01.0: Video device with shadowed ROM at [mem 0x000c0000-0x000dffff]
[    0.213061] Trying to unpack rootfs image as initramfs...
[    3.396728] Freeing initrd memory: 211916K
[    3.397876] PCI-DMA: Using software bounce buffering for IO (SWIOTLB)
[    3.399141] software IO TLB [mem 0x6f0dd000-0x730dd000] (64MB) mapped at [ffff8a542f0dd000-ffff8a54330dcfff]
[    3.401897] PCLMULQDQ-NI instructions are not detected.
[    3.402981] AVX or AES-NI instructions are not detected.
[    3.404080] CPU feature 'AVX registers' is not supported.
[    3.405155] CPU feature 'AVX registers' is not supported.
[    3.406225] CPU feature 'AVX registers' is not supported.
[    3.407301] CPU feature 'AVX registers' is not supported.
[    3.408186] AVX2 or AES-NI instructions are not detected.
[    3.408812] AVX2 instructions are not detected.
[    3.409506] audit: initializing netlink subsys (disabled)
[    3.410470] audit: type=2000 audit(1569519183.642:1): state=initialized audit_enabled=0 res=1
[    3.411546] workingset: timestamp_bits=46 max_order=20 bucket_order=0
[    3.412555] squashfs: version 4.0 (2009/01/31) Phillip Lougher
[    3.413344] FS-Cache: Netfs 'cifs' registered for caching
[    3.414038] fuse init (API version 7.26)
[    3.414685] SGI XFS with ACLs, security attributes, no debug enabled
[    3.417669] 9p: Installing v9fs 9p2000 file system support
[    3.418359] FS-Cache: Netfs '9p' registered for caching
[    3.420421] NET: Registered protocol family 38
[    3.421346] Key type asymmetric registered
[    3.422182] Asymmetric key parser 'x509' registered
[    3.423176] Block layer SCSI generic (bsg) driver version 0.4 loaded (major 248)
[    3.424724] io scheduler noop registered
[    3.425540] io scheduler deadline registered (default)
[    3.426609] io scheduler cfq registered
[    3.427411] io scheduler mq-deadline registered
[    3.428377] io scheduler kyber registered
[    3.429296] shpchp: Standard Hot Plug PCI Controller Driver version: 0.4
[    3.430663] hv_vmbus: registering driver hyperv_fb
[    3.431715] input: Power Button as /devices/LNXSYSTM:00/LNXPWRBN:00/input/input0
[    3.433208] ACPI: Power Button [PWRF]
[    3.434025] button: probe of LNXPWRBN:00 failed with error -22
[    3.435690] ACPI: PCI Interrupt Link [GSIG] enabled at IRQ 22
[    3.436889] virtio-pci 0000:00:02.0: virtio_pci: leaving for legacy driver
[    3.438876] ACPI: PCI Interrupt Link [GSIH] enabled at IRQ 23
[    3.440198] virtio-pci 0000:00:03.0: virtio_pci: leaving for legacy driver
[    3.441986] Serial: 8250/16550 driver, 4 ports, IRQ sharing disabled
[    3.465822] 00:04: ttyS0 at I/O 0x3f8 (irq = 4, base_baud = 115200) is a 16550A
[    3.467690] Non-volatile memory driver v1.3
[    3.468719] !!! Set our kernel_init_done FLAG !!!
[    3.469784] Hangcheck: starting hangcheck timer 0.9.1 (tick is 180 seconds, margin is 60 seconds).
[    3.472410] random: crng init done
[    3.474463] brd: module loaded
[    3.478967] loop: module loaded
[    3.485857] lpc_ich 0000:00:1f.0: RCBA is disabled by hardware/BIOS, device disabled
[    3.487488] lpc_ich 0000:00:1f.0: I/O space for GPIO uninitialized
[    3.488732] lpc_ich 0000:00:1f.0: No MFD cells added
[    3.489845] VMware PVSCSI driver - version 1.0.7.0-k
[    3.490929] hv_vmbus: registering driver hv_storvsc
[    3.492384] ACPI: PCI Interrupt Link [GSIA] enabled at IRQ 16
[    3.493960] ahci 0000:00:1f.2: AHCI 0001.0000 32 slots 6 ports 1.5 Gbps 0x3f impl SATA mode
[    3.495605] ahci 0000:00:1f.2: flags: ncq only 
[    3.497236] scsi host0: ahci
[    3.497936] scsi host1: ahci
[    3.498618] scsi host2: ahci
[    3.499302] scsi host3: ahci
[    3.499992] scsi host4: ahci
[    3.500703] scsi host5: ahci
[    3.501370] ata1: SATA max UDMA/133 abar m4096@0xfebd2000 port 0xfebd2100 irq 24
[    3.502849] ata2: SATA max UDMA/133 abar m4096@0xfebd2000 port 0xfebd2180 irq 24
[    3.504336] ata3: SATA max UDMA/133 abar m4096@0xfebd2000 port 0xfebd2200 irq 24
[    3.505809] ata4: SATA max UDMA/133 abar m4096@0xfebd2000 port 0xfebd2280 irq 24
[    3.507286] ata5: SATA max UDMA/133 abar m4096@0xfebd2000 port 0xfebd2300 irq 24
[    3.508369] ata6: SATA max UDMA/133 abar m4096@0xfebd2000 port 0xfebd2380 irq 24
[    3.509611] tun: Universal TUN/TAP device driver, 1.6
[    3.510866] VMware vmxnet3 virtual NIC driver - version 1.4.a.0-k-NAPI
[    3.511705] hv_vmbus: registering driver hv_netvsc
[    3.512304] Fusion MPT base driver 3.04.20
[    3.512822] Copyright (c) 1999-2008 LSI Corporation
[    3.513427] Fusion MPT SPI Host driver 3.04.20
[    3.514024] i8042: PNP: PS/2 Controller [PNP0303:KBD,PNP0f13:MOU] at 0x60,0x64 irq 1,12
[    3.515520] serio: i8042 KBD port at 0x60,0x64 irq 1
[    3.516135] serio: i8042 AUX port at 0x60,0x64 irq 12
[    3.516815] hv_vmbus: registering driver hyperv_keyboard
[    3.517529] mousedev: PS/2 mouse device common for all mice
[    3.518396] input: AT Translated Set 2 keyboard as /devices/platform/i8042/serio0/input/input1
[    3.519656] input: PC Speaker as /devices/platform/pcspkr/input/input3
[    3.520558] rtc_cmos 00:00: RTC can wake from S4
[    3.521358] rtc_cmos 00:00: rtc core: registered rtc_cmos as rtc0
[    3.522257] rtc_cmos 00:00: alarms up to one day, 114 bytes nvram, hpet irqs
[    3.523147] i2c /dev entries driver
[    3.523699] device-mapper: ioctl: 4.37.0-ioctl (2017-09-20) initialised: dm-devel@redhat.com
[    3.524891] usbcore: registered new interface driver usbhid
[    3.525566] usbhid: USB HID core driver
[    3.526071] hv_utils: Registering HyperV Utility Driver
[    3.526726] hv_vmbus: registering driver hv_util
[    3.527294] hv_vmbus: registering driver hv_balloon
[    3.527902] oprofile: using NMI interrupt.
[    3.528467] GACT probability on
[    3.528899] Mirror/redirect action on
[    3.529388] Simple TC action Loaded
[    3.529857] u32 classifier
[    3.530257]     Performance counters on
[    3.530766]     input device check on
[    3.531252]     Actions configured
[    3.531718] Netfilter messages via NETLINK v0.30.
[    3.532332] nfnl_acct: registering with nfnetlink.
[    3.533949] nf_conntrack version 0.5.0 (16384 buckets, 65536 max)
[    3.534794] ctnetlink v0.93: registering with nfnetlink.
[    3.535498] nf_tables: (c) 2007-2009 Patrick McHardy <kaber@trash.net>
[    3.536314] nf_tables_compat: (c) 2012 Pablo Neira Ayuso <pablo@netfilter.org>
[    3.537263] xt_time: kernel timezone is -0000
[    3.537831] ip_set: protocol 6
[    3.538321] IPVS: Registered protocols (TCP, UDP, SCTP, AH, ESP)
[    3.539071] IPVS: Connection hash table configured (size=4096, memory=64Kbytes)
[    3.540083] IPVS: ipvs loaded.
[    3.540510] IPVS: [rr] scheduler registered.
[    3.541065] IPVS: [wrr] scheduler registered.
[    3.541629] IPVS: [lc] scheduler registered.
[    3.542188] IPVS: [wlc] scheduler registered.
[    3.542752] IPVS: [fo] scheduler registered.
[    3.543316] IPVS: [ovf] scheduler registered.
[    3.543897] IPVS: [lblc] scheduler registered.
[    3.544465] IPVS: [lblcr] scheduler registered.
[    3.545051] IPVS: [dh] scheduler registered.
[    3.545609] IPVS: [sh] scheduler registered.
[    3.551119] IPVS: [sed] scheduler registered.
[    3.551683] IPVS: [nq] scheduler registered.
[    3.552234] IPVS: ftp: loaded support on port[0] = 21
[    3.552826] ipip: IPv4 and MPLS over IPv4 tunneling driver
[    3.553565] gre: GRE over IPv4 demultiplexor driver
[    3.554153] ip_tables: (C) 2000-2006 Netfilter Core Team
[    3.554790] ipt_CLUSTERIP: ClusterIP Version 0.8 loaded successfully
[    3.555494] arp_tables: arp_tables: (C) 2002 David S. Miller
[    3.556233] NET: Registered protocol family 10
[    3.556995] Segment Routing with IPv6
[    3.557451] ip6_tables: (C) 2000-2006 Netfilter Core Team
[    3.558215] NET: Registered protocol family 17
[    3.558736] Bridge firewalling registered
[    3.559193] Ebtables v2.0 registered
[    3.559633] 8021q: 802.1Q VLAN Support v1.8
[    3.560221] 9pnet: Installing 9P2000 support
[    3.560771] Key type dns_resolver registered
[    3.561385] sched_clock: Marking stable (3560188423, 0)->(3968255405, -408066982)
[    3.562407] registered taskstats version 1
[    3.568360] Key type big_key registered
[    3.571445] Key type encrypted registered
[    3.572218] rtc_cmos 00:00: setting system clock to 2019-09-26 17:33:03 UTC (1569519183)
[    3.843500] ata4: SATA link down (SStatus 0 SControl 300)
[    3.844948] ata6: SATA link down (SStatus 0 SControl 300)
[    3.846338] ata1: SATA link down (SStatus 0 SControl 300)
[    3.847743] ata2: SATA link down (SStatus 0 SControl 300)
[    3.849157] ata5: SATA link down (SStatus 0 SControl 300)
[    3.850577] ata3: SATA link up 1.5 Gbps (SStatus 113 SControl 300)
[    3.852119] ata3.00: ATAPI: QEMU DVD-ROM, 2.5+, max UDMA/100
[    3.853406] ata3.00: applying bridge limits
[    3.854550] ata3.00: configured for UDMA/100
[    3.855860] scsi 2:0:0:0: CD-ROM            QEMU     QEMU DVD-ROM     2.5+ PQ: 0 ANSI: 5
[    3.900466] sr 2:0:0:0: [sr0] scsi3-mmc drive: 4x/4x cd/rw xa/form2 tray
[    3.901738] cdrom: Uniform CD-ROM driver Revision: 3.20
[    3.903069] sr 2:0:0:0: Attached scsi generic sg0 type 5
[    3.906891] Freeing unused kernel memory: 1584K
[    3.907560] Write protecting the kernel read-only data: 18432k
[    3.908855] Freeing unused kernel memory: 2024K
[    3.914129] Freeing unused kernel memory: 1116K
[    4.480065] tsc: Refined TSC clocksource calibration: 2993.209 MHz
[    4.480822] clocksource: tsc: mask: 0xffffffffffffffff max_cycles: 0x2b2536496e1, max_idle_ns: 440795238744 ns

Welcome to LinuxKit

                        ##         .
                  ## ## ##        ==
               ## ## ## ## ##    ===
           /"""""""""""""""""\___/ ===
          {                       /  ===-
           \______ O           __/
             \    \         __/
              \____\_______/



Welcome to LinuxKit

                        ##         .
                  ## ## ##        ==
               ## ## ## ## ##    ===
           /"""""""""""""""""___/ ===
          {                       /  ===-
           ______ O           __/
                          __/
              ___________/

linuxkit-feb5e828a3c4 login: root (automatic login)

Welcome to LinuxKit!

NOTE: This system is namespaced.
The namespace you are currently in may not be the root.
my bash_profile_root started...
list of login shells running:
6
  267 root       0:00 -sh
  276 root       0:00 -sh
  290 root       0:00 -sh
pid of our current login shell:
[    5.900366] 8021q: adding VLAN 0 to HW filter on device eth0
276
[    5.907610] We reached unpopular paths: net/ipv4/route.c:2089
[    5.908813] We reached unpopular paths: net/ipv4/ip_input.c:386
[    5.910015] We reached unpopular paths: net/ipv4/udp.c:650
[    5.911113] We reached unpopular paths: net/ipv4/udp.c:1326
[    5.912234] We reached unpopular paths: net/ipv4/udp.c:1329
[    5.913349] We reached unpopular paths: net/ipv4/udp.c:1485
[    5.914459] We reached unpopular paths: net/ipv4/udp.c:1488
[    5.917739] We reached unpopular paths: net/ipv4/udp.c:1326
[    5.918845] We reached unpopular paths: net/ipv4/udp.c:1329
[    5.919978] We reached unpopular paths: net/ipv4/udp.c:1640
[    5.921115] We reached unpopular paths: net/ipv4/udp.c:1763
[    5.922232] We reached unpopular paths: net/ipv4/udp.c:1699
[    5.923341] We reached unpopular paths: net/ipv4/udp.c:1379
[    5.924453] We reached unpopular paths: net/ipv4/udp.c:1397
[    5.925585] We reached unpopular paths: net/ipv4/udp.c:1706
[    5.926686] We reached unpopular paths: net/ipv4/udp.c:1785
[    5.928046] We reached unpopular paths: net/ipv4/udp.c:1789
[    5.929172] We reached unpopular paths: net/ipv4/udp.c:1792
[    5.930609] We reached unpopular paths: net/ipv4/route.c:2089
[    5.931821] We reached unpopular paths: net/ipv4/ip_input.c:386
[    5.933020] We reached unpopular paths: net/ipv4/udp.c:650
[    5.934135] We reached unpopular paths: net/ipv4/udp.c:1326
[    5.935259] We reached unpopular paths: net/ipv4/udp.c:1329
[    5.936423] We reached unpopular paths: net/ipv4/udp.c:1485
[    5.937560] We reached unpopular paths: net/ipv4/udp.c:1628
[    5.938679] We reached unpopular paths: net/ipv4/udp.c:1326
[    5.939800] We reached unpopular paths: net/ipv4/udp.c:1329
[    5.940937] We reached unpopular paths: net/ipv4/udp.c:1640
[    5.942074] We reached unpopular paths: net/ipv4/udp.c:1763
[    5.943196] We reached unpopular paths: net/ipv4/udp.c:1699
[    5.944313] We reached unpopular paths: net/ipv4/udp.c:1379
[    5.945427] We reached unpopular paths: net/ipv4/udp.c:1397
[    5.946540] We reached unpopular paths: net/ipv4/udp.c:1706
[    5.947656] We reached unpopular paths: net/ipv4/udp.c:1785
[    5.948778] We reached unpopular paths: net/ipv4/udp.c:1789
[    5.949898] We reached unpopular paths: net/ipv4/udp.c:1792
[   15.909658] We reached unpopular paths: kernel/futex.c:2827
[   20.914830] ACPI: Preparing to enter system sleep state S5
[   20.917037] reboot: Power down
