[    0.000000] Linux version 4.14.24-linuxkit (root@442f41d0b140) (gcc version 6.4.0 (Alpine 6.4.0)) #1 SMP Thu Aug 29 15:03:24 UTC 2019
[    0.000000] Command line: console=tty0 console=ttyS0 console=ttyAMA0
[    0.000000] x86/fpu: x87 FPU will use FXSAVE
[    0.000000] e820: BIOS-provided physical RAM map:
[    0.000000] BIOS-e820: [mem 0x0000000000000000-0x000000000009fbff] usable
[    0.000000] BIOS-e820: [mem 0x000000000009fc00-0x000000000009ffff] reserved
[    0.000000] BIOS-e820: [mem 0x00000000000f0000-0x00000000000fffff] reserved
[    0.000000] BIOS-e820: [mem 0x0000000000100000-0x000000007ffdefff] usable
[    0.000000] BIOS-e820: [mem 0x000000007ffdf000-0x000000007fffffff] reserved
[    0.000000] BIOS-e820: [mem 0x00000000b0000000-0x00000000bfffffff] reserved
[    0.000000] BIOS-e820: [mem 0x00000000feffc000-0x00000000feffffff] reserved
[    0.000000] BIOS-e820: [mem 0x00000000fffc0000-0x00000000ffffffff] reserved
[    0.000000] BIOS-e820: [mem 0x0000000100000000-0x000000017fffffff] usable
[    0.000000] NX (Execute Disable) protection: active
[    0.000000] random: fast init done
[    0.000000] SMBIOS 2.8 present.
[    0.000000] DMI: QEMU Standard PC (Q35 + ICH9, 2009), BIOS Ubuntu-1.8.2-1ubuntu1 04/01/2014
[    0.000000] Hypervisor detected: KVM
[    0.000000] tsc: Fast TSC calibration using PIT
[    0.000000] e820: last_pfn = 0x180000 max_arch_pfn = 0x400000000
[    0.000000] x86/PAT: PAT not supported by CPU.
[    0.000000] x86/PAT: Configuration [0-7]: WB  WT  UC- UC  WB  WT  UC- UC  
[    0.000000] e820: last_pfn = 0x7ffdf max_arch_pfn = 0x400000000
[    0.000000] found SMP MP-table at [mem 0x000f6630-0x000f663f] mapped at [ffffffffff200630]
[    0.000000] RAMDISK: [mem 0x746a8000-0x7ffcffff]
[    0.000000] ACPI: Early table checksum verification disabled
[    0.000000] ACPI: RSDP 0x00000000000F6440 000014 (v00 BOCHS )
[    0.000000] ACPI: RSDT 0x000000007FFE2267 000038 (v01 BOCHS  BXPCRSDT 00000001 BXPC 00000001)
[    0.000000] ACPI: FACP 0x000000007FFE1E32 000074 (v01 BOCHS  BXPCFACP 00000001 BXPC 00000001)
[    0.000000] ACPI: DSDT 0x000000007FFE0040 001DF2 (v01 BOCHS  BXPCDSDT 00000001 BXPC 00000001)
[    0.000000] ACPI: FACS 0x000000007FFE0000 000040
[    0.000000] ACPI: SSDT 0x000000007FFE1EA6 0002D5 (v01 BOCHS  BXPCSSDT 00000001 BXPC 00000001)
[    0.000000] ACPI: APIC 0x000000007FFE217B 000078 (v01 BOCHS  BXPCAPIC 00000001 BXPC 00000001)
[    0.000000] ACPI: HPET 0x000000007FFE21F3 000038 (v01 BOCHS  BXPCHPET 00000001 BXPC 00000001)
[    0.000000] ACPI: MCFG 0x000000007FFE222B 00003C (v01 BOCHS  BXPCMCFG 00000001 BXPC 00000001)
[    0.000000] kvm-clock: Using msrs 4b564d01 and 4b564d00
[    0.000000] kvm-clock: cpu 0, msr 1:7fffc001, primary cpu clock
[    0.000000] kvm-clock: using sched offset of 21571603615 cycles
[    0.000000] clocksource: kvm-clock: mask: 0xffffffffffffffff max_cycles: 0x1cd42e4dffb, max_idle_ns: 881590591483 ns
[    0.000000] Zone ranges:
[    0.000000]   DMA      [mem 0x0000000000001000-0x0000000000ffffff]
[    0.000000]   DMA32    [mem 0x0000000001000000-0x00000000ffffffff]
[    0.000000]   Normal   [mem 0x0000000100000000-0x000000017fffffff]
[    0.000000]   Device   empty
[    0.000000] Movable zone start for each node
[    0.000000] Early memory node ranges
[    0.000000]   node   0: [mem 0x0000000000001000-0x000000000009efff]
[    0.000000]   node   0: [mem 0x0000000000100000-0x000000007ffdefff]
[    0.000000]   node   0: [mem 0x0000000100000000-0x000000017fffffff]
[    0.000000] Initmem setup node 0 [mem 0x0000000000001000-0x000000017fffffff]
[    0.000000] ACPI: PM-Timer IO Port: 0x608
[    0.000000] ACPI: LAPIC_NMI (acpi_id[0xff] dfl dfl lint[0x1])
[    0.000000] IOAPIC[0]: apic_id 0, version 17, address 0xfec00000, GSI 0-23
[    0.000000] ACPI: INT_SRC_OVR (bus 0 bus_irq 0 global_irq 2 dfl dfl)
[    0.000000] ACPI: INT_SRC_OVR (bus 0 bus_irq 5 global_irq 5 high level)
[    0.000000] ACPI: INT_SRC_OVR (bus 0 bus_irq 9 global_irq 9 high level)
[    0.000000] ACPI: INT_SRC_OVR (bus 0 bus_irq 10 global_irq 10 high level)
[    0.000000] ACPI: INT_SRC_OVR (bus 0 bus_irq 11 global_irq 11 high level)
[    0.000000] Using ACPI (MADT) for SMP configuration information
[    0.000000] Using ACPI for processor (LAPIC) configuration information
[    0.000000] ACPI: HPET id: 0x8086a201 base: 0xfed00000
[    0.000000] smpboot: Allowing 1 CPUs, 0 hotplug CPUs
[    0.000000] e820: [mem 0xc0000000-0xfeffbfff] available for PCI devices
[    0.000000] Booting paravirtualized kernel on KVM
[    0.000000] clocksource: refined-jiffies: mask: 0xffffffff max_cycles: 0xffffffff, max_idle_ns: 19112604462750000 ns
[    0.000000] setup_percpu: NR_CPUS:128 nr_cpumask_bits:128 nr_cpu_ids:1 nr_node_ids:1
[    0.000000] percpu: Embedded 44 pages/cpu @ffff8a393fc00000 s143192 r8192 d28840 u2097152
[    0.000000] KVM setup async PF for cpu 0
[    0.000000] kvm-stealtime: cpu 0, msr 17fc15f00
[    0.000000] Built 1 zonelists, mobility grouping on.  Total pages: 1032040
[    0.000000] Kernel command line: console=tty0 console=ttyS0 console=ttyAMA0
[    0.000000] PID hash table entries: 4096 (order: 3, 32768 bytes)
[    0.000000] Dentry cache hash table entries: 524288 (order: 10, 4194304 bytes)
[    0.000000] Inode-cache hash table entries: 262144 (order: 9, 2097152 bytes)
[    0.000000] Memory: 3821132K/4193780K available (18444K kernel code, 7684K rwdata, 3192K rodata, 1876K init, 7632K bss, 372648K reserved, 0K cma-reserved)
[    0.000000] Kernel/User page tables isolation: enabled
[    0.000000] ftrace: allocating 41766 entries in 164 pages
[    0.010000] Hierarchical RCU implementation.
[    0.010000] 	RCU restricting CPUs from NR_CPUS=128 to nr_cpu_ids=1.
[    0.010000] RCU: Adjusting geometry for rcu_fanout_leaf=16, nr_cpu_ids=1
[    0.010000] NR_IRQS: 8448, nr_irqs: 256, preallocated irqs: 16
[    0.010000] Console: colour VGA+ 80x25
[    0.010000] console [tty0] enabled
[    0.010000] console [ttyS0] enabled
[    0.010000] clocksource: hpet: mask: 0xffffffff max_cycles: 0xffffffff, max_idle_ns: 19112604467 ns
[    0.010012] tsc: Detected 2993.200 MHz processor
[    0.011056] Calibrating delay loop (skipped) preset value.. 5986.40 BogoMIPS (lpj=29932000)
[    0.011824] pid_max: default: 32768 minimum: 301
[    0.012883] ACPI: Core revision 20170728
[    0.015083] ACPI: 2 ACPI AML tables successfully acquired and loaded
[    0.016501] Security Framework initialized
[    0.017440] Yama: becoming mindful.
[    0.018354] Mount-cache hash table entries: 8192 (order: 4, 65536 bytes)
[    0.020048] Mountpoint-cache hash table entries: 8192 (order: 4, 65536 bytes)
[    0.021931] Last level iTLB entries: 4KB 0, 2MB 0, 4MB 0
[    0.023151] Last level dTLB entries: 4KB 0, 2MB 0, 4MB 0, 1GB 0
[    0.024435] Spectre V2 : Vulnerable: Minimal generic ASM retpoline
[    0.036186] Freeing SMP alternatives memory: 20K
[    0.037810] smpboot: Max logical packages: 1
[    0.039115] x2apic enabled
[    0.040006] Switched APIC routing to physical x2apic.
[    0.042689] ..TIMER: vector=0x30 apic1=0 pin1=2 apic2=-1 pin2=-1
[    0.050000] smpboot: CPU0: Intel QEMU Virtual CPU version 2.5+ (family: 0x6, model: 0x6, stepping: 0x3)
[    0.050000] Performance Events: PMU not available due to virtualization, using software events only.
[    0.050000] Hierarchical SRCU implementation.
[    0.050000] NMI watchdog: Perf event create on CPU 0 failed with -2
[    0.050000] NMI watchdog: Perf NMI watchdog permanently disabled
[    0.050000] smp: Bringing up secondary CPUs ...
[    0.050000] smp: Brought up 1 node, 1 CPU
[    0.050004] smpboot: Total of 1 processors activated (5986.40 BogoMIPS)
[    0.052150] devtmpfs: initialized
[    0.053022] x86/mm: Memory block size: 128MB
[    0.054567] gcov: version magic: 0x3630342a
[    0.055830] clocksource: jiffies: mask: 0xffffffff max_cycles: 0xffffffff, max_idle_ns: 19112604462750000 ns
[    0.057898] futex hash table entries: 256 (order: 2, 16384 bytes)
[    0.060280] NET: Registered protocol family 16
[    0.061476] cpuidle: using governor ladder
[    0.062405] cpuidle: using governor menu
[    0.063401] ACPI: bus type PCI registered
[    0.064449] PCI: MMCONFIG for domain 0000 [bus 00-ff] at [mem 0xb0000000-0xbfffffff] (base 0xb0000000)
[    0.066400] PCI: MMCONFIG at [mem 0xb0000000-0xbfffffff] reserved in E820
[    0.067844] PCI: Using configuration type 1 for base access
[    0.071370] HugeTLB registered 2.00 MiB page size, pre-allocated 0 pages
[    0.073195] ACPI: Added _OSI(Module Device)
[    0.074142] ACPI: Added _OSI(Processor Device)
[    0.075129] ACPI: Added _OSI(3.0 _SCP Extensions)
[    0.076174] ACPI: Added _OSI(Processor Aggregator Device)
[    0.080588] ACPI: Interpreter enabled
[    0.081453] ACPI: (supports S0 S5)
[    0.082245] ACPI: Using IOAPIC for interrupt routing
[    0.083386] PCI: Using host bridge windows from ACPI; if necessary, use "pci=nocrs" and report a bug
[    0.085901] ACPI: Enabled 16 GPEs in block 00 to 3F
[    0.090387] ACPI: PCI Root Bridge [PCI0] (domain 0000 [bus 00-ff])
[    0.091716] acpi PNP0A08:00: _OSC: OS supports [ExtendedConfig ASPM ClockPM Segments MSI]
[    0.093636] acpi PNP0A08:00: _OSC: OS now controls [PCIeHotplug PME PCIeCapability]
[    0.095341] PCI host bridge to bus 0000:00
[    0.096297] pci_bus 0000:00: root bus resource [io  0x0000-0x0cf7 window]
[    0.097721] pci_bus 0000:00: root bus resource [io  0x0d00-0xffff window]
[    0.099141] pci_bus 0000:00: root bus resource [mem 0x000a0000-0x000bffff window]
[    0.100005] pci_bus 0000:00: root bus resource [mem 0xc0000000-0xfebfffff window]
[    0.101620] pci_bus 0000:00: root bus resource [bus 00-ff]
[    0.131665] pci 0000:00:1f.0: quirk: [io  0x0600-0x067f] claimed by ICH6 ACPI/GPIO/TCO
[    0.144787] ACPI: PCI Interrupt Link [LNKA] (IRQs 5 *10 11)
[    0.146150] ACPI: PCI Interrupt Link [LNKB] (IRQs 5 *10 11)
[    0.147472] ACPI: PCI Interrupt Link [LNKC] (IRQs 5 10 *11)
[    0.148802] ACPI: PCI Interrupt Link [LNKD] (IRQs 5 10 *11)
[    0.150126] ACPI: PCI Interrupt Link [LNKE] (IRQs 5 *10 11)
[    0.152109] ACPI: PCI Interrupt Link [LNKF] (IRQs 5 *10 11)
[    0.153439] ACPI: PCI Interrupt Link [LNKG] (IRQs 5 10 *11)
[    0.154769] ACPI: PCI Interrupt Link [LNKH] (IRQs 5 10 *11)
[    0.156027] ACPI: PCI Interrupt Link [GSIA] (IRQs *16)
[    0.157161] ACPI: PCI Interrupt Link [GSIB] (IRQs *17)
[    0.158289] ACPI: PCI Interrupt Link [GSIC] (IRQs *18)
[    0.159428] ACPI: PCI Interrupt Link [GSID] (IRQs *19)
[    0.160014] ACPI: PCI Interrupt Link [GSIE] (IRQs *20)
[    0.170050] ACPI: PCI Interrupt Link [GSIF] (IRQs *21)
[    0.171250] ACPI: PCI Interrupt Link [GSIG] (IRQs *22)
[    0.172440] ACPI: PCI Interrupt Link [GSIH] (IRQs *23)
[    0.173698] acpi LNXCPU:00: Invalid PBLK length [0]
[    0.175735] SCSI subsystem initialized
[    0.176961] ACPI: bus type USB registered
[    0.177929] usbcore: registered new interface driver usbfs
[    0.179140] usbcore: registered new interface driver hub
[    0.180031] usbcore: registered new device driver usb
[    0.181175] pps_core: LinuxPPS API ver. 1 registered
[    0.182267] pps_core: Software ver. 5.3.6 - Copyright 2005-2007 Rodolfo Giometti <giometti@linux.it>
[    0.184273] PTP clock support registered
[    0.185418] PCI: Using ACPI for IRQ routing
[    0.263016] NetLabel: Initializing
[    0.263833] NetLabel:  domain hash size = 128
[    0.264804] NetLabel:  protocols = UNLABELED CIPSOv4 CALIPSO
[    0.266074] NetLabel:  unlabeled traffic allowed by default
[    0.267535] HPET: 3 timers in total, 0 timers will be used for per-cpu timer
[    0.269046] hpet0: at MMIO 0xfed00000, IRQs 2, 8, 0
[    0.270004] hpet0: 3 comparators, 64-bit 100.000000 MHz counter
[    0.274456] clocksource: Switched to clocksource kvm-clock
[    0.301966] VFS: Disk quotas dquot_6.6.0
[    0.302964] VFS: Dquot-cache hash table entries: 512 (order 0, 4096 bytes)
[    0.304519] FS-Cache: Loaded
[    0.305419] CacheFiles: Loaded
[    0.306195] pnp: PnP ACPI init
[    0.307733] pnp: PnP ACPI: found 5 devices
[    0.315630] clocksource: acpi_pm: mask: 0xffffff max_cycles: 0xffffff, max_idle_ns: 2085701024 ns
[    0.317642] NET: Registered protocol family 2
[    0.319727] TCP established hash table entries: 32768 (order: 6, 262144 bytes)
[    0.321525] TCP bind hash table entries: 32768 (order: 7, 524288 bytes)
[    0.323235] TCP: Hash tables configured (established 32768 bind 32768)
[    0.324726] UDP hash table entries: 2048 (order: 4, 65536 bytes)
[    0.326057] UDP-Lite hash table entries: 2048 (order: 4, 65536 bytes)
[    0.327589] NET: Registered protocol family 1
[    0.328644] pci 0000:00:01.0: Video device with shadowed ROM at [mem 0x000c0000-0x000dffff]
[    0.330625] Trying to unpack rootfs image as initramfs...
[    3.941371] Freeing initrd memory: 189600K
[    3.942645] PCI-DMA: Using software bounce buffering for IO (SWIOTLB)
[    3.944048] software IO TLB [mem 0x706a8000-0x746a8000] (64MB) mapped at [ffff8a38306a8000-ffff8a38346a7fff]
[    3.947622] PCLMULQDQ-NI instructions are not detected.
[    3.948824] AVX or AES-NI instructions are not detected.
[    3.949988] CPU feature 'AVX registers' is not supported.
[    3.951211] CPU feature 'AVX registers' is not supported.
[    3.952381] CPU feature 'AVX registers' is not supported.
[    3.953547] CPU feature 'AVX registers' is not supported.
[    3.954712] AVX2 or AES-NI instructions are not detected.
[    3.955885] AVX2 instructions are not detected.
[    3.957107] audit: initializing netlink subsys (disabled)
[    3.970026] audit: type=2000 audit(1567102623.625:1): state=initialized audit_enabled=0 res=1
[    4.094754] workingset: timestamp_bits=46 max_order=20 bucket_order=0
[    4.098000] squashfs: version 4.0 (2009/01/31) Phillip Lougher
[    4.099407] FS-Cache: Netfs 'cifs' registered for caching
[    4.100652] fuse init (API version 7.26)
[    4.101681] SGI XFS with ACLs, security attributes, no debug enabled
[    4.103503] 9p: Installing v9fs 9p2000 file system support
[    4.104735] FS-Cache: Netfs '9p' registered for caching
[    4.108348] NET: Registered protocol family 38
[    4.109394] Key type asymmetric registered
[    4.110377] Asymmetric key parser 'x509' registered
[    4.111521] Block layer SCSI generic (bsg) driver version 0.4 loaded (major 248)
[    4.113233] io scheduler noop registered
[    4.114157] io scheduler deadline registered (default)
[    4.115347] io scheduler cfq registered
[    4.116261] io scheduler mq-deadline registered
[    4.117299] io scheduler kyber registered
[    4.118371] shpchp: Standard Hot Plug PCI Controller Driver version: 0.4
[    4.119859] hv_vmbus: registering driver hyperv_fb
[    4.121084] input: Power Button as /devices/LNXSYSTM:00/LNXPWRBN:00/input/input0
[    4.122778] ACPI: Power Button [PWRF]
[    4.123755] button: probe of LNXPWRBN:00 failed with error -22
[    4.125834] ACPI: PCI Interrupt Link [GSIG] enabled at IRQ 22
[    4.127205] virtio-pci 0000:00:02.0: virtio_pci: leaving for legacy driver
[    4.129473] ACPI: PCI Interrupt Link [GSIH] enabled at IRQ 23
[    4.130980] virtio-pci 0000:00:03.0: virtio_pci: leaving for legacy driver
[    4.133005] Serial: 8250/16550 driver, 4 ports, IRQ sharing disabled
[    4.157144] 00:04: ttyS0 at I/O 0x3f8 (irq = 4, base_baud = 115200) is a 16550A
[    4.159325] Non-volatile memory driver v1.3
[    4.160590] !!! Set our kernel_init_done FLAG !!!
[    4.161766] Hangcheck: starting hangcheck timer 0.9.1 (tick is 180 seconds, margin is 60 seconds).
[    4.164990] random: crng init done
[    4.167861] brd: module loaded
[    4.172271] loop: module loaded
[    4.180480] lpc_ich 0000:00:1f.0: RCBA is disabled by hardware/BIOS, device disabled
[    4.182226] lpc_ich 0000:00:1f.0: I/O space for GPIO uninitialized
[    4.183560] lpc_ich 0000:00:1f.0: No MFD cells added
[    4.184758] VMware PVSCSI driver - version 1.0.7.0-k
[    4.185871] hv_vmbus: registering driver hv_storvsc
[    4.187556] ACPI: PCI Interrupt Link [GSIA] enabled at IRQ 16
[    4.189601] ahci 0000:00:1f.2: AHCI 0001.0000 32 slots 6 ports 1.5 Gbps 0x3f impl SATA mode
[    4.191408] ahci 0000:00:1f.2: flags: ncq only 
[    4.193608] scsi host0: ahci
[    4.194479] scsi host1: ahci
[    4.195297] scsi host2: ahci
[    4.196131] scsi host3: ahci
[    4.196954] scsi host4: ahci
[    4.197772] scsi host5: ahci
[    4.198543] ata1: SATA max UDMA/133 abar m4096@0xfebd2000 port 0xfebd2100 irq 24
[    4.200175] ata2: SATA max UDMA/133 abar m4096@0xfebd2000 port 0xfebd2180 irq 24
[    4.201784] ata3: SATA max UDMA/133 abar m4096@0xfebd2000 port 0xfebd2200 irq 24
[    4.203390] ata4: SATA max UDMA/133 abar m4096@0xfebd2000 port 0xfebd2280 irq 24
[    4.204997] ata5: SATA max UDMA/133 abar m4096@0xfebd2000 port 0xfebd2300 irq 24
[    4.206597] ata6: SATA max UDMA/133 abar m4096@0xfebd2000 port 0xfebd2380 irq 24
[    4.209819] tun: Universal TUN/TAP device driver, 1.6
[    4.211942] VMware vmxnet3 virtual NIC driver - version 1.4.a.0-k-NAPI
[    4.213344] hv_vmbus: registering driver hv_netvsc
[    4.214403] Fusion MPT base driver 3.04.20
[    4.215332] Copyright (c) 1999-2008 LSI Corporation
[    4.216415] Fusion MPT SPI Host driver 3.04.20
[    4.217477] i8042: PNP: PS/2 Controller [PNP0303:KBD,PNP0f13:MOU] at 0x60,0x64 irq 1,12
[    4.220144] serio: i8042 KBD port at 0x60,0x64 irq 1
[    4.221242] serio: i8042 AUX port at 0x60,0x64 irq 12
[    4.222452] hv_vmbus: registering driver hyperv_keyboard
[    4.223717] mousedev: PS/2 mouse device common for all mice
[    4.225265] input: AT Translated Set 2 keyboard as /devices/platform/i8042/serio0/input/input1
[    4.227401] input: PC Speaker as /devices/platform/pcspkr/input/input3
[    4.228939] rtc_cmos 00:00: RTC can wake from S4
[    4.230335] rtc_cmos 00:00: rtc core: registered rtc_cmos as rtc0
[    4.231819] rtc_cmos 00:00: alarms up to one day, 114 bytes nvram, hpet irqs
[    4.233305] i2c /dev entries driver
[    4.234217] device-mapper: ioctl: 4.37.0-ioctl (2017-09-20) initialised: dm-devel@redhat.com
[    4.236277] usbcore: registered new interface driver usbhid
[    4.237564] usbhid: USB HID core driver
[    4.238472] hv_utils: Registering HyperV Utility Driver
[    4.239628] hv_vmbus: registering driver hv_util
[    4.240668] hv_vmbus: registering driver hv_balloon
[    4.241754] oprofile: using NMI interrupt.
[    4.242725] GACT probability on
[    4.243499] Mirror/redirect action on
[    4.244361] Simple TC action Loaded
[    4.245179] u32 classifier
[    4.245841]     Performance counters on
[    4.246716]     input device check on
[    4.247647]     Actions configured
[    4.248497] Netfilter messages via NETLINK v0.30.
[    4.249548] nfnl_acct: registering with nfnetlink.
[    4.250778] nf_conntrack version 0.5.0 (16384 buckets, 65536 max)
[    4.252195] ctnetlink v0.93: registering with nfnetlink.
[    4.253510] nf_tables: (c) 2007-2009 Patrick McHardy <kaber@trash.net>
[    4.254899] nf_tables_compat: (c) 2012 Pablo Neira Ayuso <pablo@netfilter.org>
[    4.256569] xt_time: kernel timezone is -0000
[    4.257555] ip_set: protocol 6
[    4.258325] IPVS: Registered protocols (TCP, UDP, SCTP, AH, ESP)
[    4.259641] IPVS: Connection hash table configured (size=4096, memory=64Kbytes)
[    4.261439] IPVS: ipvs loaded.
[    4.262175] IPVS: [rr] scheduler registered.
[    4.263172] IPVS: [wrr] scheduler registered.
[    4.264148] IPVS: [lc] scheduler registered.
[    4.265101] IPVS: [wlc] scheduler registered.
[    4.266071] IPVS: [fo] scheduler registered.
[    4.267030] IPVS: [ovf] scheduler registered.
[    4.268089] IPVS: [lblc] scheduler registered.
[    4.269081] IPVS: [lblcr] scheduler registered.
[    4.270108] IPVS: [dh] scheduler registered.
[    4.271088] IPVS: [sh] scheduler registered.
[    4.272053] IPVS: [sed] scheduler registered.
[    4.273022] IPVS: [nq] scheduler registered.
[    4.282121] IPVS: ftp: loaded support on port[0] = 21
[    4.283309] ipip: IPv4 and MPLS over IPv4 tunneling driver
[    4.284671] gre: GRE over IPv4 demultiplexor driver
[    4.285826] ip_tables: (C) 2000-2006 Netfilter Core Team
[    4.287118] ipt_CLUSTERIP: ClusterIP Version 0.8 loaded successfully
[    4.288483] arp_tables: arp_tables: (C) 2002 David S. Miller
[    4.289777] NET: Registered protocol family 10
[    4.291304] Segment Routing with IPv6
[    4.292187] ip6_tables: (C) 2000-2006 Netfilter Core Team
[    4.293684] NET: Registered protocol family 17
[    4.294722] Bridge firewalling registered
[    4.295661] Ebtables v2.0 registered
[    4.296553] 8021q: 802.1Q VLAN Support v1.8
[    4.297522] 9pnet: Installing 9P2000 support
[    4.298508] Key type dns_resolver registered
[    4.299594] sched_clock: Marking stable (4290773028, 0)->(4836905675, -546132647)
[    4.301414] registered taskstats version 1
[    4.309359] Key type big_key registered
[    4.313425] Key type encrypted registered
[    4.314712] rtc_cmos 00:00: setting system clock to 2019-08-29 18:17:03 UTC (1567102623)
[    4.533792] ata2: SATA link down (SStatus 0 SControl 300)
[    4.536596] ata1: SATA link down (SStatus 0 SControl 300)
[    4.541748] ata5: SATA link down (SStatus 0 SControl 300)
[    4.544547] ata6: SATA link down (SStatus 0 SControl 300)
[    4.547329] ata3: SATA link up 1.5 Gbps (SStatus 113 SControl 300)
[    4.550408] ata4: SATA link down (SStatus 0 SControl 300)
[    4.552795] ata3.00: ATAPI: QEMU DVD-ROM, 2.5+, max UDMA/100
[    4.555172] ata3.00: applying bridge limits
[    4.557343] ata3.00: configured for UDMA/100
[    4.559898] scsi 2:0:0:0: CD-ROM            QEMU     QEMU DVD-ROM     2.5+ PQ: 0 ANSI: 5
[    4.610589] sr 2:0:0:0: [sr0] scsi3-mmc drive: 4x/4x cd/rw xa/form2 tray
[    4.613539] cdrom: Uniform CD-ROM driver Revision: 3.20
[    4.616456] sr 2:0:0:0: Attached scsi generic sg0 type 5
[    4.624700] Freeing unused kernel memory: 1876K
[    4.626670] Write protecting the kernel read-only data: 24576k
[    4.631608] Freeing unused kernel memory: 2024K
[    4.641161] Freeing unused kernel memory: 904K
[    4.960101] tsc: Refined TSC clocksource calibration: 2993.204 MHz
[    4.961457] clocksource: tsc: mask: 0xffffffffffffffff max_cycles: 0x2b253149a2c, max_idle_ns: 440795254665 ns

Welcome to LinuxKit

                        ##         .
                  ## ## ##        ==
               ## ## ## ## ##    ===
           /"""""""""""""""""\___/ ===
          {                       /  ===-
           \______ O           __/
             \    \         __/
              \____\_______/



Welcome to LinuxKit

                        ##         .
                  ## ## ##        ==
               ## ## ## ## ##    ===
           /"""""""""""""""""___/ ===
          {                       /  ===-
           ______ O           __/
                          __/
              ___________/

linuxkit-ba6838cbbf28 login: root (automatic login)

Welcome to LinuxKit!

NOTE: This system is namespaced.
The namespace you are currently in may not be the root.
my bash_profile_root started...
[    7.186168] 8021q: adding VLAN 0 to HW filter on device eth0
[    7.499066] IPVS: ftp: loaded support on port[0] = 21
list of login shells running:
3
  268 root       0:00 -sh
  270 root       0:00 -sh
  464 root       0:00 -sh
pid of our current login shell:
268
[   37.170480] We reached unpopular paths: kernel/signal.c:1029
start running the LinuxKit containers...
start running task [1/2] ...
