[    0.000000] Linux version 4.14.24-linuxkit (root@2edc8666ad8e) (gcc version 6.4.0 (Alpine 6.4.0)) #1 SMP Fri Sep 6 20:16:18 UTC 2019
[    0.000000] Command line: console=tty0 console=ttyS0 console=ttyAMA0
[    0.000000] x86/fpu: x87 FPU will use FXSAVE
[    0.000000] e820: BIOS-provided physical RAM map:
[    0.000000] BIOS-e820: [mem 0x0000000000000000-0x000000000009fbff] usable
[    0.000000] BIOS-e820: [mem 0x000000000009fc00-0x000000000009ffff] reserved
[    0.000000] BIOS-e820: [mem 0x00000000000f0000-0x00000000000fffff] reserved
[    0.000000] BIOS-e820: [mem 0x0000000000100000-0x000000007ffdefff] usable
[    0.000000] BIOS-e820: [mem 0x000000007ffdf000-0x000000007fffffff] reserved
[    0.000000] BIOS-e820: [mem 0x00000000b0000000-0x00000000bfffffff] reserved
[    0.000000] BIOS-e820: [mem 0x00000000feffc000-0x00000000feffffff] reserved
[    0.000000] BIOS-e820: [mem 0x00000000fffc0000-0x00000000ffffffff] reserved
[    0.000000] BIOS-e820: [mem 0x0000000100000000-0x000000017fffffff] usable
[    0.000000] NX (Execute Disable) protection: active
[    0.000000] random: fast init done
[    0.000000] SMBIOS 2.8 present.
[    0.000000] DMI: QEMU Standard PC (Q35 + ICH9, 2009), BIOS Ubuntu-1.8.2-1ubuntu1 04/01/2014
[    0.000000] Hypervisor detected: KVM
[    0.000000] tsc: Fast TSC calibration using PIT
[    0.000000] e820: last_pfn = 0x180000 max_arch_pfn = 0x400000000
[    0.000000] x86/PAT: PAT not supported by CPU.
[    0.000000] x86/PAT: Configuration [0-7]: WB  WT  UC- UC  WB  WT  UC- UC  
[    0.000000] e820: last_pfn = 0x7ffdf max_arch_pfn = 0x400000000
[    0.000000] found SMP MP-table at [mem 0x000f6630-0x000f663f] mapped at [ffffffffff200630]
[    0.000000] RAMDISK: [mem 0x749c6000-0x7ffcffff]
[    0.000000] ACPI: Early table checksum verification disabled
[    0.000000] ACPI: RSDP 0x00000000000F6440 000014 (v00 BOCHS )
[    0.000000] ACPI: RSDT 0x000000007FFE2267 000038 (v01 BOCHS  BXPCRSDT 00000001 BXPC 00000001)
[    0.000000] ACPI: FACP 0x000000007FFE1E32 000074 (v01 BOCHS  BXPCFACP 00000001 BXPC 00000001)
[    0.000000] ACPI: DSDT 0x000000007FFE0040 001DF2 (v01 BOCHS  BXPCDSDT 00000001 BXPC 00000001)
[    0.000000] ACPI: FACS 0x000000007FFE0000 000040
[    0.000000] ACPI: SSDT 0x000000007FFE1EA6 0002D5 (v01 BOCHS  BXPCSSDT 00000001 BXPC 00000001)
[    0.000000] ACPI: APIC 0x000000007FFE217B 000078 (v01 BOCHS  BXPCAPIC 00000001 BXPC 00000001)
[    0.000000] ACPI: HPET 0x000000007FFE21F3 000038 (v01 BOCHS  BXPCHPET 00000001 BXPC 00000001)
[    0.000000] ACPI: MCFG 0x000000007FFE222B 00003C (v01 BOCHS  BXPCMCFG 00000001 BXPC 00000001)
[    0.000000] kvm-clock: Using msrs 4b564d01 and 4b564d00
[    0.000000] kvm-clock: cpu 0, msr 1:7fffc001, primary cpu clock
[    0.000000] kvm-clock: using sched offset of 20643972060 cycles
[    0.000000] clocksource: kvm-clock: mask: 0xffffffffffffffff max_cycles: 0x1cd42e4dffb, max_idle_ns: 881590591483 ns
[    0.000000] Zone ranges:
[    0.000000]   DMA      [mem 0x0000000000001000-0x0000000000ffffff]
[    0.000000]   DMA32    [mem 0x0000000001000000-0x00000000ffffffff]
[    0.000000]   Normal   [mem 0x0000000100000000-0x000000017fffffff]
[    0.000000]   Device   empty
[    0.000000] Movable zone start for each node
[    0.000000] Early memory node ranges
[    0.000000]   node   0: [mem 0x0000000000001000-0x000000000009efff]
[    0.000000]   node   0: [mem 0x0000000000100000-0x000000007ffdefff]
[    0.000000]   node   0: [mem 0x0000000100000000-0x000000017fffffff]
[    0.000000] Initmem setup node 0 [mem 0x0000000000001000-0x000000017fffffff]
[    0.000000] ACPI: PM-Timer IO Port: 0x608
[    0.000000] ACPI: LAPIC_NMI (acpi_id[0xff] dfl dfl lint[0x1])
[    0.000000] IOAPIC[0]: apic_id 0, version 17, address 0xfec00000, GSI 0-23
[    0.000000] ACPI: INT_SRC_OVR (bus 0 bus_irq 0 global_irq 2 dfl dfl)
[    0.000000] ACPI: INT_SRC_OVR (bus 0 bus_irq 5 global_irq 5 high level)
[    0.000000] ACPI: INT_SRC_OVR (bus 0 bus_irq 9 global_irq 9 high level)
[    0.000000] ACPI: INT_SRC_OVR (bus 0 bus_irq 10 global_irq 10 high level)
[    0.000000] ACPI: INT_SRC_OVR (bus 0 bus_irq 11 global_irq 11 high level)
[    0.000000] Using ACPI (MADT) for SMP configuration information
[    0.000000] Using ACPI for processor (LAPIC) configuration information
[    0.000000] ACPI: HPET id: 0x8086a201 base: 0xfed00000
[    0.000000] smpboot: Allowing 1 CPUs, 0 hotplug CPUs
[    0.000000] e820: [mem 0xc0000000-0xfeffbfff] available for PCI devices
[    0.000000] Booting paravirtualized kernel on KVM
[    0.000000] clocksource: refined-jiffies: mask: 0xffffffff max_cycles: 0xffffffff, max_idle_ns: 19112604462750000 ns
[    0.000000] setup_percpu: NR_CPUS:128 nr_cpumask_bits:128 nr_cpu_ids:1 nr_node_ids:1
[    0.000000] percpu: Embedded 44 pages/cpu @ffffa06fbfc00000 s143192 r8192 d28840 u2097152
[    0.000000] KVM setup async PF for cpu 0
[    0.000000] kvm-stealtime: cpu 0, msr 17fc15f00
[    0.000000] Built 1 zonelists, mobility grouping on.  Total pages: 1032040
[    0.000000] Kernel command line: console=tty0 console=ttyS0 console=ttyAMA0
[    0.000000] PID hash table entries: 4096 (order: 3, 32768 bytes)
[    0.000000] Dentry cache hash table entries: 524288 (order: 10, 4194304 bytes)
[    0.000000] Inode-cache hash table entries: 262144 (order: 9, 2097152 bytes)
[    0.000000] Memory: 3844148K/4193780K available (12300K kernel code, 1452K rwdata, 2976K rodata, 1580K init, 628K bss, 349632K reserved, 0K cma-reserved)
[    0.000000] Kernel/User page tables isolation: enabled
[    0.000000] ftrace: allocating 41004 entries in 161 pages
[    0.010000] Hierarchical RCU implementation.
[    0.010000] 	RCU restricting CPUs from NR_CPUS=128 to nr_cpu_ids=1.
[    0.010000] RCU: Adjusting geometry for rcu_fanout_leaf=16, nr_cpu_ids=1
[    0.010000] NR_IRQS: 8448, nr_irqs: 256, preallocated irqs: 16
[    0.010000] Console: colour VGA+ 80x25
[    0.010000] console [tty0] enabled
[    0.010000] console [ttyS0] enabled
[    0.010000] clocksource: hpet: mask: 0xffffffff max_cycles: 0xffffffff, max_idle_ns: 19112604467 ns
[    0.010007] tsc: Detected 2993.200 MHz processor
[    0.011065] Calibrating delay loop (skipped) preset value.. 5986.40 BogoMIPS (lpj=29932000)
[    0.011806] pid_max: default: 32768 minimum: 301
[    0.012857] ACPI: Core revision 20170728
[    0.014766] ACPI: 2 ACPI AML tables successfully acquired and loaded
[    0.016171] Security Framework initialized
[    0.017113] Yama: becoming mindful.
[    0.018011] Mount-cache hash table entries: 8192 (order: 4, 65536 bytes)
[    0.020046] Mountpoint-cache hash table entries: 8192 (order: 4, 65536 bytes)
[    0.021865] Last level iTLB entries: 4KB 0, 2MB 0, 4MB 0
[    0.023037] Last level dTLB entries: 4KB 0, 2MB 0, 4MB 0, 1GB 0
[    0.024365] Spectre V2 : Vulnerable: Minimal generic ASM retpoline
[    0.030107] Freeing SMP alternatives memory: 20K
[    0.031671] smpboot: Max logical packages: 1
[    0.032959] x2apic enabled
[    0.033982] Switched APIC routing to physical x2apic.
[    0.036636] ..TIMER: vector=0x30 apic1=0 pin1=2 apic2=-1 pin2=-1
[    0.040000] smpboot: CPU0: Intel QEMU Virtual CPU version 2.5+ (family: 0x6, model: 0x6, stepping: 0x3)
[    0.040000] Performance Events: PMU not available due to virtualization, using software events only.
[    0.040000] Hierarchical SRCU implementation.
[    0.040000] NMI watchdog: Perf event create on CPU 0 failed with -2
[    0.040000] NMI watchdog: Perf NMI watchdog permanently disabled
[    0.040000] smp: Bringing up secondary CPUs ...
[    0.040000] smp: Brought up 1 node, 1 CPU
[    0.040003] smpboot: Total of 1 processors activated (5986.40 BogoMIPS)
[    0.041873] devtmpfs: initialized
[    0.042715] x86/mm: Memory block size: 128MB
[    0.044293] clocksource: jiffies: mask: 0xffffffff max_cycles: 0xffffffff, max_idle_ns: 19112604462750000 ns
[    0.046358] futex hash table entries: 256 (order: 2, 16384 bytes)
[    0.047857] NET: Registered protocol family 16
[    0.049002] cpuidle: using governor ladder
[    0.050003] cpuidle: using governor menu
[    0.050952] ACPI: bus type PCI registered
[    0.051990] PCI: MMCONFIG for domain 0000 [bus 00-ff] at [mem 0xb0000000-0xbfffffff] (base 0xb0000000)
[    0.053951] PCI: MMCONFIG at [mem 0xb0000000-0xbfffffff] reserved in E820
[    0.055378] PCI: Using configuration type 1 for base access
[    0.058180] HugeTLB registered 2.00 MiB page size, pre-allocated 0 pages
[    0.060269] ACPI: Added _OSI(Module Device)
[    0.061219] ACPI: Added _OSI(Processor Device)
[    0.062211] ACPI: Added _OSI(3.0 _SCP Extensions)
[    0.063245] ACPI: Added _OSI(Processor Aggregator Device)
[    0.066980] ACPI: Interpreter enabled
[    0.067840] ACPI: (supports S0 S5)
[    0.068631] ACPI: Using IOAPIC for interrupt routing
[    0.070030] PCI: Using host bridge windows from ACPI; if necessary, use "pci=nocrs" and report a bug
[    0.072436] ACPI: Enabled 16 GPEs in block 00 to 3F
[    0.075871] ACPI: PCI Root Bridge [PCI0] (domain 0000 [bus 00-ff])
[    0.077220] acpi PNP0A08:00: _OSC: OS supports [ExtendedConfig ASPM ClockPM Segments MSI]
[    0.079095] acpi PNP0A08:00: _OSC: OS now controls [PCIeHotplug PME PCIeCapability]
[    0.080053] PCI host bridge to bus 0000:00
[    0.080981] pci_bus 0000:00: root bus resource [io  0x0000-0x0cf7 window]
[    0.082414] pci_bus 0000:00: root bus resource [io  0x0d00-0xffff window]
[    0.083854] pci_bus 0000:00: root bus resource [mem 0x000a0000-0x000bffff window]
[    0.085479] pci_bus 0000:00: root bus resource [mem 0xc0000000-0xfebfffff window]
[    0.087088] pci_bus 0000:00: root bus resource [bus 00-ff]
[    0.112693] pci 0000:00:1f.0: quirk: [io  0x0600-0x067f] claimed by ICH6 ACPI/GPIO/TCO
[    0.125908] ACPI: PCI Interrupt Link [LNKA] (IRQs 5 *10 11)
[    0.127281] ACPI: PCI Interrupt Link [LNKB] (IRQs 5 *10 11)
[    0.128609] ACPI: PCI Interrupt Link [LNKC] (IRQs 5 10 *11)
[    0.129893] ACPI: PCI Interrupt Link [LNKD] (IRQs 5 10 *11)
[    0.130094] ACPI: PCI Interrupt Link [LNKE] (IRQs 5 *10 11)
[    0.131384] ACPI: PCI Interrupt Link [LNKF] (IRQs 5 *10 11)
[    0.132680] ACPI: PCI Interrupt Link [LNKG] (IRQs 5 10 *11)
[    0.134291] ACPI: PCI Interrupt Link [LNKH] (IRQs 5 10 *11)
[    0.135525] ACPI: PCI Interrupt Link [GSIA] (IRQs *16)
[    0.136643] ACPI: PCI Interrupt Link [GSIB] (IRQs *17)
[    0.137765] ACPI: PCI Interrupt Link [GSIC] (IRQs *18)
[    0.140013] ACPI: PCI Interrupt Link [GSID] (IRQs *19)
[    0.141134] ACPI: PCI Interrupt Link [GSIE] (IRQs *20)
[    0.142264] ACPI: PCI Interrupt Link [GSIF] (IRQs *21)
[    0.150009] ACPI: PCI Interrupt Link [GSIG] (IRQs *22)
[    0.151134] ACPI: PCI Interrupt Link [GSIH] (IRQs *23)
[    0.152321] acpi LNXCPU:00: Invalid PBLK length [0]
[    0.153686] SCSI subsystem initialized
[    0.154666] ACPI: bus type USB registered
[    0.155595] usbcore: registered new interface driver usbfs
[    0.156798] usbcore: registered new interface driver hub
[    0.157961] usbcore: registered new device driver usb
[    0.160016] pps_core: LinuxPPS API ver. 1 registered
[    0.161099] pps_core: Software ver. 5.3.6 - Copyright 2005-2007 Rodolfo Giometti <giometti@linux.it>
[    0.163048] PTP clock support registered
[    0.164038] PCI: Using ACPI for IRQ routing
[    0.244170] NetLabel: Initializing
[    0.245030] NetLabel:  domain hash size = 128
[    0.246036] NetLabel:  protocols = UNLABELED CIPSOv4 CALIPSO
[    0.247306] NetLabel:  unlabeled traffic allowed by default
[    0.248622] HPET: 3 timers in total, 0 timers will be used for per-cpu timer
[    0.250022] hpet0: at MMIO 0xfed00000, IRQs 2, 8, 0
[    0.251092] hpet0: 3 comparators, 64-bit 100.000000 MHz counter
[    0.256523] clocksource: Switched to clocksource kvm-clock
[    0.272565] VFS: Disk quotas dquot_6.6.0
[    0.273560] VFS: Dquot-cache hash table entries: 512 (order 0, 4096 bytes)
[    0.275101] FS-Cache: Loaded
[    0.275897] CacheFiles: Loaded
[    0.276675] pnp: PnP ACPI init
[    0.277996] pnp: PnP ACPI: found 5 devices
[    0.284951] clocksource: acpi_pm: mask: 0xffffff max_cycles: 0xffffff, max_idle_ns: 2085701024 ns
[    0.286963] NET: Registered protocol family 2
[    0.288897] TCP established hash table entries: 32768 (order: 6, 262144 bytes)
[    0.290695] TCP bind hash table entries: 32768 (order: 7, 524288 bytes)
[    0.292432] TCP: Hash tables configured (established 32768 bind 32768)
[    0.293937] UDP hash table entries: 2048 (order: 4, 65536 bytes)
[    0.295298] UDP-Lite hash table entries: 2048 (order: 4, 65536 bytes)
[    0.296772] NET: Registered protocol family 1
[    0.297823] pci 0000:00:01.0: Video device with shadowed ROM at [mem 0x000c0000-0x000dffff]
[    0.299775] Trying to unpack rootfs image as initramfs...
[    3.433212] Freeing initrd memory: 186408K
[    3.434358] PCI-DMA: Using software bounce buffering for IO (SWIOTLB)
[    3.435734] software IO TLB [mem 0x709c6000-0x749c6000] (64MB) mapped at [ffffa06eb09c6000-ffffa06eb49c5fff]
[    3.438545] PCLMULQDQ-NI instructions are not detected.
[    3.439716] AVX or AES-NI instructions are not detected.
[    3.440887] CPU feature 'AVX registers' is not supported.
[    3.442060] CPU feature 'AVX registers' is not supported.
[    3.443259] CPU feature 'AVX registers' is not supported.
[    3.444446] CPU feature 'AVX registers' is not supported.
[    3.445607] AVX2 or AES-NI instructions are not detected.
[    3.446770] AVX2 instructions are not detected.
[    3.447921] audit: initializing netlink subsys (disabled)
[    3.449374] audit: type=2000 audit(1567956951.892:1): state=initialized audit_enabled=0 res=1
[    3.451262] workingset: timestamp_bits=46 max_order=20 bucket_order=0
[    3.452797] squashfs: version 4.0 (2009/01/31) Phillip Lougher
[    3.454139] FS-Cache: Netfs 'cifs' registered for caching
[    3.455350] fuse init (API version 7.26)
[    3.456308] SGI XFS with ACLs, security attributes, no debug enabled
[    3.458657] 9p: Installing v9fs 9p2000 file system support
[    3.459854] FS-Cache: Netfs '9p' registered for caching
[    3.462244] NET: Registered protocol family 38
[    3.463241] Key type asymmetric registered
[    3.464190] Asymmetric key parser 'x509' registered
[    3.465260] Block layer SCSI generic (bsg) driver version 0.4 loaded (major 248)
[    3.466882] io scheduler noop registered
[    3.467782] io scheduler deadline registered (default)
[    3.468908] io scheduler cfq registered
[    3.469778] io scheduler mq-deadline registered
[    3.470793] io scheduler kyber registered
[    3.471782] shpchp: Standard Hot Plug PCI Controller Driver version: 0.4
[    3.473201] hv_vmbus: registering driver hyperv_fb
[    3.474320] input: Power Button as /devices/LNXSYSTM:00/LNXPWRBN:00/input/input0
[    3.475930] ACPI: Power Button [PWRF]
[    3.476820] button: probe of LNXPWRBN:00 failed with error -22
[    3.478572] ACPI: PCI Interrupt Link [GSIG] enabled at IRQ 22
[    3.479862] virtio-pci 0000:00:02.0: virtio_pci: leaving for legacy driver
[    3.482050] ACPI: PCI Interrupt Link [GSIH] enabled at IRQ 23
[    3.483397] virtio-pci 0000:00:03.0: virtio_pci: leaving for legacy driver
[    3.485304] Serial: 8250/16550 driver, 4 ports, IRQ sharing disabled
[    3.509394] 00:04: ttyS0 at I/O 0x3f8 (irq = 4, base_baud = 115200) is a 16550A
[    3.511415] Non-volatile memory driver v1.3
[    3.512574] !!! Set our kernel_init_done FLAG !!!
[    3.513787] Hangcheck: starting hangcheck timer 0.9.1 (tick is 180 seconds, margin is 60 seconds).
[    3.516469] random: crng init done
[    3.518820] brd: module loaded
[    3.522595] loop: module loaded
[    3.530141] lpc_ich 0000:00:1f.0: RCBA is disabled by hardware/BIOS, device disabled
[    3.531873] lpc_ich 0000:00:1f.0: I/O space for GPIO uninitialized
[    3.533176] lpc_ich 0000:00:1f.0: No MFD cells added
[    3.534321] VMware PVSCSI driver - version 1.0.7.0-k
[    3.535426] hv_vmbus: registering driver hv_storvsc
[    3.536929] ACPI: PCI Interrupt Link [GSIA] enabled at IRQ 16
[    3.538880] ahci 0000:00:1f.2: AHCI 0001.0000 32 slots 6 ports 1.5 Gbps 0x3f impl SATA mode
[    3.540662] ahci 0000:00:1f.2: flags: ncq only 
[    3.542647] scsi host0: ahci
[    3.543468] scsi host1: ahci
[    3.544274] scsi host2: ahci
[    3.545057] scsi host3: ahci
[    3.545836] scsi host4: ahci
[    3.546611] scsi host5: ahci
[    3.547359] ata1: SATA max UDMA/133 abar m4096@0xfebd2000 port 0xfebd2100 irq 24
[    3.548960] ata2: SATA max UDMA/133 abar m4096@0xfebd2000 port 0xfebd2180 irq 24
[    3.550611] ata3: SATA max UDMA/133 abar m4096@0xfebd2000 port 0xfebd2200 irq 24
[    3.552207] ata4: SATA max UDMA/133 abar m4096@0xfebd2000 port 0xfebd2280 irq 24
[    3.553805] ata5: SATA max UDMA/133 abar m4096@0xfebd2000 port 0xfebd2300 irq 24
[    3.555401] ata6: SATA max UDMA/133 abar m4096@0xfebd2000 port 0xfebd2380 irq 24
[    3.557514] tun: Universal TUN/TAP device driver, 1.6
[    3.559535] VMware vmxnet3 virtual NIC driver - version 1.4.a.0-k-NAPI
[    3.560967] hv_vmbus: registering driver hv_netvsc
[    3.562020] Fusion MPT base driver 3.04.20
[    3.562941] Copyright (c) 1999-2008 LSI Corporation
[    3.564026] Fusion MPT SPI Host driver 3.04.20
[    3.565042] i8042: PNP: PS/2 Controller [PNP0303:KBD,PNP0f13:MOU] at 0x60,0x64 irq 1,12
[    3.567577] serio: i8042 KBD port at 0x60,0x64 irq 1
[    3.568661] serio: i8042 AUX port at 0x60,0x64 irq 12
[    3.569820] hv_vmbus: registering driver hyperv_keyboard
[    3.571035] mousedev: PS/2 mouse device common for all mice
[    3.572529] input: AT Translated Set 2 keyboard as /devices/platform/i8042/serio0/input/input1
[    3.574595] input: PC Speaker as /devices/platform/pcspkr/input/input3
[    3.576081] rtc_cmos 00:00: RTC can wake from S4
[    3.577406] rtc_cmos 00:00: rtc core: registered rtc_cmos as rtc0
[    3.578888] rtc_cmos 00:00: alarms up to one day, 114 bytes nvram, hpet irqs
[    3.580384] i2c /dev entries driver
[    3.581249] device-mapper: ioctl: 4.37.0-ioctl (2017-09-20) initialised: dm-devel@redhat.com
[    3.583190] usbcore: registered new interface driver usbhid
[    3.584427] usbhid: USB HID core driver
[    3.585319] hv_utils: Registering HyperV Utility Driver
[    3.586446] hv_vmbus: registering driver hv_util
[    3.587462] hv_vmbus: registering driver hv_balloon
[    3.588529] oprofile: using NMI interrupt.
[    3.589477] GACT probability on
[    3.590235] Mirror/redirect action on
[    3.591077] Simple TC action Loaded
[    3.591894] u32 classifier
[    3.592552]     Performance counters on
[    3.593419]     input device check on
[    3.594258]     Actions configured
[    3.595112] Netfilter messages via NETLINK v0.30.
[    3.596190] nfnl_acct: registering with nfnetlink.
[    3.597343] nf_conntrack version 0.5.0 (16384 buckets, 65536 max)
[    3.598672] ctnetlink v0.93: registering with nfnetlink.
[    3.600684] nf_tables: (c) 2007-2009 Patrick McHardy <kaber@trash.net>
[    3.602058] nf_tables_compat: (c) 2012 Pablo Neira Ayuso <pablo@netfilter.org>
[    3.603693] xt_time: kernel timezone is -0000
[    3.604675] ip_set: protocol 6
[    3.605404] IPVS: Registered protocols (TCP, UDP, SCTP, AH, ESP)
[    3.606682] IPVS: Connection hash table configured (size=4096, memory=64Kbytes)
[    3.608371] IPVS: ipvs loaded.
[    3.609101] IPVS: [rr] scheduler registered.
[    3.610074] IPVS: [wrr] scheduler registered.
[    3.611097] IPVS: [lc] scheduler registered.
[    3.612056] IPVS: [wlc] scheduler registered.
[    3.613022] IPVS: [fo] scheduler registered.
[    3.613969] IPVS: [ovf] scheduler registered.
[    3.614941] IPVS: [lblc] scheduler registered.
[    3.615933] IPVS: [lblcr] scheduler registered.
[    3.616947] IPVS: [dh] scheduler registered.
[    3.617910] IPVS: [sh] scheduler registered.
[    3.618864] IPVS: [sed] scheduler registered.
[    3.619837] IPVS: [nq] scheduler registered.
[    3.620817] IPVS: ftp: loaded support on port[0] = 21
[    3.630222] ipip: IPv4 and MPLS over IPv4 tunneling driver
[    3.631507] gre: GRE over IPv4 demultiplexor driver
[    3.632617] ip_tables: (C) 2000-2006 Netfilter Core Team
[    3.633805] ipt_CLUSTERIP: ClusterIP Version 0.8 loaded successfully
[    3.635154] arp_tables: arp_tables: (C) 2002 David S. Miller
[    3.636400] NET: Registered protocol family 10
[    3.637677] Segment Routing with IPv6
[    3.638537] ip6_tables: (C) 2000-2006 Netfilter Core Team
[    3.639897] NET: Registered protocol family 17
[    3.640920] Bridge firewalling registered
[    3.641833] Ebtables v2.0 registered
[    3.642699] 8021q: 802.1Q VLAN Support v1.8
[    3.643686] 9pnet: Installing 9P2000 support
[    3.644653] Key type dns_resolver registered
[    3.645673] sched_clock: Marking stable (3640898599, 0)->(4070197858, -429299259)
[    3.647397] registered taskstats version 1
[    3.653860] Key type big_key registered
[    3.657272] Key type encrypted registered
[    3.658474] rtc_cmos 00:00: setting system clock to 2019-09-08 15:35:51 UTC (1567956951)
[    3.883067] ata4: SATA link down (SStatus 0 SControl 300)
[    3.885830] ata3: SATA link up 1.5 Gbps (SStatus 113 SControl 300)
[    3.888769] ata3.00: ATAPI: QEMU DVD-ROM, 2.5+, max UDMA/100
[    3.891288] ata3.00: applying bridge limits
[    3.893623] ata5: SATA link down (SStatus 0 SControl 300)
[    3.896300] ata1: SATA link down (SStatus 0 SControl 300)
[    3.898852] ata2: SATA link down (SStatus 0 SControl 300)
[    3.901423] ata6: SATA link down (SStatus 0 SControl 300)
[    3.903907] ata3.00: configured for UDMA/100
[    3.906366] scsi 2:0:0:0: CD-ROM            QEMU     QEMU DVD-ROM     2.5+ PQ: 0 ANSI: 5
[    3.960506] sr 2:0:0:0: [sr0] scsi3-mmc drive: 4x/4x cd/rw xa/form2 tray
[    3.963088] cdrom: Uniform CD-ROM driver Revision: 3.20
[    3.965821] sr 2:0:0:0: Attached scsi generic sg0 type 5
[    3.973293] Freeing unused kernel memory: 1580K
[    3.975394] Write protecting the kernel read-only data: 18432k
[    3.978607] Freeing unused kernel memory: 2024K
[    3.986649] Freeing unused kernel memory: 1120K
[    4.480077] tsc: Refined TSC clocksource calibration: 2993.205 MHz
[    4.481432] clocksource: tsc: mask: 0xffffffffffffffff max_cycles: 0x2b253232534, max_idle_ns: 440795219639 ns

Welcome to LinuxKit

                        ##         .
                  ## ## ##        ==
               ## ## ## ## ##    ===
           /"""""""""""""""""\___/ ===
          {                       /  ===-
           \______ O           __/
             \    \         __/
              \____\_______/



Welcome to LinuxKit

                        ##         .
                  ## ## ##        ==
               ## ## ## ## ##    ===
           /"""""""""""""""""___/ ===
          {                       /  ===-
           ______ O           __/
                          __/
              ___________/

linuxkit-d6e52ae52c1c login: root (automatic login)

Welcome to LinuxKit!

NOTE: This system is namespaced.
The namespace you are currently in may not be the root.
my bash_profile_root started...
list of login shells running:
2
  286 root       0:00 -sh
pid of our current login shell:
286
start running the LinuxKit containers...
start running task [1/1] ...
CMD_TASK_1: echo 'hello world!'
hello world!
task [1/1] completed.
[    6.189292] 8021q: adding VLAN 0 to HW filter on device eth0
my bash_profile_root finished.
ready to halt LinuxKit VM.
linuxkit-d6e52ae52c1c:~# [6n[    6.212218] We reached unpopular paths: fs/select.c:230
[    6.229218] We reached unpopular paths: fs/select.c:230
[    6.231432] We reached unpopular paths: fs/select.c:230
[    6.233543] We reached unpopular paths: fs/select.c:230
[    6.236450] We reached unpopular paths: fs/select.c:230
[    6.238467] We reached unpopular paths: fs/select.c:230
[    6.240580] We reached unpopular paths: fs/select.c:230
[    6.243178] We reached unpopular paths: fs/select.c:230
[    6.245346] We reached unpopular paths: fs/select.c:230
[    6.247329] We reached unpopular paths: fs/select.c:230
[    6.249354] We reached unpopular paths: fs/select.c:230
[    6.251332] We reached unpopular paths: fs/select.c:230
[    6.253203] We reached unpopular paths: fs/select.c:230
[    6.255047] We reached unpopular paths: fs/select.c:230
[    6.256916] We reached unpopular paths: fs/select.c:230
[    6.258776] We reached unpopular paths: fs/select.c:230
[    6.260668] We reached unpopular paths: fs/select.c:230
[    6.262577] We reached unpopular paths: fs/select.c:230
[    6.264502] We reached unpopular paths: fs/select.c:230
[    6.266409] We reached unpopular paths: fs/select.c:230
[    6.269057] We reached unpopular paths: fs/select.c:230
[    6.270952] We reached unpopular paths: fs/select.c:230
[    6.272794] We reached unpopular paths: fs/select.c:230
[    6.274668] We reached unpopular paths: fs/select.c:230
[    6.276662] We reached unpopular paths: fs/select.c:230
[    6.278587] We reached unpopular paths: fs/select.c:230
[    6.280314] We reached unpopular paths: fs/select.c:230
[    6.329514] We reached unpopular paths: fs/select.c:230
[    6.334741] We reached unpopular paths: fs/proc/base.c:1142
[    6.336947] We reached unpopular paths: fs/proc/base.c:1159
[    6.339043] We reached unpopular paths: fs/proc/base.c:1161
[    6.341157] We reached unpopular paths: fs/proc/base.c:1161
[    6.343242] We reached unpopular paths: fs/proc/base.c:1161
[    6.345300] We reached unpopular paths: fs/proc/base.c:1161
[    6.347408] We reached unpopular paths: fs/proc/base.c:1161
[    6.349412] We reached unpopular paths: fs/proc/base.c:1161
[    6.351419] We reached unpopular paths: fs/proc/base.c:1161
[    6.353393] We reached unpopular paths: fs/proc/base.c:1161
[    6.355369] We reached unpopular paths: fs/proc/base.c:1161
[    6.357345] We reached unpopular paths: fs/proc/base.c:1161
[    6.359342] We reached unpopular paths: fs/proc/base.c:1161
[    6.361239] We reached unpopular paths: fs/proc/base.c:1161
[    6.363124] We reached unpopular paths: fs/proc/base.c:1161
[    6.377872] We reached unpopular paths: fs/proc/base.c:1161
[    6.379684] We reached unpopular paths: fs/proc/base.c:1161
[    6.381497] We reached unpopular paths: fs/proc/base.c:1161
[    6.383314] We reached unpopular paths: fs/proc/base.c:1161
[    6.385042] We reached unpopular paths: fs/proc/base.c:1161
[    6.386758] We reached unpopular paths: fs/proc/base.c:1161
[    6.388480] We reached unpopular paths: fs/proc/base.c:1161
[    6.390216] We reached unpopular paths: fs/proc/base.c:1161
[    6.391946] We reached unpopular paths: fs/proc/base.c:1161
[    6.393669] We reached unpopular paths: fs/proc/base.c:1161
[    6.395401] We reached unpopular paths: fs/proc/base.c:1161
[    6.397047] We reached unpopular paths: fs/proc/base.c:1161
[    6.398693] We reached unpopular paths: fs/proc/base.c:1161
[    6.400366] We reached unpopular paths: fs/proc/base.c:1161
[    6.402017] We reached unpopular paths: fs/proc/base.c:1161
[    6.403660] We reached unpopular paths: fs/proc/base.c:1161
[    6.405259] We reached unpopular paths: fs/proc/base.c:1161
[    6.406906] We reached unpopular paths: fs/proc/base.c:1161
[    6.408518] We reached unpopular paths: fs/proc/base.c:1161
[    6.410115] We reached unpopular paths: fs/proc/base.c:1161
[    6.411710] We reached unpopular paths: fs/proc/base.c:1161
[    6.413310] We reached unpopular paths: fs/proc/base.c:1161
[    6.414903] We reached unpopular paths: fs/proc/base.c:1161
[    6.416507] We reached unpopular paths: fs/proc/base.c:1161
[    6.418086] We reached unpopular paths: fs/proc/base.c:1161
[    6.419673] We reached unpopular paths: fs/proc/base.c:1161
[    6.421210] We reached unpopular paths: fs/proc/base.c:1161
[    6.422740] We reached unpopular paths: fs/proc/base.c:1161
[    6.424257] We reached unpopular paths: fs/proc/base.c:1161
[    6.425781] We reached unpopular paths: fs/proc/base.c:1161
[    6.427298] We reached unpopular paths: fs/proc/base.c:1161
[    6.428831] We reached unpopular paths: fs/proc/base.c:1161
[    6.430364] We reached unpopular paths: fs/proc/base.c:1161
[    6.431882] We reached unpopular paths: fs/proc/base.c:1161
[    6.433347] We reached unpopular paths: fs/proc/base.c:1161
[    6.434808] We reached unpopular paths: fs/proc/base.c:1161
[    6.436279] We reached unpopular paths: fs/proc/base.c:1161
[    6.437765] We reached unpopular paths: fs/proc/base.c:1161
[    6.439232] We reached unpopular paths: fs/proc/base.c:1161
[    6.440718] We reached unpopular paths: fs/proc/base.c:1161
[    6.442183] We reached unpopular paths: fs/proc/base.c:1161
[    6.443649] We reached unpopular paths: fs/proc/base.c:1161
[    6.445063] We reached unpopular paths: fs/proc/base.c:1161
[    6.446480] We reached unpopular paths: fs/proc/base.c:1161
[    6.447901] We reached unpopular paths: fs/proc/base.c:1161
[    6.449318] We reached unpopular paths: fs/proc/base.c:1161
[    6.450742] We reached unpopular paths: fs/proc/base.c:1161
[    6.452159] We reached unpopular paths: fs/proc/base.c:1169
[    6.453568] We reached unpopular paths: fs/proc/base.c:1171
[    6.454984] We reached unpopular paths: mm/oom_kill.c:465
[    6.456338] We reached unpopular paths: fs/proc/base.c:1185
[    6.457706] We reached unpopular paths: fs/proc/base.c:1161
[    6.459069] We reached unpopular paths: fs/proc/base.c:1161
[    6.460444] We reached unpopular paths: fs/proc/base.c:1169
[    6.461805] We reached unpopular paths: fs/proc/base.c:1171
[    6.463173] We reached unpopular paths: mm/oom_kill.c:465
[    6.464510] We reached unpopular paths: fs/proc/base.c:1185
[    6.465871] We reached unpopular paths: fs/proc/base.c:1161
[    6.467233] We reached unpopular paths: fs/proc/base.c:1169
[    6.468566] We reached unpopular paths: fs/proc/base.c:1171
[    6.469887] We reached unpopular paths: mm/oom_kill.c:465
[    6.471185] We reached unpopular paths: fs/proc/base.c:1185
[    6.472511] We reached unpopular paths: fs/proc/base.c:1161
[    6.473827] We reached unpopular paths: fs/proc/base.c:1169
[    6.475143] We reached unpopular paths: fs/proc/base.c:1171
[    6.476462] We reached unpopular paths: mm/oom_kill.c:465
[    6.477748] We reached unpopular paths: fs/proc/base.c:1185
[    6.479069] We reached unpopular paths: fs/proc/base.c:1161
[    6.480378] We reached unpopular paths: fs/proc/base.c:1169
[    6.481651] We reached unpopular paths: fs/proc/base.c:1171
[    6.482925] We reached unpopular paths: mm/oom_kill.c:465
[    6.484166] We reached unpopular paths: fs/proc/base.c:1185
[    6.485445] We reached unpopular paths: fs/proc/base.c:1161
[    6.486721] We reached unpopular paths: fs/proc/base.c:1169
[    6.488002] We reached unpopular paths: fs/proc/base.c:1171
[    6.489273] We reached unpopular paths: mm/oom_kill.c:465
[    6.490521] We reached unpopular paths: fs/proc/base.c:1185
[    6.491795] We reached unpopular paths: fs/proc/base.c:1161
[    6.493037] We reached unpopular paths: fs/proc/base.c:1169
[    6.494278] We reached unpopular paths: fs/proc/base.c:1171
[    6.495521] We reached unpopular paths: mm/oom_kill.c:465
[    6.496721] We reached unpopular paths: fs/proc/base.c:1185
[    6.497956] We reached unpopular paths: fs/proc/base.c:1161
[    6.499189] We reached unpopular paths: fs/proc/base.c:1169
[    6.500442] We reached unpopular paths: fs/proc/base.c:1171
[    6.501683] We reached unpopular paths: mm/oom_kill.c:465
[    6.502888] We reached unpopular paths: fs/proc/base.c:1185
[    6.504135] We reached unpopular paths: fs/proc/base.c:1161
[    6.505343] We reached unpopular paths: fs/proc/base.c:1169
[    6.506538] We reached unpopular paths: fs/proc/base.c:1171
[    6.507760] We reached unpopular paths: mm/oom_kill.c:465
[    6.508946] We reached unpopular paths: fs/proc/base.c:1185
[    6.510155] We reached unpopular paths: fs/proc/base.c:1161
[    6.511373] We reached unpopular paths: fs/proc/base.c:1188
[    6.563856] We reached unpopular paths: fs/select.c:230
[    6.585371] IPVS: ftp: loaded support on port[0] = 21
[    6.632800] We reached unpopular paths: fs/select.c:230
[    6.703144] We reached unpopular paths: fs/select.c:230
[    6.704441] We reached unpopular paths: fs/select.c:230
[    6.705615] We reached unpopular paths: fs/select.c:230
[    6.708736] We reached unpopular paths: fs/select.c:929
[    6.709931] We reached unpopular paths: fs/select.c:1093
[    6.711939] We reached unpopular paths: fs/eventfd.c:60
[    6.713116] We reached unpopular paths: fs/eventfd.c:80
[    6.715116] We reached unpopular paths: fs/eventfd.c:60
[    6.716296] We reached unpopular paths: fs/eventfd.c:80
[    6.717463] We reached unpopular paths: fs/eventfd.c:60
[    6.718625] We reached unpopular paths: fs/eventfd.c:80
[   11.720823] We reached unpopular paths: drivers/firmware/efi/capsule.c:298
[   11.723871] We reached unpopular paths: drivers/acpi/sleep.c:56
[   11.726479] We reached unpopular paths: drivers/acpi/sleep.c:43
[   11.729113] We reached unpopular paths: drivers/pnp/driver.c:169
[   11.731797] We reached unpopular paths: drivers/rtc/rtc-cmos.c:1331
[   11.734544] We reached unpopular paths: drivers/rtc/rtc-cmos.c:1067
[   11.737180] We reached unpopular paths: drivers/rtc/rtc-cmos.c:1020
[   11.739848] We reached unpopular paths: drivers/rtc/rtc-cmos.c:974
[   11.742577] We reached unpopular paths: drivers/rtc/rtc-cmos.c:937
[   11.745286] We reached unpopular paths: drivers/base/platform.c:658
[   11.747956] We reached unpopular paths: drivers/input/serio/serio.c:855
[   11.750545] We reached unpopular paths: drivers/input/serio/serio.c:846
[   11.753128] We reached unpopular paths: drivers/input/serio/serio.c:855
[   11.755700] We reached unpopular paths: drivers/input/serio/serio.c:846
[   11.758312] We reached unpopular paths: drivers/input/keyboard/atkbd.c:971
[   11.760900] We reached unpopular paths: drivers/input/keyboard/atkbd.c:727
[   11.763508] We reached unpopular paths: drivers/base/platform.c:658
[   11.765841] We reached unpopular paths: drivers/input/serio/i8042.c:1402
[   11.768285] We reached unpopular paths: drivers/input/serio/i8042.c:1148
[   11.770819] We reached unpopular paths: drivers/pnp/driver.c:169
[   11.772968] We reached unpopular paths: drivers/pnp/driver.c:169
[   11.775095] We reached unpopular paths: drivers/pci/pci-driver.c:497
[   11.777318] We reached unpopular paths: drivers/pci/pci-driver.c:497
[   11.779561] We reached unpopular paths: drivers/base/platform.c:658
[   11.781771] We reached unpopular paths: drivers/pnp/driver.c:169
[   11.783867] We reached unpopular paths: drivers/pci/pci-driver.c:497
[   11.785972] We reached unpopular paths: drivers/pci/pci-driver.c:497
[   11.788086] We reached unpopular paths: drivers/base/platform.c:658
[   11.790196] We reached unpopular paths: drivers/pnp/driver.c:169
[   11.792215] We reached unpopular paths: drivers/pci/pci-driver.c:497
[   11.794331] We reached unpopular paths: drivers/pci/pci-driver.c:497
[   11.796409] We reached unpopular paths: drivers/pci/pci-driver.c:497
[   11.798466] ACPI: Preparing to enter system sleep state S5
[   11.800257] We reached unpopular paths: drivers/acpi/wakeup.c:37
[   11.802188] We reached unpopular paths: drivers/acpi/acpica/hwgpe.c:355
[   11.804348] We reached unpopular paths: drivers/acpi/acpica/hwgpe.c:393
[   11.806489] We reached unpopular paths: drivers/base/syscore.c:128
[   11.808435] We reached unpopular paths: drivers/cpufreq/cpufreq.c:1753
[   11.810424] reboot: Power down
[   11.811498] We reached unpopular paths: arch/x86/kernel/reboot.c:761
[   11.813422] We reached unpopular paths: arch/x86/kernel/reboot.c:738
[   11.815369] We reached unpopular paths: arch/x86/kernel/reboot.c:767
[   11.817373] We reached unpopular paths: arch/x86/kernel/apic/io_apic.c:572
[   11.819428] We reached unpopular paths: arch/x86/kernel/apic/io_apic.c:349
[   11.821500] We reached unpopular paths: arch/x86/kernel/apic/io_apic.c:572
[   11.823474] We reached unpopular paths: arch/x86/kernel/apic/io_apic.c:349
[   11.825532] We reached unpopular paths: arch/x86/kernel/apic/io_apic.c:572
[   11.827505] We reached unpopular paths: arch/x86/kernel/apic/io_apic.c:349
[   11.829672] We reached unpopular paths: arch/x86/kernel/apic/io_apic.c:572
[   11.831652] We reached unpopular paths: arch/x86/kernel/apic/io_apic.c:349
[   11.833624] We reached unpopular paths: arch/x86/kernel/apic/io_apic.c:572
[   11.835528] We reached unpopular paths: arch/x86/kernel/apic/io_apic.c:349
[   11.837499] We reached unpopular paths: arch/x86/kernel/apic/io_apic.c:572
[   11.839383] We reached unpopular paths: arch/x86/kernel/apic/io_apic.c:349
[   11.841363] We reached unpopular paths: arch/x86/kernel/apic/io_apic.c:572
[   11.843243] We reached unpopular paths: arch/x86/kernel/apic/io_apic.c:349
[   11.845261] We reached unpopular paths: arch/x86/kernel/apic/io_apic.c:572
[   11.847075] We reached unpopular paths: arch/x86/kernel/apic/io_apic.c:349
[   11.848980] We reached unpopular paths: arch/x86/kernel/apic/io_apic.c:572
[   11.850804] We reached unpopular paths: arch/x86/kernel/apic/io_apic.c:349
[   11.852712] We reached unpopular paths: arch/x86/kernel/apic/io_apic.c:572
[   11.854525] We reached unpopular paths: arch/x86/kernel/apic/io_apic.c:349
[   11.856390] We reached unpopular paths: arch/x86/kernel/apic/io_apic.c:572
[   11.858129] We reached unpopular paths: arch/x86/kernel/apic/io_apic.c:349
[   11.860255] We reached unpopular paths: arch/x86/kernel/apic/io_apic.c:572
[   11.861998] We reached unpopular paths: arch/x86/kernel/apic/io_apic.c:349
[   11.874006] We reached unpopular paths: arch/x86/kernel/apic/apic.c:1269
[   11.875687] We reached unpopular paths: arch/x86/kernel/hpet.c:1160
[   11.877306] We reached unpopular paths: drivers/acpi/acpica/hwregs.c:463
[   11.878949] We reached unpopular paths: drivers/acpi/acpica/hwgpe.c:393
[   11.880585] We reached unpopular paths: drivers/acpi/acpica/hwgpe.c:355
[   11.882193] We reached unpopular paths: drivers/acpi/acpica/hwgpe.c:393
[   11.883804] We reached unpopular paths: drivers/acpi/acpica/hwgpe.c:483
