[    0.000000] Linux version 4.14.24-linuxkit (root@96ac4de27861) (gcc version 6.4.0 (Alpine 6.4.0)) #1 SMP Wed Sep 4 20:18:18 UTC 2019
[    0.000000] Command line: console=tty0 console=ttyS0 console=ttyAMA0
[    0.000000] x86/fpu: x87 FPU will use FXSAVE
[    0.000000] e820: BIOS-provided physical RAM map:
[    0.000000] BIOS-e820: [mem 0x0000000000000000-0x000000000009fbff] usable
[    0.000000] BIOS-e820: [mem 0x000000000009fc00-0x000000000009ffff] reserved
[    0.000000] BIOS-e820: [mem 0x00000000000f0000-0x00000000000fffff] reserved
[    0.000000] BIOS-e820: [mem 0x0000000000100000-0x000000007ffdefff] usable
[    0.000000] BIOS-e820: [mem 0x000000007ffdf000-0x000000007fffffff] reserved
[    0.000000] BIOS-e820: [mem 0x00000000b0000000-0x00000000bfffffff] reserved
[    0.000000] BIOS-e820: [mem 0x00000000feffc000-0x00000000feffffff] reserved
[    0.000000] BIOS-e820: [mem 0x00000000fffc0000-0x00000000ffffffff] reserved
[    0.000000] BIOS-e820: [mem 0x0000000100000000-0x000000017fffffff] usable
[    0.000000] NX (Execute Disable) protection: active
[    0.000000] random: fast init done
[    0.000000] SMBIOS 2.8 present.
[    0.000000] DMI: QEMU Standard PC (Q35 + ICH9, 2009), BIOS Ubuntu-1.8.2-1ubuntu1 04/01/2014
[    0.000000] Hypervisor detected: KVM
[    0.000000] tsc: Fast TSC calibration using PIT
[    0.000000] e820: last_pfn = 0x180000 max_arch_pfn = 0x400000000
[    0.000000] x86/PAT: PAT not supported by CPU.
[    0.000000] x86/PAT: Configuration [0-7]: WB  WT  UC- UC  WB  WT  UC- UC  
[    0.000000] e820: last_pfn = 0x7ffdf max_arch_pfn = 0x400000000
[    0.000000] found SMP MP-table at [mem 0x000f6630-0x000f663f] mapped at [ffffffffff200630]
[    0.000000] RAMDISK: [mem 0x749c6000-0x7ffcffff]
[    0.000000] ACPI: Early table checksum verification disabled
[    0.000000] ACPI: RSDP 0x00000000000F6440 000014 (v00 BOCHS )
[    0.000000] ACPI: RSDT 0x000000007FFE2267 000038 (v01 BOCHS  BXPCRSDT 00000001 BXPC 00000001)
[    0.000000] ACPI: FACP 0x000000007FFE1E32 000074 (v01 BOCHS  BXPCFACP 00000001 BXPC 00000001)
[    0.000000] ACPI: DSDT 0x000000007FFE0040 001DF2 (v01 BOCHS  BXPCDSDT 00000001 BXPC 00000001)
[    0.000000] ACPI: FACS 0x000000007FFE0000 000040
[    0.000000] ACPI: SSDT 0x000000007FFE1EA6 0002D5 (v01 BOCHS  BXPCSSDT 00000001 BXPC 00000001)
[    0.000000] ACPI: APIC 0x000000007FFE217B 000078 (v01 BOCHS  BXPCAPIC 00000001 BXPC 00000001)
[    0.000000] ACPI: HPET 0x000000007FFE21F3 000038 (v01 BOCHS  BXPCHPET 00000001 BXPC 00000001)
[    0.000000] ACPI: MCFG 0x000000007FFE222B 00003C (v01 BOCHS  BXPCMCFG 00000001 BXPC 00000001)
[    0.000000] kvm-clock: Using msrs 4b564d01 and 4b564d00
[    0.000000] kvm-clock: cpu 0, msr 1:7fffc001, primary cpu clock
[    0.000000] kvm-clock: using sched offset of 20649109449 cycles
[    0.000000] clocksource: kvm-clock: mask: 0xffffffffffffffff max_cycles: 0x1cd42e4dffb, max_idle_ns: 881590591483 ns
[    0.000000] Zone ranges:
[    0.000000]   DMA      [mem 0x0000000000001000-0x0000000000ffffff]
[    0.000000]   DMA32    [mem 0x0000000001000000-0x00000000ffffffff]
[    0.000000]   Normal   [mem 0x0000000100000000-0x000000017fffffff]
[    0.000000]   Device   empty
[    0.000000] Movable zone start for each node
[    0.000000] Early memory node ranges
[    0.000000]   node   0: [mem 0x0000000000001000-0x000000000009efff]
[    0.000000]   node   0: [mem 0x0000000000100000-0x000000007ffdefff]
[    0.000000]   node   0: [mem 0x0000000100000000-0x000000017fffffff]
[    0.000000] Initmem setup node 0 [mem 0x0000000000001000-0x000000017fffffff]
[    0.000000] ACPI: PM-Timer IO Port: 0x608
[    0.000000] ACPI: LAPIC_NMI (acpi_id[0xff] dfl dfl lint[0x1])
[    0.000000] IOAPIC[0]: apic_id 0, version 17, address 0xfec00000, GSI 0-23
[    0.000000] ACPI: INT_SRC_OVR (bus 0 bus_irq 0 global_irq 2 dfl dfl)
[    0.000000] ACPI: INT_SRC_OVR (bus 0 bus_irq 5 global_irq 5 high level)
[    0.000000] ACPI: INT_SRC_OVR (bus 0 bus_irq 9 global_irq 9 high level)
[    0.000000] ACPI: INT_SRC_OVR (bus 0 bus_irq 10 global_irq 10 high level)
[    0.000000] ACPI: INT_SRC_OVR (bus 0 bus_irq 11 global_irq 11 high level)
[    0.000000] Using ACPI (MADT) for SMP configuration information
[    0.000000] ACPI: HPET id: 0x8086a201 base: 0xfed00000
[    0.000000] smpboot: Allowing 1 CPUs, 0 hotplug CPUs
[    0.000000] e820: [mem 0xc0000000-0xfeffbfff] available for PCI devices
[    0.000000] Booting paravirtualized kernel on KVM
[    0.000000] clocksource: refined-jiffies: mask: 0xffffffff max_cycles: 0xffffffff, max_idle_ns: 19112604462750000 ns
[    0.000000] setup_percpu: NR_CPUS:128 nr_cpumask_bits:128 nr_cpu_ids:1 nr_node_ids:1
[    0.000000] percpu: Embedded 44 pages/cpu @ffff9b89ffc00000 s143192 r8192 d28840 u2097152
[    0.000000] KVM setup async PF for cpu 0
[    0.000000] kvm-stealtime: cpu 0, msr 17fc15f00
[    0.000000] Built 1 zonelists, mobility grouping on.  Total pages: 1032040
[    0.000000] Kernel command line: console=tty0 console=ttyS0 console=ttyAMA0
[    0.000000] PID hash table entries: 4096 (order: 3, 32768 bytes)
[    0.000000] Dentry cache hash table entries: 524288 (order: 10, 4194304 bytes)
[    0.000000] Inode-cache hash table entries: 262144 (order: 9, 2097152 bytes)
[    0.000000] Memory: 3844440K/4193780K available (12300K kernel code, 1452K rwdata, 2956K rodata, 1500K init, 628K bss, 349340K reserved, 0K cma-reserved)
[    0.000000] Kernel/User page tables isolation: enabled
[    0.000000] ftrace: allocating 40643 entries in 159 pages
[    0.010000] Hierarchical RCU implementation.
[    0.010000] 	RCU restricting CPUs from NR_CPUS=128 to nr_cpu_ids=1.
[    0.010000] RCU: Adjusting geometry for rcu_fanout_leaf=16, nr_cpu_ids=1
[    0.010000] NR_IRQS: 8448, nr_irqs: 256, preallocated irqs: 16
[    0.010000] Console: colour VGA+ 80x25
[    0.010000] console [tty0] enabled
[    0.010000] console [ttyS0] enabled
[    0.010000] clocksource: hpet: mask: 0xffffffff max_cycles: 0xffffffff, max_idle_ns: 19112604467 ns
[    0.010008] tsc: Detected 2993.200 MHz processor
[    0.011067] Calibrating delay loop (skipped) preset value.. 5986.40 BogoMIPS (lpj=29932000)
[    0.011850] pid_max: default: 32768 minimum: 301
[    0.012921] ACPI: Core revision 20170728
[    0.014703] ACPI: 2 ACPI AML tables successfully acquired and loaded
[    0.016131] Security Framework initialized
[    0.017085] Yama: becoming mindful.
[    0.017955] Mount-cache hash table entries: 8192 (order: 4, 65536 bytes)
[    0.020010] Mountpoint-cache hash table entries: 8192 (order: 4, 65536 bytes)
[    0.021789] Last level iTLB entries: 4KB 0, 2MB 0, 4MB 0
[    0.022980] Last level dTLB entries: 4KB 0, 2MB 0, 4MB 0, 1GB 0
[    0.024326] Spectre V2 : Vulnerable: Minimal generic ASM retpoline
[    0.029381] Freeing SMP alternatives memory: 20K
[    0.030389] smpboot: Max logical packages: 1
[    0.031670] x2apic enabled
[    0.032689] Switched APIC routing to physical x2apic.
[    0.035324] ..TIMER: vector=0x30 apic1=0 pin1=2 apic2=-1 pin2=-1
[    0.040000] smpboot: CPU0: Intel QEMU Virtual CPU version 2.5+ (family: 0x6, model: 0x6, stepping: 0x3)
[    0.040000] Performance Events: PMU not available due to virtualization, using software events only.
[    0.040000] Hierarchical SRCU implementation.
[    0.040000] NMI watchdog: Perf event create on CPU 0 failed with -2
[    0.040000] NMI watchdog: Perf NMI watchdog permanently disabled
[    0.040000] smp: Bringing up secondary CPUs ...
[    0.040000] smp: Brought up 1 node, 1 CPU
[    0.040000] smpboot: Total of 1 processors activated (5986.40 BogoMIPS)
[    0.040435] devtmpfs: initialized
[    0.041263] x86/mm: Memory block size: 128MB
[    0.042658] clocksource: jiffies: mask: 0xffffffff max_cycles: 0xffffffff, max_idle_ns: 19112604462750000 ns
[    0.044722] futex hash table entries: 256 (order: 2, 16384 bytes)
[    0.046158] NET: Registered protocol family 16
[    0.047285] cpuidle: using governor ladder
[    0.048232] cpuidle: using governor menu
[    0.050054] ACPI: bus type PCI registered
[    0.051063] PCI: MMCONFIG for domain 0000 [bus 00-ff] at [mem 0xb0000000-0xbfffffff] (base 0xb0000000)
[    0.053044] PCI: MMCONFIG at [mem 0xb0000000-0xbfffffff] reserved in E820
[    0.054454] PCI: Using configuration type 1 for base access
[    0.057002] HugeTLB registered 2.00 MiB page size, pre-allocated 0 pages
[    0.058573] ACPI: Added _OSI(Module Device)
[    0.059521] ACPI: Added _OSI(Processor Device)
[    0.060005] ACPI: Added _OSI(3.0 _SCP Extensions)
[    0.061032] ACPI: Added _OSI(Processor Aggregator Device)
[    0.064481] ACPI: Interpreter enabled
[    0.065353] ACPI: (supports S0 S5)
[    0.066141] ACPI: Using IOAPIC for interrupt routing
[    0.067231] PCI: Using host bridge windows from ACPI; if necessary, use "pci=nocrs" and report a bug
[    0.070469] ACPI: Enabled 16 GPEs in block 00 to 3F
[    0.073589] ACPI: PCI Root Bridge [PCI0] (domain 0000 [bus 00-ff])
[    0.074893] acpi PNP0A08:00: _OSC: OS supports [ExtendedConfig ASPM ClockPM Segments MSI]
[    0.076720] acpi PNP0A08:00: _OSC: OS now controls [PCIeHotplug PME PCIeCapability]
[    0.078389] PCI host bridge to bus 0000:00
[    0.079301] pci_bus 0000:00: root bus resource [io  0x0000-0x0cf7 window]
[    0.080013] pci_bus 0000:00: root bus resource [io  0x0d00-0xffff window]
[    0.081431] pci_bus 0000:00: root bus resource [mem 0x000a0000-0x000bffff window]
[    0.083036] pci_bus 0000:00: root bus resource [mem 0xc0000000-0xfebfffff window]
[    0.084640] pci_bus 0000:00: root bus resource [bus 00-ff]
[    0.108301] pci 0000:00:1f.0: quirk: [io  0x0600-0x067f] claimed by ICH6 ACPI/GPIO/TCO
[    0.121152] ACPI: PCI Interrupt Link [LNKA] (IRQs 5 *10 11)
[    0.122461] ACPI: PCI Interrupt Link [LNKB] (IRQs 5 *10 11)
[    0.123749] ACPI: PCI Interrupt Link [LNKC] (IRQs 5 10 *11)
[    0.125051] ACPI: PCI Interrupt Link [LNKD] (IRQs 5 10 *11)
[    0.126335] ACPI: PCI Interrupt Link [LNKE] (IRQs 5 *10 11)
[    0.127636] ACPI: PCI Interrupt Link [LNKF] (IRQs 5 *10 11)
[    0.128903] ACPI: PCI Interrupt Link [LNKG] (IRQs 5 10 *11)
[    0.130100] ACPI: PCI Interrupt Link [LNKH] (IRQs 5 10 *11)
[    0.131338] ACPI: PCI Interrupt Link [GSIA] (IRQs *16)
[    0.132456] ACPI: PCI Interrupt Link [GSIB] (IRQs *17)
[    0.133565] ACPI: PCI Interrupt Link [GSIC] (IRQs *18)
[    0.134697] ACPI: PCI Interrupt Link [GSID] (IRQs *19)
[    0.135848] ACPI: PCI Interrupt Link [GSIE] (IRQs *20)
[    0.136974] ACPI: PCI Interrupt Link [GSIF] (IRQs *21)
[    0.138088] ACPI: PCI Interrupt Link [GSIG] (IRQs *22)
[    0.140009] ACPI: PCI Interrupt Link [GSIH] (IRQs *23)
[    0.141369] SCSI subsystem initialized
[    0.150069] ACPI: bus type USB registered
[    0.151006] usbcore: registered new interface driver usbfs
[    0.152205] usbcore: registered new interface driver hub
[    0.153362] usbcore: registered new device driver usb
[    0.154473] pps_core: LinuxPPS API ver. 1 registered
[    0.155567] pps_core: Software ver. 5.3.6 - Copyright 2005-2007 Rodolfo Giometti <giometti@linux.it>
[    0.157470] PTP clock support registered
[    0.158396] PCI: Using ACPI for IRQ routing
[    0.235374] NetLabel: Initializing
[    0.236173] NetLabel:  domain hash size = 128
[    0.237139] NetLabel:  protocols = UNLABELED CIPSOv4 CALIPSO
[    0.238361] NetLabel:  unlabeled traffic allowed by default
[    0.239648] HPET: 3 timers in total, 0 timers will be used for per-cpu timer
[    0.240021] hpet0: at MMIO 0xfed00000, IRQs 2, 8, 0
[    0.241079] hpet0: 3 comparators, 64-bit 100.000000 MHz counter
[    0.246460] clocksource: Switched to clocksource kvm-clock
[    0.254040] VFS: Disk quotas dquot_6.6.0
[    0.255031] VFS: Dquot-cache hash table entries: 512 (order 0, 4096 bytes)
[    0.256550] FS-Cache: Loaded
[    0.257320] CacheFiles: Loaded
[    0.258080] pnp: PnP ACPI init
[    0.259332] pnp: PnP ACPI: found 5 devices
[    0.265976] clocksource: acpi_pm: mask: 0xffffff max_cycles: 0xffffff, max_idle_ns: 2085701024 ns
[    0.267951] NET: Registered protocol family 2
[    0.269248] TCP established hash table entries: 32768 (order: 6, 262144 bytes)
[    0.270906] TCP bind hash table entries: 32768 (order: 7, 524288 bytes)
[    0.272398] TCP: Hash tables configured (established 32768 bind 32768)
[    0.273821] UDP hash table entries: 2048 (order: 4, 65536 bytes)
[    0.275140] UDP-Lite hash table entries: 2048 (order: 4, 65536 bytes)
[    0.276573] NET: Registered protocol family 1
[    0.277619] pci 0000:00:01.0: Video device with shadowed ROM at [mem 0x000c0000-0x000dffff]
[    0.279534] Trying to unpack rootfs image as initramfs...
[    2.980932] Freeing initrd memory: 186408K
[    2.982156] PCI-DMA: Using software bounce buffering for IO (SWIOTLB)
[    2.983547] software IO TLB [mem 0x709c6000-0x749c6000] (64MB) mapped at [ffff9b88f09c6000-ffff9b88f49c5fff]
[    2.986415] PCLMULQDQ-NI instructions are not detected.
[    2.987604] AVX or AES-NI instructions are not detected.
[    2.988785] CPU feature 'AVX registers' is not supported.
[    2.989971] CPU feature 'AVX registers' is not supported.
[    2.991177] CPU feature 'AVX registers' is not supported.
[    2.992375] CPU feature 'AVX registers' is not supported.
[    2.993565] AVX2 or AES-NI instructions are not detected.
[    2.994755] AVX2 instructions are not detected.
[    2.995882] audit: initializing netlink subsys (disabled)
[    2.997356] audit: type=2000 audit(1568055638.914:1): state=initialized audit_enabled=0 res=1
[    2.999239] workingset: timestamp_bits=46 max_order=20 bucket_order=0
[    3.000797] squashfs: version 4.0 (2009/01/31) Phillip Lougher
[    3.002160] FS-Cache: Netfs 'cifs' registered for caching
[    3.003394] fuse init (API version 7.26)
[    3.004389] SGI XFS with ACLs, security attributes, no debug enabled
[    3.006789] 9p: Installing v9fs 9p2000 file system support
[    3.008016] FS-Cache: Netfs '9p' registered for caching
[    3.010484] NET: Registered protocol family 38
[    3.011502] Key type asymmetric registered
[    3.012455] Asymmetric key parser 'x509' registered
[    3.013557] Block layer SCSI generic (bsg) driver version 0.4 loaded (major 248)
[    3.015216] io scheduler noop registered
[    3.016139] io scheduler deadline registered (default)
[    3.017295] io scheduler cfq registered
[    3.018187] io scheduler mq-deadline registered
[    3.019211] io scheduler kyber registered
[    3.020242] shpchp: Standard Hot Plug PCI Controller Driver version: 0.4
[    3.021701] hv_vmbus: registering driver hyperv_fb
[    3.022827] input: Power Button as /devices/LNXSYSTM:00/LNXPWRBN:00/input/input0
[    3.024444] ACPI: Power Button [PWRF]
[    3.025743] ACPI: PCI Interrupt Link [GSIG] enabled at IRQ 22
[    3.027013] virtio-pci 0000:00:02.0: virtio_pci: leaving for legacy driver
[    3.029102] ACPI: PCI Interrupt Link [GSIH] enabled at IRQ 23
[    3.030503] virtio-pci 0000:00:03.0: virtio_pci: leaving for legacy driver
[    3.032388] Serial: 8250/16550 driver, 4 ports, IRQ sharing disabled
[    3.056329] 00:04: ttyS0 at I/O 0x3f8 (irq = 4, base_baud = 115200) is a 16550A
[    3.058330] Non-volatile memory driver v1.3
[    3.059582] Hangcheck: starting hangcheck timer 0.9.1 (tick is 180 seconds, margin is 60 seconds).
[    3.062342] random: crng init done
[    3.064459] brd: module loaded
[    3.068236] loop: module loaded
[    3.075864] lpc_ich 0000:00:1f.0: RCBA is disabled by hardware/BIOS, device disabled
[    3.077587] lpc_ich 0000:00:1f.0: I/O space for GPIO uninitialized
[    3.078901] lpc_ich 0000:00:1f.0: No MFD cells added
[    3.080116] VMware PVSCSI driver - version 1.0.7.0-k
[    3.081210] hv_vmbus: registering driver hv_storvsc
[    3.082685] ACPI: PCI Interrupt Link [GSIA] enabled at IRQ 16
[    3.084611] ahci 0000:00:1f.2: AHCI 0001.0000 32 slots 6 ports 1.5 Gbps 0x3f impl SATA mode
[    3.086374] ahci 0000:00:1f.2: flags: ncq only 
[    3.088330] scsi host0: ahci
[    3.089122] scsi host1: ahci
[    3.089890] scsi host2: ahci
[    3.090679] scsi host3: ahci
[    3.091454] scsi host4: ahci
[    3.092226] scsi host5: ahci
[    3.092965] ata1: SATA max UDMA/133 abar m4096@0xfebd2000 port 0xfebd2100 irq 24
[    3.094559] ata2: SATA max UDMA/133 abar m4096@0xfebd2000 port 0xfebd2180 irq 24
[    3.096180] ata3: SATA max UDMA/133 abar m4096@0xfebd2000 port 0xfebd2200 irq 24
[    3.097763] ata4: SATA max UDMA/133 abar m4096@0xfebd2000 port 0xfebd2280 irq 24
[    3.099381] ata5: SATA max UDMA/133 abar m4096@0xfebd2000 port 0xfebd2300 irq 24
[    3.101033] ata6: SATA max UDMA/133 abar m4096@0xfebd2000 port 0xfebd2380 irq 24
[    3.103121] tun: Universal TUN/TAP device driver, 1.6
[    3.105107] VMware vmxnet3 virtual NIC driver - version 1.4.a.0-k-NAPI
[    3.106525] hv_vmbus: registering driver hv_netvsc
[    3.107573] Fusion MPT base driver 3.04.20
[    3.108489] Copyright (c) 1999-2008 LSI Corporation
[    3.109547] Fusion MPT SPI Host driver 3.04.20
[    3.110587] i8042: PNP: PS/2 Controller [PNP0303:KBD,PNP0f13:MOU] at 0x60,0x64 irq 1,12
[    3.113107] serio: i8042 KBD port at 0x60,0x64 irq 1
[    3.114221] serio: i8042 AUX port at 0x60,0x64 irq 12
[    3.115485] hv_vmbus: registering driver hyperv_keyboard
[    3.116732] mousedev: PS/2 mouse device common for all mice
[    3.118271] input: AT Translated Set 2 keyboard as /devices/platform/i8042/serio0/input/input1
[    3.120468] input: PC Speaker as /devices/platform/pcspkr/input/input3
[    3.122030] rtc_cmos 00:00: RTC can wake from S4
[    3.123391] rtc_cmos 00:00: rtc core: registered rtc_cmos as rtc0
[    3.124920] rtc_cmos 00:00: alarms up to one day, 114 bytes nvram, hpet irqs
[    3.126472] i2c /dev entries driver
[    3.127365] device-mapper: ioctl: 4.37.0-ioctl (2017-09-20) initialised: dm-devel@redhat.com
[    3.129385] usbcore: registered new interface driver usbhid
[    3.130604] usbhid: USB HID core driver
[    3.131505] hv_utils: Registering HyperV Utility Driver
[    3.132661] hv_vmbus: registering driver hv_util
[    3.133671] hv_vmbus: registering driver hv_balloon
[    3.134749] oprofile: using NMI interrupt.
[    3.135685] GACT probability on
[    3.136474] Mirror/redirect action on
[    3.137367] Simple TC action Loaded
[    3.138183] u32 classifier
[    3.138858]     Performance counters on
[    3.139752]     input device check on
[    3.140693]     Actions configured
[    3.141537] Netfilter messages via NETLINK v0.30.
[    3.142573] nfnl_acct: registering with nfnetlink.
[    3.143725] nf_conntrack version 0.5.0 (16384 buckets, 65536 max)
[    3.145076] ctnetlink v0.93: registering with nfnetlink.
[    3.147146] nf_tables: (c) 2007-2009 Patrick McHardy <kaber@trash.net>
[    3.148545] nf_tables_compat: (c) 2012 Pablo Neira Ayuso <pablo@netfilter.org>
[    3.150156] xt_time: kernel timezone is -0000
[    3.151122] ip_set: protocol 6
[    3.151864] IPVS: Registered protocols (TCP, UDP, SCTP, AH, ESP)
[    3.153189] IPVS: Connection hash table configured (size=4096, memory=64Kbytes)
[    3.154945] IPVS: ipvs loaded.
[    3.155708] IPVS: [rr] scheduler registered.
[    3.156739] IPVS: [wrr] scheduler registered.
[    3.157730] IPVS: [lc] scheduler registered.
[    3.158671] IPVS: [wlc] scheduler registered.
[    3.159649] IPVS: [fo] scheduler registered.
[    3.160645] IPVS: [ovf] scheduler registered.
[    3.161628] IPVS: [lblc] scheduler registered.
[    3.162642] IPVS: [lblcr] scheduler registered.
[    3.163666] IPVS: [dh] scheduler registered.
[    3.164651] IPVS: [sh] scheduler registered.
[    3.165633] IPVS: [sed] scheduler registered.
[    3.166593] IPVS: [nq] scheduler registered.
[    3.167540] IPVS: ftp: loaded support on port[0] = 21
[    3.168706] ipip: IPv4 and MPLS over IPv4 tunneling driver
[    3.170018] gre: GRE over IPv4 demultiplexor driver
[    3.171133] ip_tables: (C) 2000-2006 Netfilter Core Team
[    3.172342] ipt_CLUSTERIP: ClusterIP Version 0.8 loaded successfully
[    3.181655] arp_tables: arp_tables: (C) 2002 David S. Miller
[    3.182910] NET: Registered protocol family 10
[    3.184175] Segment Routing with IPv6
[    3.185038] ip6_tables: (C) 2000-2006 Netfilter Core Team
[    3.186382] NET: Registered protocol family 17
[    3.187382] Bridge firewalling registered
[    3.188290] Ebtables v2.0 registered
[    3.189179] 8021q: 802.1Q VLAN Support v1.8
[    3.190147] 9pnet: Installing 9P2000 support
[    3.191114] Key type dns_resolver registered
[    3.192139] sched_clock: Marking stable (3190123234, 0)->(3579579671, -389456437)
[    3.193870] registered taskstats version 1
[    3.200492] Key type big_key registered
[    3.203949] Key type encrypted registered
[    3.205197] rtc_cmos 00:00: setting system clock to 2019-09-09 19:00:39 UTC (1568055639)
[    3.433582] ata4: SATA link down (SStatus 0 SControl 300)
[    3.436319] ata1: SATA link down (SStatus 0 SControl 300)
[    3.439009] ata5: SATA link down (SStatus 0 SControl 300)
[    3.441721] ata6: SATA link down (SStatus 0 SControl 300)
[    3.444443] ata3: SATA link up 1.5 Gbps (SStatus 113 SControl 300)
[    3.447310] ata3.00: ATAPI: QEMU DVD-ROM, 2.5+, max UDMA/100
[    3.449656] ata3.00: applying bridge limits
[    3.451831] ata2: SATA link down (SStatus 0 SControl 300)
[    3.454325] ata3.00: configured for UDMA/100
[    3.456738] scsi 2:0:0:0: CD-ROM            QEMU     QEMU DVD-ROM     2.5+ PQ: 0 ANSI: 5
[    3.510501] sr 2:0:0:0: [sr0] scsi3-mmc drive: 4x/4x cd/rw xa/form2 tray
[    3.513247] cdrom: Uniform CD-ROM driver Revision: 3.20
[    3.516028] sr 2:0:0:0: Attached scsi generic sg0 type 5
[    3.521875] Freeing unused kernel memory: 1500K
[    3.523953] Write protecting the kernel read-only data: 18432k
[    3.527182] Freeing unused kernel memory: 2024K
[    3.534775] Freeing unused kernel memory: 1140K
[    4.000086] tsc: Refined TSC clocksource calibration: 2993.285 MHz
[    4.001423] clocksource: tsc: mask: 0xffffffffffffffff max_cycles: 0x2b257e186d5, max_idle_ns: 440795299247 ns

Welcome to LinuxKit

                        ##         .
                  ## ## ##        ==
               ## ## ## ## ##    ===
           /"""""""""""""""""\___/ ===
          {                       /  ===-
           \______ O           __/
             \    \         __/
              \____\_______/



Welcome to LinuxKit

                        ##         .
                  ## ## ##        ==
               ## ## ## ## ##    ===
           /"""""""""""""""""___/ ===
          {                       /  ===-
           ______ O           __/
                          __/
              ___________/

linuxkit-663b1e9d7a07 login: root (automatic login)

Welcome to LinuxKit!

NOTE: This system is namespaced.
The namespace you are currently in may not be the root.
my bash_profile_root started...
list of login shells running:
2
  284 root       0:00 -sh
  285 root       0:00 -sh
  298 root       0:00 -sh
pid of our current login shell:
285
linuxkit-663b1e9d7a07:~# [6n[    5.217627] 8021q: adding VLAN 0 to HW filter on device eth0
[    5.446847] IPVS: ftp: loaded support on port[0] = 21
[   10.567599] ACPI: Preparing to enter system sleep state S5
[   10.569872] reboot: Power down
