[    0.000000] Linux version 4.14.24-linuxkit (root@aa2d49196549) (gcc version 6.4.0 (Alpine 6.4.0)) #1 SMP Thu Aug 22 16:54:00 UTC 2019
[    0.000000] Command line: console=tty0 console=ttyS0 console=ttyAMA0
[    0.000000] x86/fpu: x87 FPU will use FXSAVE
[    0.000000] e820: BIOS-provided physical RAM map:
[    0.000000] BIOS-e820: [mem 0x0000000000000000-0x000000000009fbff] usable
[    0.000000] BIOS-e820: [mem 0x000000000009fc00-0x000000000009ffff] reserved
[    0.000000] BIOS-e820: [mem 0x00000000000f0000-0x00000000000fffff] reserved
[    0.000000] BIOS-e820: [mem 0x0000000000100000-0x000000003ffdefff] usable
[    0.000000] BIOS-e820: [mem 0x000000003ffdf000-0x000000003fffffff] reserved
[    0.000000] BIOS-e820: [mem 0x00000000b0000000-0x00000000bfffffff] reserved
[    0.000000] BIOS-e820: [mem 0x00000000feffc000-0x00000000feffffff] reserved
[    0.000000] BIOS-e820: [mem 0x00000000fffc0000-0x00000000ffffffff] reserved
[    0.000000] NX (Execute Disable) protection: active
[    0.000000] random: fast init done
[    0.000000] SMBIOS 2.8 present.
[    0.000000] DMI: QEMU Standard PC (Q35 + ICH9, 2009), BIOS Ubuntu-1.8.2-1ubuntu1 04/01/2014
[    0.000000] Hypervisor detected: KVM
[    0.000000] tsc: Fast TSC calibration using PIT
[    0.000000] e820: last_pfn = 0x3ffdf max_arch_pfn = 0x400000000
[    0.000000] x86/PAT: PAT not supported by CPU.
[    0.000000] x86/PAT: Configuration [0-7]: WB  WT  UC- UC  WB  WT  UC- UC  
[    0.000000] found SMP MP-table at [mem 0x000f6630-0x000f663f] mapped at [ffffffffff200630]
[    0.000000] RAMDISK: [mem 0x3a94e000-0x3ffcffff]
[    0.000000] ACPI: Early table checksum verification disabled
[    0.000000] ACPI: RSDP 0x00000000000F6460 000014 (v00 BOCHS )
[    0.000000] ACPI: RSDT 0x000000003FFE2267 000038 (v01 BOCHS  BXPCRSDT 00000001 BXPC 00000001)
[    0.000000] ACPI: FACP 0x000000003FFE1E32 000074 (v01 BOCHS  BXPCFACP 00000001 BXPC 00000001)
[    0.000000] ACPI: DSDT 0x000000003FFE0040 001DF2 (v01 BOCHS  BXPCDSDT 00000001 BXPC 00000001)
[    0.000000] ACPI: FACS 0x000000003FFE0000 000040
[    0.000000] ACPI: SSDT 0x000000003FFE1EA6 0002D5 (v01 BOCHS  BXPCSSDT 00000001 BXPC 00000001)
[    0.000000] ACPI: APIC 0x000000003FFE217B 000078 (v01 BOCHS  BXPCAPIC 00000001 BXPC 00000001)
[    0.000000] ACPI: HPET 0x000000003FFE21F3 000038 (v01 BOCHS  BXPCHPET 00000001 BXPC 00000001)
[    0.000000] ACPI: MCFG 0x000000003FFE222B 00003C (v01 BOCHS  BXPCMCFG 00000001 BXPC 00000001)
[    0.000000] kvm-clock: Using msrs 4b564d01 and 4b564d00
[    0.000000] kvm-clock: cpu 0, msr 0:3ffdd001, primary cpu clock
[    0.000000] kvm-clock: using sched offset of 11145792967 cycles
[    0.000000] clocksource: kvm-clock: mask: 0xffffffffffffffff max_cycles: 0x1cd42e4dffb, max_idle_ns: 881590591483 ns
[    0.000000] Zone ranges:
[    0.000000]   DMA      [mem 0x0000000000001000-0x0000000000ffffff]
[    0.000000]   DMA32    [mem 0x0000000001000000-0x000000003ffdefff]
[    0.000000]   Normal   empty
[    0.000000]   Device   empty
[    0.000000] Movable zone start for each node
[    0.000000] Early memory node ranges
[    0.000000]   node   0: [mem 0x0000000000001000-0x000000000009efff]
[    0.000000]   node   0: [mem 0x0000000000100000-0x000000003ffdefff]
[    0.000000] Initmem setup node 0 [mem 0x0000000000001000-0x000000003ffdefff]
[    0.000000] ACPI: PM-Timer IO Port: 0x608
[    0.000000] ACPI: LAPIC_NMI (acpi_id[0xff] dfl dfl lint[0x1])
[    0.000000] IOAPIC[0]: apic_id 0, version 17, address 0xfec00000, GSI 0-23
[    0.000000] ACPI: INT_SRC_OVR (bus 0 bus_irq 0 global_irq 2 dfl dfl)
[    0.000000] ACPI: INT_SRC_OVR (bus 0 bus_irq 5 global_irq 5 high level)
[    0.000000] ACPI: INT_SRC_OVR (bus 0 bus_irq 9 global_irq 9 high level)
[    0.000000] ACPI: INT_SRC_OVR (bus 0 bus_irq 10 global_irq 10 high level)
[    0.000000] ACPI: INT_SRC_OVR (bus 0 bus_irq 11 global_irq 11 high level)
[    0.000000] Using ACPI (MADT) for SMP configuration information
[    0.000000] Using ACPI for processor (LAPIC) configuration information
[    0.000000] ACPI: HPET id: 0x8086a201 base: 0xfed00000
[    0.000000] smpboot: Allowing 1 CPUs, 0 hotplug CPUs
[    0.000000] e820: [mem 0x40000000-0xafffffff] available for PCI devices
[    0.000000] Booting paravirtualized kernel on KVM
[    0.000000] clocksource: refined-jiffies: mask: 0xffffffff max_cycles: 0xffffffff, max_idle_ns: 19112604462750000 ns
[    0.000000] setup_percpu: NR_CPUS:128 nr_cpumask_bits:128 nr_cpu_ids:1 nr_node_ids:1
[    0.000000] percpu: Embedded 44 pages/cpu @ffff8cbf7a600000 s143192 r8192 d28840 u2097152
[    0.000000] KVM setup async PF for cpu 0
[    0.000000] kvm-stealtime: cpu 0, msr 3a615f00
[    0.000000] Built 1 zonelists, mobility grouping on.  Total pages: 257896
[    0.000000] Kernel command line: console=tty0 console=ttyS0 console=ttyAMA0
[    0.000000] PID hash table entries: 4096 (order: 3, 32768 bytes)
[    0.000000] Dentry cache hash table entries: 131072 (order: 8, 1048576 bytes)
[    0.000000] Inode-cache hash table entries: 65536 (order: 7, 524288 bytes)
[    0.000000] Memory: 896128K/1048052K available (18444K kernel code, 7684K rwdata, 3192K rodata, 1876K init, 7644K bss, 151924K reserved, 0K cma-reserved)
[    0.000000] Kernel/User page tables isolation: enabled
[    0.000000] ftrace: allocating 41769 entries in 164 pages
[    0.010000] Hierarchical RCU implementation.
[    0.010000] 	RCU restricting CPUs from NR_CPUS=128 to nr_cpu_ids=1.
[    0.010000] RCU: Adjusting geometry for rcu_fanout_leaf=16, nr_cpu_ids=1
[    0.010000] NR_IRQS: 8448, nr_irqs: 256, preallocated irqs: 16
[    0.010000] Console: colour VGA+ 80x25
[    0.010000] console [tty0] enabled
[    0.010000] console [ttyS0] enabled
[    0.010000] clocksource: hpet: mask: 0xffffffff max_cycles: 0xffffffff, max_idle_ns: 19112604467 ns
[    0.010011] tsc: Detected 2993.200 MHz processor
[    0.011034] Calibrating delay loop (skipped) preset value.. 5986.40 BogoMIPS (lpj=29932000)
[    0.011795] pid_max: default: 32768 minimum: 301
[    0.012820] ACPI: Core revision 20170728
[    0.014811] ACPI: 2 ACPI AML tables successfully acquired and loaded
[    0.016198] Security Framework initialized
[    0.017124] Yama: becoming mindful.
[    0.017963] Mount-cache hash table entries: 2048 (order: 2, 16384 bytes)
[    0.020008] Mountpoint-cache hash table entries: 2048 (order: 2, 16384 bytes)
[    0.021765] Last level iTLB entries: 4KB 0, 2MB 0, 4MB 0
[    0.022921] Last level dTLB entries: 4KB 0, 2MB 0, 4MB 0, 1GB 0
[    0.024232] Spectre V2 : Vulnerable: Minimal generic ASM retpoline
[    0.030198] Freeing SMP alternatives memory: 20K
[    0.031647] smpboot: Max logical packages: 1
[    0.032918] x2apic enabled
[    0.033931] Switched APIC routing to physical x2apic.
[    0.036565] ..TIMER: vector=0x30 apic1=0 pin1=2 apic2=-1 pin2=-1
[    0.040000] smpboot: CPU0: Intel QEMU Virtual CPU version 2.5+ (family: 0x6, model: 0x6, stepping: 0x3)
[    0.040000] Performance Events: PMU not available due to virtualization, using software events only.
[    0.040000] Hierarchical SRCU implementation.
[    0.040000] NMI watchdog: Perf event create on CPU 0 failed with -2
[    0.040000] NMI watchdog: Perf NMI watchdog permanently disabled
[    0.040000] smp: Bringing up secondary CPUs ...
[    0.040000] smp: Brought up 1 node, 1 CPU
[    0.040000] smpboot: Total of 1 processors activated (5986.40 BogoMIPS)
[    0.040422] devtmpfs: initialized
[    0.041256] x86/mm: Memory block size: 128MB
[    0.042376] gcov: version magic: 0x3630342a
[    0.043560] clocksource: jiffies: mask: 0xffffffff max_cycles: 0xffffffff, max_idle_ns: 19112604462750000 ns
[    0.045577] futex hash table entries: 256 (order: 2, 16384 bytes)
[    0.047030] NET: Registered protocol family 16
[    0.048179] cpuidle: using governor ladder
[    0.050004] cpuidle: using governor menu
[    0.050943] ACPI: bus type PCI registered
[    0.051969] PCI: MMCONFIG for domain 0000 [bus 00-ff] at [mem 0xb0000000-0xbfffffff] (base 0xb0000000)
[    0.053908] PCI: MMCONFIG at [mem 0xb0000000-0xbfffffff] reserved in E820
[    0.055312] PCI: Using configuration type 1 for base access
[    0.058364] HugeTLB registered 2.00 MiB page size, pre-allocated 0 pages
[    0.060137] ACPI: Added _OSI(Module Device)
[    0.061068] ACPI: Added _OSI(Processor Device)
[    0.062041] ACPI: Added _OSI(3.0 _SCP Extensions)
[    0.063061] ACPI: Added _OSI(Processor Aggregator Device)
[    0.067194] ACPI: Interpreter enabled
[    0.068041] ACPI: (supports S0 S5)
[    0.068824] ACPI: Using IOAPIC for interrupt routing
[    0.069913] PCI: Using host bridge windows from ACPI; if necessary, use "pci=nocrs" and report a bug
[    0.070531] ACPI: Enabled 16 GPEs in block 00 to 3F
[    0.074494] ACPI: PCI Root Bridge [PCI0] (domain 0000 [bus 00-ff])
[    0.075794] acpi PNP0A08:00: _OSC: OS supports [ExtendedConfig ASPM ClockPM Segments MSI]
[    0.077664] acpi PNP0A08:00: _OSC: OS now controls [PCIeHotplug PME PCIeCapability]
[    0.080063] PCI host bridge to bus 0000:00
[    0.080979] pci_bus 0000:00: root bus resource [io  0x0000-0x0cf7 window]
[    0.082375] pci_bus 0000:00: root bus resource [io  0x0d00-0xffff window]
[    0.083773] pci_bus 0000:00: root bus resource [mem 0x000a0000-0x000bffff window]
[    0.085358] pci_bus 0000:00: root bus resource [mem 0xc0000000-0xfebfffff window]
[    0.086945] pci_bus 0000:00: root bus resource [bus 00-ff]
[    0.112091] pci 0000:00:1f.0: quirk: [io  0x0600-0x067f] claimed by ICH6 ACPI/GPIO/TCO
[    0.125129] ACPI: PCI Interrupt Link [LNKA] (IRQs 5 *10 11)
[    0.126451] ACPI: PCI Interrupt Link [LNKB] (IRQs 5 *10 11)
[    0.127745] ACPI: PCI Interrupt Link [LNKC] (IRQs 5 10 *11)
[    0.129042] ACPI: PCI Interrupt Link [LNKD] (IRQs 5 10 *11)
[    0.130117] ACPI: PCI Interrupt Link [LNKE] (IRQs 5 *10 11)
[    0.131406] ACPI: PCI Interrupt Link [LNKF] (IRQs 5 *10 11)
[    0.132704] ACPI: PCI Interrupt Link [LNKG] (IRQs 5 10 *11)
[    0.134345] ACPI: PCI Interrupt Link [LNKH] (IRQs 5 10 *11)
[    0.135581] ACPI: PCI Interrupt Link [GSIA] (IRQs *16)
[    0.136709] ACPI: PCI Interrupt Link [GSIB] (IRQs *17)
[    0.137817] ACPI: PCI Interrupt Link [GSIC] (IRQs *18)
[    0.138920] ACPI: PCI Interrupt Link [GSID] (IRQs *19)
[    0.140012] ACPI: PCI Interrupt Link [GSIE] (IRQs *20)
[    0.141118] ACPI: PCI Interrupt Link [GSIF] (IRQs *21)
[    0.142227] ACPI: PCI Interrupt Link [GSIG] (IRQs *22)
[    0.143352] ACPI: PCI Interrupt Link [GSIH] (IRQs *23)
[    0.144532] acpi LNXCPU:00: Invalid PBLK length [0]
[    0.150247] SCSI subsystem initialized
[    0.151196] ACPI: bus type USB registered
[    0.152121] usbcore: registered new interface driver usbfs
[    0.153293] usbcore: registered new interface driver hub
[    0.154444] usbcore: registered new device driver usb
[    0.155566] pps_core: LinuxPPS API ver. 1 registered
[    0.160003] pps_core: Software ver. 5.3.6 - Copyright 2005-2007 Rodolfo Giometti <giometti@linux.it>
[    0.161893] PTP clock support registered
[    0.162832] PCI: Using ACPI for IRQ routing
[    0.241545] NetLabel: Initializing
[    0.242358] NetLabel:  domain hash size = 128
[    0.243345] NetLabel:  protocols = UNLABELED CIPSOv4 CALIPSO
[    0.244611] NetLabel:  unlabeled traffic allowed by default
[    0.245928] HPET: 3 timers in total, 0 timers will be used for per-cpu timer
[    0.247435] hpet0: at MMIO 0xfed00000, IRQs 2, 8, 0
[    0.248521] hpet0: 3 comparators, 64-bit 100.000000 MHz counter
[    0.254152] clocksource: Switched to clocksource kvm-clock
[    0.273438] VFS: Disk quotas dquot_6.6.0
[    0.274402] VFS: Dquot-cache hash table entries: 512 (order 0, 4096 bytes)
[    0.275888] FS-Cache: Loaded
[    0.276650] CacheFiles: Loaded
[    0.277386] pnp: PnP ACPI init
[    0.278775] pnp: PnP ACPI: found 5 devices
[    0.285925] clocksource: acpi_pm: mask: 0xffffff max_cycles: 0xffffff, max_idle_ns: 2085701024 ns
[    0.287852] NET: Registered protocol family 2
[    0.288978] TCP established hash table entries: 8192 (order: 4, 65536 bytes)
[    0.290466] TCP bind hash table entries: 8192 (order: 5, 131072 bytes)
[    0.292729] TCP: Hash tables configured (established 8192 bind 8192)
[    0.294127] UDP hash table entries: 512 (order: 2, 16384 bytes)
[    0.295400] UDP-Lite hash table entries: 512 (order: 2, 16384 bytes)
[    0.296777] NET: Registered protocol family 1
[    0.297793] pci 0000:00:01.0: Video device with shadowed ROM at [mem 0x000c0000-0x000dffff]
[    0.299694] Trying to unpack rootfs image as initramfs...
[    1.958831] Freeing initrd memory: 88584K
[    1.961126] PCLMULQDQ-NI instructions are not detected.
[    1.962291] AVX or AES-NI instructions are not detected.
[    1.963429] CPU feature 'AVX registers' is not supported.
[    1.964570] CPU feature 'AVX registers' is not supported.
[    1.965711] CPU feature 'AVX registers' is not supported.
[    1.966863] CPU feature 'AVX registers' is not supported.
[    1.968009] AVX2 or AES-NI instructions are not detected.
[    1.969192] AVX2 instructions are not detected.
[    1.970395] audit: initializing netlink subsys (disabled)
[    1.980058] audit: type=2000 audit(1566493269.923:1): state=initialized audit_enabled=0 res=1
[    2.092645] workingset: timestamp_bits=46 max_order=18 bucket_order=0
[    2.094257] squashfs: version 4.0 (2009/01/31) Phillip Lougher
[    2.095599] FS-Cache: Netfs 'cifs' registered for caching
[    2.096788] fuse init (API version 7.26)
[    2.097766] SGI XFS with ACLs, security attributes, no debug enabled
[    2.099365] 9p: Installing v9fs 9p2000 file system support
[    2.100556] FS-Cache: Netfs '9p' registered for caching
[    2.103586] NET: Registered protocol family 38
[    2.104565] Key type asymmetric registered
[    2.105486] Asymmetric key parser 'x509' registered
[    2.106554] Block layer SCSI generic (bsg) driver version 0.4 loaded (major 248)
[    2.108163] io scheduler noop registered
[    2.109046] io scheduler deadline registered (default)
[    2.110183] io scheduler cfq registered
[    2.111049] io scheduler mq-deadline registered
[    2.112029] io scheduler kyber registered
[    2.113015] shpchp: Standard Hot Plug PCI Controller Driver version: 0.4
[    2.114418] hv_vmbus: registering driver hyperv_fb
[    2.115539] input: Power Button as /devices/LNXSYSTM:00/LNXPWRBN:00/input/input0
[    2.117125] ACPI: Power Button [PWRF]
[    2.118020] button: probe of LNXPWRBN:00 failed with error -22
[    2.119880] ACPI: PCI Interrupt Link [GSIG] enabled at IRQ 22
[    2.121196] virtio-pci 0000:00:02.0: virtio_pci: leaving for legacy driver
[    2.123383] ACPI: PCI Interrupt Link [GSIH] enabled at IRQ 23
[    2.124658] virtio-pci 0000:00:03.0: virtio_pci: leaving for legacy driver
[    2.126548] Serial: 8250/16550 driver, 4 ports, IRQ sharing disabled
[    2.150517] 00:04: ttyS0 at I/O 0x3f8 (irq = 4, base_baud = 115200) is a 16550A
[    2.152687] Non-volatile memory driver v1.3
[    2.153843] !!! Set our kernel_init_done FLAG !!!
[    2.155135] Hangcheck: starting hangcheck timer 0.9.1 (tick is 180 seconds, margin is 60 seconds).
[    2.158070] random: crng init done
[    2.160532] brd: module loaded
[    2.162721] loop: module loaded
[    2.166455] lpc_ich 0000:00:1f.0: RCBA is disabled by hardware/BIOS, device disabled
[    2.168155] lpc_ich 0000:00:1f.0: I/O space for GPIO uninitialized
[    2.169444] lpc_ich 0000:00:1f.0: No MFD cells added
[    2.170654] VMware PVSCSI driver - version 1.0.7.0-k
[    2.171743] hv_vmbus: registering driver hv_storvsc
[    2.173317] ACPI: PCI Interrupt Link [GSIA] enabled at IRQ 16
[    2.175234] ahci 0000:00:1f.2: AHCI 0001.0000 32 slots 6 ports 1.5 Gbps 0x3f impl SATA mode
[    2.176989] ahci 0000:00:1f.2: flags: ncq only 
[    2.178976] scsi host0: ahci
[    2.179754] scsi host1: ahci
[    2.180547] scsi host2: ahci
[    2.181314] scsi host3: ahci
[    2.182084] scsi host4: ahci
[    2.182865] scsi host5: ahci
[    2.183603] ata1: SATA max UDMA/133 abar m4096@0xfebd2000 port 0xfebd2100 irq 24
[    2.185184] ata2: SATA max UDMA/133 abar m4096@0xfebd2000 port 0xfebd2180 irq 24
[    2.186759] ata3: SATA max UDMA/133 abar m4096@0xfebd2000 port 0xfebd2200 irq 24
[    2.188340] ata4: SATA max UDMA/133 abar m4096@0xfebd2000 port 0xfebd2280 irq 24
[    2.189954] ata5: SATA max UDMA/133 abar m4096@0xfebd2000 port 0xfebd2300 irq 24
[    2.191549] ata6: SATA max UDMA/133 abar m4096@0xfebd2000 port 0xfebd2380 irq 24
[    2.193661] tun: Universal TUN/TAP device driver, 1.6
[    2.195670] VMware vmxnet3 virtual NIC driver - version 1.4.a.0-k-NAPI
[    2.197075] hv_vmbus: registering driver hv_netvsc
[    2.198106] Fusion MPT base driver 3.04.20
[    2.199021] Copyright (c) 1999-2008 LSI Corporation
[    2.200093] Fusion MPT SPI Host driver 3.04.20
[    2.201114] i8042: PNP: PS/2 Controller [PNP0303:KBD,PNP0f13:MOU] at 0x60,0x64 irq 1,12
[    2.203645] serio: i8042 KBD port at 0x60,0x64 irq 1
[    2.204718] serio: i8042 AUX port at 0x60,0x64 irq 12
[    2.206000] hv_vmbus: registering driver hyperv_keyboard
[    2.207273] mousedev: PS/2 mouse device common for all mice
[    2.208840] input: AT Translated Set 2 keyboard as /devices/platform/i8042/serio0/input/input1
[    2.211048] input: PC Speaker as /devices/platform/pcspkr/input/input3
[    2.212611] rtc_cmos 00:00: RTC can wake from S4
[    2.214013] rtc_cmos 00:00: rtc core: registered rtc_cmos as rtc0
[    2.215579] rtc_cmos 00:00: alarms up to one day, 114 bytes nvram, hpet irqs
[    2.217084] i2c /dev entries driver
[    2.217980] device-mapper: ioctl: 4.37.0-ioctl (2017-09-20) initialised: dm-devel@redhat.com
[    2.219956] usbcore: registered new interface driver usbhid
[    2.221187] usbhid: USB HID core driver
[    2.222104] hv_utils: Registering HyperV Utility Driver
[    2.223260] hv_vmbus: registering driver hv_util
[    2.224287] hv_vmbus: registering driver hv_balloon
[    2.225363] oprofile: using NMI interrupt.
[    2.226324] GACT probability on
[    2.227092] Mirror/redirect action on
[    2.227946] Simple TC action Loaded
[    2.228766] u32 classifier
[    2.229442]     Performance counters on
[    2.230337]     input device check on
[    2.231295]     Actions configured
[    2.232137] Netfilter messages via NETLINK v0.30.
[    2.233193] nfnl_acct: registering with nfnetlink.
[    2.234301] nf_conntrack version 0.5.0 (8192 buckets, 32768 max)
[    2.235636] ctnetlink v0.93: registering with nfnetlink.
[    2.236856] nf_tables: (c) 2007-2009 Patrick McHardy <kaber@trash.net>
[    2.238254] nf_tables_compat: (c) 2012 Pablo Neira Ayuso <pablo@netfilter.org>
[    2.239891] xt_time: kernel timezone is -0000
[    2.240902] ip_set: protocol 6
[    2.241657] IPVS: Registered protocols (TCP, UDP, SCTP, AH, ESP)
[    2.242966] IPVS: Connection hash table configured (size=4096, memory=64Kbytes)
[    2.244646] IPVS: ipvs loaded.
[    2.245395] IPVS: [rr] scheduler registered.
[    2.246361] IPVS: [wrr] scheduler registered.
[    2.247379] IPVS: [lc] scheduler registered.
[    2.248352] IPVS: [wlc] scheduler registered.
[    2.249340] IPVS: [fo] scheduler registered.
[    2.250326] IPVS: [ovf] scheduler registered.
[    2.251320] IPVS: [lblc] scheduler registered.
[    2.252327] IPVS: [lblcr] scheduler registered.
[    2.253348] IPVS: [dh] scheduler registered.
[    2.254313] IPVS: [sh] scheduler registered.
[    2.255285] IPVS: [sed] scheduler registered.
[    2.256272] IPVS: [nq] scheduler registered.
[    2.257244] IPVS: ftp: loaded support on port[0] = 21
[    2.258407] ipip: IPv4 and MPLS over IPv4 tunneling driver
[    2.259715] gre: GRE over IPv4 demultiplexor driver
[    2.260865] ip_tables: (C) 2000-2006 Netfilter Core Team
[    2.262084] ipt_CLUSTERIP: ClusterIP Version 0.8 loaded successfully
[    2.263463] arp_tables: arp_tables: (C) 2002 David S. Miller
[    2.264733] NET: Registered protocol family 10
[    2.265990] Segment Routing with IPv6
[    2.275119] ip6_tables: (C) 2000-2006 Netfilter Core Team
[    2.276508] NET: Registered protocol family 17
[    2.277531] Bridge firewalling registered
[    2.278460] Ebtables v2.0 registered
[    2.279331] 8021q: 802.1Q VLAN Support v1.8
[    2.280315] 9pnet: Installing 9P2000 support
[    2.281300] Key type dns_resolver registered
[    2.282366] sched_clock: Marking stable (2280287917, 0)->(2691311195, -411023278)
[    2.284135] registered taskstats version 1
[    2.291111] Key type big_key registered
[    2.294901] Key type encrypted registered
[    2.296159] rtc_cmos 00:00: setting system clock to 2019-08-22 17:01:09 UTC (1566493269)
[    2.523681] ata3: SATA link up 1.5 Gbps (SStatus 113 SControl 300)
[    2.526589] ata3.00: ATAPI: QEMU DVD-ROM, 2.5+, max UDMA/100
[    2.528955] ata3.00: applying bridge limits
[    2.531133] ata5: SATA link down (SStatus 0 SControl 300)
[    2.533654] ata4: SATA link down (SStatus 0 SControl 300)
[    2.536185] ata6: SATA link down (SStatus 0 SControl 300)
[    2.538705] ata2: SATA link down (SStatus 0 SControl 300)
[    2.541130] ata1: SATA link down (SStatus 0 SControl 300)
[    2.543471] ata3.00: configured for UDMA/100
[    2.545757] scsi 2:0:0:0: CD-ROM            QEMU     QEMU DVD-ROM     2.5+ PQ: 0 ANSI: 5
[    2.590521] sr 2:0:0:0: [sr0] scsi3-mmc drive: 4x/4x cd/rw xa/form2 tray
[    2.593371] cdrom: Uniform CD-ROM driver Revision: 3.20
[    2.596175] sr 2:0:0:0: Attached scsi generic sg0 type 5
[    2.603666] Freeing unused kernel memory: 1876K
[    2.605597] Write protecting the kernel read-only data: 24576k
[    2.609218] Freeing unused kernel memory: 2024K
[    2.618875] Freeing unused kernel memory: 904K
[    3.040076] tsc: Refined TSC clocksource calibration: 2993.204 MHz
[    3.041444] clocksource: tsc: mask: 0xffffffffffffffff max_cycles: 0x2b253149a2c, max_idle_ns: 440795254665 ns

Welcome to LinuxKit

                        ##         .
                  ## ## ##        ==
               ## ## ## ## ##    ===
           /"""""""""""""""""\___/ ===
          {                       /  ===-
           \______ O           __/
             \    \         __/
              \____\_______/



Welcome to LinuxKit

                        ##[    4.454141] We reached unpopular paths: fs/namespace.c:2377
[    4.454151] We reached unpopular paths: fs/pnode.c:265
[    4.454152] We reached unpopular paths: fs/pnode.c:201
[    4.454153] We reached unpopular paths: fs/pnode.c:203
[    4.454154] We reached unpopular paths: fs/pnode.c:210
[    4.454154] We reached unpopular paths: fs/pnode.c:219
[    4.454155] We reached unpopular paths: fs/pnode.c:210
         .
                  ## ## ##        ==
               ## ## ## ## #[    4.454156] We reached unpopular paths: fs/pnode.c:214
[    4.454157] We reached unpopular paths: fs/pnode.c:402
[    4.483026] We reached unpopular paths: fs/namei.c:3776
[    4.484569] We reached unpopular paths: kernel/cgroup/cgroup.c:4899
[    4.484570] We reached unpopular paths: kernel/cgroup/cgroup.c:4905
[    4.484571] We reached unpopular paths: kernel/cgroup/cgroup.c:4824
[    4.484574] We reached unpopular paths: kernel/cgroup/cpuset.c:2100
#    ===
           /"""""""""""""""""___/ [    4.484575] We reached unpopular paths: kernel/cgroup/cpuset.c:154
[    4.484618] We reached unpopular paths: kernel/cgroup/cpuset.c:2131
[    4.484619] We reached unpopular paths: kernel/cgroup/cgroup.c:4950
[    4.484677] We reached unpopular paths: kernel/cgroup/cpuset.c:1872
===
          {                      [    4.484679] We reached unpopular paths: kernel/cgroup/cpuset.c:1896
[    4.484718] We reached unpopular paths: kernel/cgroup/cpuset.c:1872
[    4.484719] We reached unpopular paths: kernel/cgroup/cpuset.c:1896
 /  ===-
           ______ O      [    4.484764] We reached unpopular paths: kernel/cgroup/cpuset.c:1872
[    4.484765] We reached unpopular paths: kernel/cgroup/cpuset.c:1896
[    4.484801] We reached unpopular paths: kernel/cgroup/cpuset.c:1872
[    4.484802] We reached unpopular paths: kernel/cgroup/cpuset.c:1896
     __/
                          __/
     [    4.484856] We reached unpopular paths: kernel/cgroup/cpuset.c:513
[    4.484857] We reached unpopular paths: kernel/cgroup/cpuset.c:154
[    4.484858] We reached unpopular paths: kernel/cgroup/cgroup.c:3991
[    4.484858] We reached unpopular paths: kernel/cgroup/cpuset.c:563
[    4.484859] We reached unpopular paths: kernel/cgroup/cpuset.c:1075
[    4.484860] We reached unpopular paths: kernel/cgroup/cpuset.c:971
         ___________/

linuxkit-5ebc163c0dee login: root (automatic login)

Welcome to LinuxKit!

NOTE: This system is namespaced.
The namespace you are currently in may not be the root.
[    4.484861] We reached unpopular paths: kernel/cgroup/cpuset.c:154
[    4.484861] We reached unpopular paths: kernel/cgroup/cpuset.c:994
[    4.484863] We reached unpopular paths: kernel/cgroup/cgroup.c:4249
[    4.484863] We reached unpopular paths: kernel/cgroup/cgroup.c:4179
[    4.484864] We reached unpopular paths: kernel/cgroup/cgroup.c:4381
[    4.484865] We reached unpopular paths: kernel/cgroup/cgroup.c:4394
[    4.484866] We reached unpopular paths: kernel/cgroup/cpuset.c:1014
[    4.484867] We reached unpopular paths: kernel/cgroup/cpuset.c:1018
[    4.484867] We reached unpopular paths: kernel/cgroup/cpuset.c:897
[    4.484868] We reached unpopular paths: kernel/cgroup/cpuset.c:899
[    4.484869] We reached unpopular paths: kernel/cgroup/cpuset.c:701
[    4.484870] We reached unpopular paths: kernel/sched/topology.c:1897
[    4.484870] We reached unpopular paths: kernel/sched/topology.c:1899
[    4.484871] We reached unpopular paths: kernel/sched/topology.c:1906
[    4.484872] We reached unpopular paths: kernel/cgroup/cpuset.c:707
[    4.484873] We reached unpopular paths: kernel/cgroup/cpuset.c:608
[    4.484873] We reached unpopular paths: kernel/cgroup/cpuset.c:588
[    4.484874] We reached unpopular paths: kernel/cgroup/cgroup.c:3991
[    4.484875] We reached unpopular paths: kernel/cgroup/cgroup.c:4035
[    4.484875] We reached unpopular paths: kernel/cgroup/cpuset.c:608
[    4.484876] We reached unpopular paths: kernel/cgroup/cpuset.c:588
[    4.484877] We reached unpopular paths: kernel/cgroup/cpuset.c:612
[    4.484879] We reached unpopular paths: fs/proc/proc_sysctl.c:1798
[    4.484879] We reached unpopular paths: fs/proc/proc_sysctl.c:1715
[    4.484880] We reached unpopular paths: fs/proc/proc_sysctl.c:323
[    4.484881] We reached unpopular paths: fs/proc/proc_sysctl.c:1715
[    4.484882] We reached unpopular paths: fs/proc/proc_sysctl.c:323
[    4.484883] We reached unpopular paths: fs/proc/proc_sysctl.c:1715
[    4.484883] We reached unpopular paths: fs/proc/proc_sysctl.c:323
[    4.484885] We reached unpopular paths: kernel/sched/topology.c:2031
[    4.484885] We reached unpopular paths: kernel/sched/topology.c:2037
[    4.484886] We reached unpopular paths: kernel/sched/topology.c:2049
[    4.484894] We reached unpopular paths: kernel/cgroup/cpuset.c:1852
[    4.484895] We reached unpopular paths: kernel/cgroup/cpuset.c:468
[    4.484931] We reached unpopular paths: kernel/cgroup/cpuset.c:1328
[    4.484933] We reached unpopular paths: kernel/cgroup/cpuset.c:513
[    4.484933] We reached unpopular paths: kernel/cgroup/cpuset.c:154
[    4.484934] We reached unpopular paths: kernel/cgroup/cgroup.c:3991
[    4.484935] We reached unpopular paths: kernel/cgroup/cpuset.c:563
[    4.484935] We reached unpopular paths: kernel/cgroup/cpuset.c:1350
[    4.484936] We reached unpopular paths: kernel/cgroup/cpuset.c:1248
[    4.484937] We reached unpopular paths: kernel/cgroup/cpuset.c:154
[    4.484938] We reached unpopular paths: kernel/cgroup/cpuset.c:1271
[    4.484939] We reached unpopular paths: kernel/cgroup/cgroup.c:4249
[    4.484939] We reached unpopular paths: kernel/cgroup/cgroup.c:4179
[    4.484940] We reached unpopular paths: kernel/cgroup/cgroup.c:4381
[    4.484941] We reached unpopular paths: kernel/cgroup/cgroup.c:4394
[    4.484941] We reached unpopular paths: kernel/cgroup/cpuset.c:1286
[    4.484942] We reached unpopular paths: kernel/cgroup/cpuset.c:1852
[    4.484943] We reached unpopular paths: kernel/cgroup/cpuset.c:468
[    4.484990] We reached unpopular paths: security/commoncap.c:1172
[    4.484994] We reached unpopular paths: kernel/cgroup/cpuset.c:1147
[    4.484995] We reached unpopular paths: kernel/cgroup/cpuset.c:1151
[    4.484996] We reached unpopular paths: kernel/cgroup/cpuset.c:1161
[    4.484997] We reached unpopular paths: kernel/cgroup/cpuset.c:1672
[    4.484998] We reached unpopular paths: kernel/cgroup/cgroup.c:2400
[    4.485889] We reached unpopular paths: kernel/cgroup/cgroup.c:4899
[    4.485890] We reached unpopular paths: kernel/cgroup/cgroup.c:4905
[    4.485892] We reached unpopular paths: kernel/cgroup/cgroup.c:4824
[    4.485897] We reached unpopular paths: kernel/cgroup/cgroup.c:4950
[    4.485943] We reached unpopular paths: kernel/cgroup/cgroup.c:2400
[    4.487205] We reached unpopular paths: kernel/cgroup/cgroup.c:4899
[    4.487205] We reached unpopular paths: kernel/cgroup/cgroup.c:4905
[    4.487213] We reached unpopular paths: mm/page-writeback.c:683
[    4.487324] We reached unpopular paths: kernel/cgroup/cgroup.c:4824
[    4.487329] We reached unpopular paths: kernel/cgroup/cgroup.c:4950
[    4.487405] We reached unpopular paths: kernel/cgroup/cgroup.c:2400
[    4.488231] We reached unpopular paths: kernel/cgroup/cgroup.c:4899
[    4.488231] We reached unpopular paths: kernel/cgroup/cgroup.c:4905
[    4.488232] We reached unpopular paths: kernel/sched/core.c:6522
[    4.488238] We reached unpopular paths: kernel/cgroup/cgroup.c:4824
[    4.488242] We reached unpopular paths: kernel/sched/core.c:6543
[    4.488244] We reached unpopular paths: kernel/cgroup/cgroup.c:4950
[    4.488290] We reached unpopular paths: kernel/sched/core.c:6624
[    4.488297] We reached unpopular paths: kernel/cgroup/cgroup.c:2400
[    4.489122] We reached unpopular paths: kernel/cgroup/cgroup.c:4899
[    4.489123] We reached unpopular paths: kernel/cgroup/cgroup.c:4905
[    4.489128] We reached unpopular paths: kernel/cgroup/cgroup.c:4824
[    4.489132] We reached unpopular paths: kernel/cgroup/cgroup.c:4950
[    4.489182] We reached unpopular paths: kernel/cgroup/cgroup.c:2400
[    4.510743] We reached unpopular paths: kernel/cgroup/cgroup.c:4899
[    4.510744] We reached unpopular paths: kernel/cgroup/cgroup.c:4905
[    4.510746] We reached unpopular paths: kernel/cgroup/cgroup.c:4824
[    4.510750] We reached unpopular paths: kernel/cgroup/cgroup.c:4950
[    4.510867] We reached unpopular paths: kernel/cgroup/cgroup.c:2400
[    4.512052] We reached unpopular paths: kernel/cgroup/cgroup.c:4899
[    4.512053] We reached unpopular paths: kernel/cgroup/cgroup.c:4905
[    4.512055] We reached unpopular paths: kernel/cgroup/cgroup.c:4824
[    4.512059] We reached unpopular paths: kernel/cgroup/cgroup.c:4950
[    4.512157] We reached unpopular paths: kernel/cgroup/cgroup.c:2400
[    4.513270] We reached unpopular paths: kernel/cgroup/cgroup.c:4899
[    4.513270] We reached unpopular paths: kernel/cgroup/cgroup.c:4905
[    4.513272] We reached unpopular paths: kernel/cgroup/cgroup.c:4824
[    4.513275] We reached unpopular paths: kernel/cgroup/cgroup.c:4950
[    4.513346] We reached unpopular paths: kernel/cgroup/cgroup.c:2400
[    4.521083] We reached unpopular paths: kernel/cgroup/cgroup.c:4899
[    4.521084] We reached unpopular paths: kernel/cgroup/cgroup.c:4905
[    4.521085] We reached unpopular paths: kernel/cgroup/cgroup.c:4824
[    4.521089] We reached unpopular paths: kernel/cgroup/cgroup.c:4950
[    4.521153] We reached unpopular paths: fs/file.c:1021
[    4.521154] We reached unpopular paths: fs/file.c:1032
[    4.521155] We reached unpopular paths: kernel/cgroup/cgroup.c:2400
[    4.522238] We reached unpopular paths: kernel/cgroup/cgroup.c:4899
[    4.522239] We reached unpopular paths: kernel/cgroup/cgroup.c:4905
[    4.522240] We reached unpopular paths: kernel/cgroup/cgroup.c:4824
[    4.522246] We reached unpopular paths: kernel/cgroup/cgroup.c:4950
[    4.522310] We reached unpopular paths: kernel/cgroup/cgroup.c:910
[    4.522316] We reached unpopular paths: fs/file.c:1021
[    4.522317] We reached unpopular paths: fs/file.c:1032
[    4.522318] We reached unpopular paths: kernel/cgroup/cgroup.c:2400
[    4.523335] We reached unpopular paths: kernel/cgroup/cgroup.c:4899
[    4.523336] We reached unpopular paths: kernel/cgroup/cgroup.c:4905
[    4.523339] We reached unpopular paths: kernel/cgroup/cgroup.c:4824
[    4.523342] We reached unpopular paths: kernel/cgroup/cgroup.c:4950
[    4.523381] We reached unpopular paths: kernel/events/core.c:88
[    4.523382] We reached unpopular paths: kernel/cgroup/cgroup.c:2400
[    4.524203] We reached unpopular paths: kernel/cgroup/cgroup.c:4899
[    4.524204] We reached unpopular paths: kernel/cgroup/cgroup.c:4905
[    4.524205] We reached unpopular paths: kernel/cgroup/cgroup.c:4824
[    4.524208] We reached unpopular paths: kernel/cgroup/cgroup.c:4950
[    4.524248] We reached unpopular paths: kernel/freezer.c:172
[    4.524249] We reached unpopular paths: kernel/cgroup/cgroup.c:2400
[    4.550254] We reached unpopular paths: fs/namespace.c:283
[    4.550255] We reached unpopular paths: fs/namespace.c:2463
[    4.551518] We reached unpopular paths: kernel/exit.c:622
[    4.551531] We reached unpopular paths: kernel/exit.c:622
[    4.564422] We reached unpopular paths: net/ipv4/devinet.c:2197
[    4.564423] We reached unpopular paths: net/ipv4/devinet.c:2238
[    4.564458] We reached unpopular paths: net/ipv4/devinet.c:2242
[    4.564483] We reached unpopular paths: net/ipv4/sysctl_net_ipv4.c:149
[    4.564643] We reached unpopular paths: kernel/sysctl.c:2746
[    4.564691] We reached unpopular paths: kernel/sysctl.c:2746
[    4.564792] We reached unpopular paths: net/ipv4/devinet.c:2197
[    4.564817] We reached unpopular paths: net/ipv4/devinet.c:2197
[    4.571563] We reached unpopular paths: fs/pnode.c:201
[    4.571564] We reached unpopular paths: fs/pnode.c:203
[    4.571564] We reached unpopular paths: fs/pnode.c:210
[    4.571565] We reached unpopular paths: fs/pnode.c:214
[    4.571565] We reached unpopular paths: fs/pnode.c:402
[    4.571681] We reached unpopular paths: fs/statfs.c:21
[    4.571687] We reached unpopular paths: fs/xattr.c:461
[    4.571688] We reached unpopular paths: security/security.c:864
[    4.571688] We reached unpopular paths: fs/xattr.c:434
[    4.571689] We reached unpopular paths: fs/xattr.c:84
[    4.571689] We reached unpopular paths: fs/xattr.c:461
[    4.571690] We reached unpopular paths: security/security.c:864
[    4.571690] We reached unpopular paths: fs/xattr.c:434
[    4.571691] We reached unpopular paths: fs/xattr.c:84
[    4.571697] We reached unpopular paths: fs/namei.c:3670
[    4.571697] We reached unpopular paths: fs/namei.c:3674
[    4.571699] We reached unpopular paths: mm/shmem.c:3279
[    4.571700] We reached unpopular paths: fs/namei.c:3682
[    4.571700] We reached unpopular paths: fs/namei.c:3688
[    4.571701] We reached unpopular paths: fs/namei.c:3693
[    4.571706] We reached unpopular paths: fs/xattr.c:461
[    4.571707] We reached unpopular paths: security/security.c:864
[    4.571707] We reached unpopular paths: fs/xattr.c:434
[    4.571723] We reached unpopular paths: fs/pnode.c:201
[    4.571724] We reached unpopular paths: fs/pnode.c:203
[    4.571724] We reached unpopular paths: fs/pnode.c:210
[    4.571725] We reached unpopular paths: fs/pnode.c:214
[    4.571725] We reached unpopular paths: fs/pnode.c:402
[    4.591047] We reached unpopular paths: fs/namei.c:3776
[    4.592243] We reached unpopular paths: kernel/cgroup/cgroup.c:4899
[    4.592244] We reached unpopular paths: kernel/cgroup/cgroup.c:4905
[    4.592245] We reached unpopular paths: kernel/cgroup/cgroup.c:4824
[    4.592247] We reached unpopular paths: kernel/cgroup/cpuset.c:2100
[    4.592248] We reached unpopular paths: kernel/cgroup/cpuset.c:154
[    4.592249] We reached unpopular paths: kernel/cgroup/cpuset.c:2131
[    4.592250] We reached unpopular paths: kernel/cgroup/cgroup.c:4950
[    4.592298] We reached unpopular paths: kernel/cgroup/cpuset.c:1872
[    4.592300] We reached unpopular paths: kernel/cgroup/cpuset.c:1896
[    4.592330] We reached unpopular paths: kernel/cgroup/cpuset.c:1872
[    4.592331] We reached unpopular paths: kernel/cgroup/cpuset.c:1896
[    4.592361] We reached unpopular paths: kernel/cgroup/cpuset.c:1872
[    4.592362] We reached unpopular paths: kernel/cgroup/cpuset.c:1896
[    4.592386] We reached unpopular paths: kernel/cgroup/cpuset.c:1872
[    4.592387] We reached unpopular paths: kernel/cgroup/cpuset.c:1896
[    4.592425] We reached unpopular paths: kernel/cgroup/cpuset.c:513
[    4.592425] We reached unpopular paths: kernel/cgroup/cpuset.c:154
[    4.592426] We reached unpopular paths: kernel/cgroup/cgroup.c:3991
[    4.592426] We reached unpopular paths: kernel/cgroup/cgroup.c:3991
[    4.592427] We reached unpopular paths: kernel/cgroup/cpuset.c:563
[    4.592428] We reached unpopular paths: kernel/cgroup/cpuset.c:1075
[    4.592428] We reached unpopular paths: kernel/cgroup/cpuset.c:971
[    4.592429] We reached unpopular paths: kernel/cgroup/cpuset.c:154
[    4.592429] We reached unpopular paths: kernel/cgroup/cpuset.c:994
[    4.592430] We reached unpopular paths: kernel/cgroup/cgroup.c:4249
[    4.592431] We reached unpopular paths: kernel/cgroup/cgroup.c:4179
[    4.592432] We reached unpopular paths: kernel/cgroup/cgroup.c:4381
[    4.592433] We reached unpopular paths: kernel/cgroup/cgroup.c:4394
[    4.592433] We reached unpopular paths: kernel/cgroup/cpuset.c:1014
[    4.592434] We reached unpopular paths: kernel/cgroup/cpuset.c:1018
[    4.592434] We reached unpopular paths: kernel/cgroup/cpuset.c:897
[    4.592435] We reached unpopular paths: kernel/cgroup/cpuset.c:899
[    4.592435] We reached unpopular paths: kernel/cgroup/cpuset.c:701
[    4.592436] We reached unpopular paths: kernel/sched/topology.c:1897
[    4.592437] We reached unpopular paths: kernel/sched/topology.c:1899
[    4.592437] We reached unpopular paths: kernel/sched/topology.c:1906
[    4.592438] We reached unpopular paths: kernel/cgroup/cpuset.c:707
[    4.592438] We reached unpopular paths: kernel/cgroup/cpuset.c:608
[    4.592439] We reached unpopular paths: kernel/cgroup/cpuset.c:588
[    4.592439] We reached unpopular paths: kernel/cgroup/cgroup.c:3991
[    4.592440] We reached unpopular paths: kernel/cgroup/cgroup.c:4035
[    4.592440] We reached unpopular paths: kernel/cgroup/cpuset.c:608
[    4.592441] We reached unpopular paths: kernel/cgroup/cpuset.c:588
[    4.592441] We reached unpopular paths: kernel/cgroup/cgroup.c:3991
[    4.592442] We reached unpopular paths: kernel/cgroup/cgroup.c:4043
[    4.592442] We reached unpopular paths: kernel/cgroup/cpuset.c:608
[    4.592443] We reached unpopular paths: kernel/cgroup/cpuset.c:588
[    4.592443] We reached unpopular paths: kernel/cgroup/cpuset.c:612
[    4.592445] We reached unpopular paths: fs/proc/proc_sysctl.c:1798
[    4.592445] We reached unpopular paths: fs/proc/proc_sysctl.c:1715
[    4.592446] We reached unpopular paths: fs/proc/proc_sysctl.c:323
[    4.592447] We reached unpopular paths: fs/proc/proc_sysctl.c:1715
[    4.592447] We reached unpopular paths: fs/proc/proc_sysctl.c:323
[    4.592448] We reached unpopular paths: fs/proc/proc_sysctl.c:1715
[    4.592449] We reached unpopular paths: fs/proc/proc_sysctl.c:323
[    4.592449] We reached unpopular paths: kernel/sched/topology.c:2031
[    4.592450] We reached unpopular paths: kernel/sched/topology.c:2037
[    4.592451] We reached unpopular paths: kernel/sched/topology.c:2049
[    4.592458] We reached unpopular paths: kernel/cgroup/cpuset.c:1852
[    4.592458] We reached unpopular paths: kernel/cgroup/cpuset.c:468
[    4.592485] We reached unpopular paths: kernel/cgroup/cpuset.c:1328
[    4.592486] We reached unpopular paths: kernel/cgroup/cpuset.c:513
[    4.592486] We reached unpopular paths: kernel/cgroup/cpuset.c:154
[    4.592487] We reached unpopular paths: kernel/cgroup/cgroup.c:3991
[    4.592487] We reached unpopular paths: kernel/cgroup/cgroup.c:3991
[    4.592488] We reached unpopular paths: kernel/cgroup/cpuset.c:563
[    4.592488] We reached unpopular paths: kernel/cgroup/cpuset.c:1350
[    4.592489] We reached unpopular paths: kernel/cgroup/cpuset.c:1248
[    4.592489] We reached unpopular paths: kernel/cgroup/cpuset.c:154
[    4.592490] We reached unpopular paths: kernel/cgroup/cpuset.c:1271
[    4.592491] We reached unpopular paths: kernel/cgroup/cgroup.c:4249
[    4.592491] We reached unpopular paths: kernel/cgroup/cgroup.c:4179
[    4.592492] We reached unpopular paths: kernel/cgroup/cgroup.c:4381
[    4.592492] We reached unpopular paths: kernel/cgroup/cgroup.c:4394
[    4.592493] We reached unpopular paths: kernel/cgroup/cpuset.c:1286
[    4.592494] We reached unpopular paths: kernel/cgroup/cpuset.c:1852
[    4.592494] We reached unpopular paths: kernel/cgroup/cpuset.c:468
[    4.592530] We reached unpopular paths: security/commoncap.c:1172
[    4.592533] We reached unpopular paths: kernel/cgroup/cpuset.c:1147
[    4.592533] We reached unpopular paths: kernel/cgroup/cpuset.c:1151
[    4.592534] We reached unpopular paths: kernel/cgroup/cpuset.c:1161
[    4.592535] We reached unpopular paths: kernel/cgroup/cpuset.c:1672
[    4.592535] We reached unpopular paths: kernel/cgroup/cgroup.c:2400
[    4.593194] We reached unpopular paths: kernel/cgroup/cgroup.c:4899
[    4.593195] We reached unpopular paths: kernel/cgroup/cgroup.c:4905
[    4.593196] We reached unpopular paths: kernel/cgroup/cgroup.c:4824
[    4.593198] We reached unpopular paths: kernel/cgroup/cgroup.c:4950
[    4.593232] We reached unpopular paths: kernel/cgroup/cgroup.c:2400
[    4.594168] We reached unpopular paths: kernel/cgroup/cgroup.c:4899
[    4.594169] We reached unpopular paths: kernel/cgroup/cgroup.c:4905
[    4.598355] We reached unpopular paths: kernel/time/itimer.c:205
[    4.598357] We reached unpopular paths: kernel/time/itimer.c:48
[    4.598359] We reached unpopular paths: kernel/time/itimer.c:253
[    4.598403] We reached unpopular paths: kernel/time/itimer.c:205
[    4.598404] We reached unpopular paths: kernel/time/itimer.c:253
[    4.600467] We reached unpopular paths: mm/page-writeback.c:683
[    4.600473] We reached unpopular paths: kernel/cgroup/cgroup.c:4824
[    4.600477] We reached unpopular paths: kernel/cgroup/cgroup.c:4950
[    4.611357] We reached unpopular paths: kernel/cgroup/cgroup.c:2400
[    4.612321] We reached unpopular paths: kernel/cgroup/cgroup.c:4899
[    4.612322] We reached unpopular paths: kernel/cgroup/cgroup.c:4905
[    4.612322] We reached unpopular paths: kernel/sched/core.c:6522
[    4.612327] We reached unpopular paths: kernel/cgroup/cgroup.c:4824
[    4.612329] We reached unpopular paths: kernel/sched/core.c:6543
[    4.612330] We reached unpopular paths: kernel/cgroup/cgroup.c:4950
[    4.612371] We reached unpopular paths: kernel/sched/core.c:6624
[    4.612375] We reached unpopular paths: kernel/cgroup/cgroup.c:2400
[    4.613236] We reached unpopular paths: kernel/cgroup/cgroup.c:4899
[    4.613236] We reached unpopular paths: kernel/cgroup/cgroup.c:4905
[    4.613238] We reached unpopular paths: kernel/cgroup/cgroup.c:4824
[    4.613240] We reached unpopular paths: kernel/cgroup/cgroup.c:4950
[    4.613300] We reached unpopular paths: kernel/cgroup/cgroup.c:2400
[    4.614173] We reached unpopular paths: kernel/cgroup/cgroup.c:4899
[    4.614174] We reached unpopular paths: kernel/cgroup/cgroup.c:4905
[    4.614184] We reached unpopular paths: kernel/cgroup/cgroup.c:4824
[    4.614195] We reached unpopular paths: kernel/cgroup/cgroup.c:4950
[    4.614230] We reached unpopular paths: kernel/cgroup/cgroup.c:2400
[    4.615070] We reached unpopular paths: kernel/cgroup/cgroup.c:4899
[    4.615070] We reached unpopular paths: kernel/cgroup/cgroup.c:4905
[    4.615072] We reached unpopular paths: kernel/cgroup/cgroup.c:4824
[    4.615074] We reached unpopular paths: kernel/cgroup/cgroup.c:4950
[    4.615154] We reached unpopular paths: kernel/cgroup/cgroup.c:2400
[    4.615990] We reached unpopular paths: kernel/cgroup/cgroup.c:4899
[    4.615991] We reached unpopular paths: kernel/cgroup/cgroup.c:4905
[    4.615992] We reached unpopular paths: kernel/cgroup/cgroup.c:4824
[    4.615994] We reached unpopular paths: kernel/cgroup/cgroup.c:4950
[    4.616033] We reached unpopular paths: kernel/cgroup/cgroup.c:2400
[    4.616727] We reached unpopular paths: kernel/cgroup/cgroup.c:4899
[    4.616728] We reached unpopular paths: kernel/cgroup/cgroup.c:4905
[    4.616729] We reached unpopular paths: kernel/cgroup/cgroup.c:4824
[    4.616731] We reached unpopular paths: kernel/cgroup/cgroup.c:4950
[    4.616762] We reached unpopular paths: fs/file.c:1021
[    4.616763] We reached unpopular paths: fs/file.c:1032
[    4.616764] We reached unpopular paths: kernel/cgroup/cgroup.c:2400
[    4.617440] We reached unpopular paths: kernel/cgroup/cgroup.c:4899
[    4.617441] We reached unpopular paths: kernel/cgroup/cgroup.c:4905
[    4.617442] We reached unpopular paths: kernel/cgroup/cgroup.c:4824
[    4.617445] We reached unpopular paths: kernel/cgroup/cgroup.c:4950
[    4.617484] We reached unpopular paths: fs/file.c:1021
[    4.617485] We reached unpopular paths: fs/file.c:1032
[    4.617485] We reached unpopular paths: kernel/cgroup/cgroup.c:2400
[    4.618153] We reached unpopular paths: kernel/cgroup/cgroup.c:4899
[    4.618154] We reached unpopular paths: kernel/cgroup/cgroup.c:4905
[    4.618156] We reached unpopular paths: kernel/cgroup/cgroup.c:4824
[    4.618157] We reached unpopular paths: kernel/cgroup/cgroup.c:4950
[    4.618188] We reached unpopular paths: kernel/events/core.c:88
[    4.618189] We reached unpopular paths: kernel/cgroup/cgroup.c:2400
[    4.618890] We reached unpopular paths: kernel/cgroup/cgroup.c:4899
[    4.618890] We reached unpopular paths: kernel/cgroup/cgroup.c:4905
[    4.618891] We reached unpopular paths: kernel/cgroup/cgroup.c:4824
[    4.618893] We reached unpopular paths: kernel/cgroup/cgroup.c:4950
[    4.618927] We reached unpopular paths: kernel/freezer.c:172
[    4.618928] We reached unpopular paths: kernel/cgroup/cgroup.c:2400
[    4.681688] 8021q: adding VLAN 0 to HW filter on device eth0
